Archive member included to satisfy reference by file (symbol)

c:/st/stm32cubeide_1.0.2/stm32cubeide/plugins/com.st.stm32cube.ide.mcu.externaltools.gnu-tools-for-stm32.7-2018-q2-update.win32_1.0.0.201904181610/tools/bin/../lib/gcc/arm-none-eabi/7.3.1/../../../../arm-none-eabi/lib/thumb/v7-m\libc_nano.a(lib_a-atoi.o)
                              Src/main.o (atoi)
c:/st/stm32cubeide_1.0.2/stm32cubeide/plugins/com.st.stm32cube.ide.mcu.externaltools.gnu-tools-for-stm32.7-2018-q2-update.win32_1.0.0.201904181610/tools/bin/../lib/gcc/arm-none-eabi/7.3.1/../../../../arm-none-eabi/lib/thumb/v7-m\libc_nano.a(lib_a-exit.o)
                              c:/st/stm32cubeide_1.0.2/stm32cubeide/plugins/com.st.stm32cube.ide.mcu.externaltools.gnu-tools-for-stm32.7-2018-q2-update.win32_1.0.0.201904181610/tools/bin/../lib/gcc/arm-none-eabi/7.3.1/../../../../arm-none-eabi/lib/thumb/v7-m/crt0.o (exit)
c:/st/stm32cubeide_1.0.2/stm32cubeide/plugins/com.st.stm32cube.ide.mcu.externaltools.gnu-tools-for-stm32.7-2018-q2-update.win32_1.0.0.201904181610/tools/bin/../lib/gcc/arm-none-eabi/7.3.1/../../../../arm-none-eabi/lib/thumb/v7-m\libc_nano.a(lib_a-impure.o)
                              c:/st/stm32cubeide_1.0.2/stm32cubeide/plugins/com.st.stm32cube.ide.mcu.externaltools.gnu-tools-for-stm32.7-2018-q2-update.win32_1.0.0.201904181610/tools/bin/../lib/gcc/arm-none-eabi/7.3.1/../../../../arm-none-eabi/lib/thumb/v7-m\libc_nano.a(lib_a-exit.o) (_global_impure_ptr)
c:/st/stm32cubeide_1.0.2/stm32cubeide/plugins/com.st.stm32cube.ide.mcu.externaltools.gnu-tools-for-stm32.7-2018-q2-update.win32_1.0.0.201904181610/tools/bin/../lib/gcc/arm-none-eabi/7.3.1/../../../../arm-none-eabi/lib/thumb/v7-m\libc_nano.a(lib_a-init.o)
                              c:/st/stm32cubeide_1.0.2/stm32cubeide/plugins/com.st.stm32cube.ide.mcu.externaltools.gnu-tools-for-stm32.7-2018-q2-update.win32_1.0.0.201904181610/tools/bin/../lib/gcc/arm-none-eabi/7.3.1/../../../../arm-none-eabi/lib/thumb/v7-m/crt0.o (__libc_init_array)
c:/st/stm32cubeide_1.0.2/stm32cubeide/plugins/com.st.stm32cube.ide.mcu.externaltools.gnu-tools-for-stm32.7-2018-q2-update.win32_1.0.0.201904181610/tools/bin/../lib/gcc/arm-none-eabi/7.3.1/../../../../arm-none-eabi/lib/thumb/v7-m\libc_nano.a(lib_a-memcmp.o)
                              UWB/Pos_functions.o (memcmp)
c:/st/stm32cubeide_1.0.2/stm32cubeide/plugins/com.st.stm32cube.ide.mcu.externaltools.gnu-tools-for-stm32.7-2018-q2-update.win32_1.0.0.201904181610/tools/bin/../lib/gcc/arm-none-eabi/7.3.1/../../../../arm-none-eabi/lib/thumb/v7-m\libc_nano.a(lib_a-memset.o)
                              c:/st/stm32cubeide_1.0.2/stm32cubeide/plugins/com.st.stm32cube.ide.mcu.externaltools.gnu-tools-for-stm32.7-2018-q2-update.win32_1.0.0.201904181610/tools/bin/../lib/gcc/arm-none-eabi/7.3.1/../../../../arm-none-eabi/lib/thumb/v7-m/crt0.o (memset)
c:/st/stm32cubeide_1.0.2/stm32cubeide/plugins/com.st.stm32cube.ide.mcu.externaltools.gnu-tools-for-stm32.7-2018-q2-update.win32_1.0.0.201904181610/tools/bin/../lib/gcc/arm-none-eabi/7.3.1/../../../../arm-none-eabi/lib/thumb/v7-m\libc_nano.a(lib_a-sprintf.o)
                              Src/main.o (sprintf)
c:/st/stm32cubeide_1.0.2/stm32cubeide/plugins/com.st.stm32cube.ide.mcu.externaltools.gnu-tools-for-stm32.7-2018-q2-update.win32_1.0.0.201904181610/tools/bin/../lib/gcc/arm-none-eabi/7.3.1/../../../../arm-none-eabi/lib/thumb/v7-m\libc_nano.a(lib_a-strlcpy.o)
                              Src/usbd_cdc_if.o (strlcpy)
c:/st/stm32cubeide_1.0.2/stm32cubeide/plugins/com.st.stm32cube.ide.mcu.externaltools.gnu-tools-for-stm32.7-2018-q2-update.win32_1.0.0.201904181610/tools/bin/../lib/gcc/arm-none-eabi/7.3.1/../../../../arm-none-eabi/lib/thumb/v7-m\libc_nano.a(lib_a-strtol.o)
                              c:/st/stm32cubeide_1.0.2/stm32cubeide/plugins/com.st.stm32cube.ide.mcu.externaltools.gnu-tools-for-stm32.7-2018-q2-update.win32_1.0.0.201904181610/tools/bin/../lib/gcc/arm-none-eabi/7.3.1/../../../../arm-none-eabi/lib/thumb/v7-m\libc_nano.a(lib_a-atoi.o) (_strtol_r)
c:/st/stm32cubeide_1.0.2/stm32cubeide/plugins/com.st.stm32cube.ide.mcu.externaltools.gnu-tools-for-stm32.7-2018-q2-update.win32_1.0.0.201904181610/tools/bin/../lib/gcc/arm-none-eabi/7.3.1/../../../../arm-none-eabi/lib/thumb/v7-m\libc_nano.a(lib_a-locale.o)
                              c:/st/stm32cubeide_1.0.2/stm32cubeide/plugins/com.st.stm32cube.ide.mcu.externaltools.gnu-tools-for-stm32.7-2018-q2-update.win32_1.0.0.201904181610/tools/bin/../lib/gcc/arm-none-eabi/7.3.1/../../../../arm-none-eabi/lib/thumb/v7-m\libc_nano.a(lib_a-strtol.o) (__locale_ctype_ptr_l)
c:/st/stm32cubeide_1.0.2/stm32cubeide/plugins/com.st.stm32cube.ide.mcu.externaltools.gnu-tools-for-stm32.7-2018-q2-update.win32_1.0.0.201904181610/tools/bin/../lib/gcc/arm-none-eabi/7.3.1/../../../../arm-none-eabi/lib/thumb/v7-m\libc_nano.a(lib_a-mbtowc_r.o)
[...]
Memory Configuration

Name             Origin             Length             Attributes
RAM              0x0000000020000000 0x0000000000005000 xrw
FLASH            0x0000000008000000 0x0000000000020000 xr
*default*        0x0000000000000000 0xffffffffffffffff

Linker script and memory map

LOAD c:/st/stm32cubeide_1.0.2/stm32cubeide/plugins/com.st.stm32cube.ide.mcu.externaltools.gnu-tools-for-stm32.7-2018-q2-update.win32_1.0.0.201904181610/tools/bin/../lib/gcc/arm-none-eabi/7.3.1/thumb/v7-m/crti.o
LOAD c:/st/stm32cubeide_1.0.2/stm32cubeide/plugins/com.st.stm32cube.ide.mcu.externaltools.gnu-tools-for-stm32.7-2018-q2-update.win32_1.0.0.201904181610/tools/bin/../lib/gcc/arm-none-eabi/7.3.1/thumb/v7-m/crtbegin.o
LOAD c:/st/stm32cubeide_1.0.2/stm32cubeide/plugins/com.st.stm32cube.ide.mcu.externaltools.gnu-tools-for-stm32.7-2018-q2-update.win32_1.0.0.201904181610/tools/bin/../lib/gcc/arm-none-eabi/7.3.1/../../../../arm-none-eabi/lib/thumb/v7-m/crt0.o
LOAD Drivers/STM32F1xx_HAL_Driver/Src/stm32f1xx_hal.o
LOAD Drivers/STM32F1xx_HAL_Driver/Src/stm32f1xx_hal_adc.o
LOAD Drivers/STM32F1xx_HAL_Driver/Src/stm32f1xx_hal_adc_ex.o
LOAD Drivers/STM32F1xx_HAL_Driver/Src/stm32f1xx_hal_cortex.o
LOAD Drivers/STM32F1xx_HAL_Driver/Src/stm32f1xx_hal_dma.o
LOAD Drivers/STM32F1xx_HAL_Driver/Src/stm32f1xx_hal_flash.o
LOAD Drivers/STM32F1xx_HAL_Driver/Src/stm32f1xx_hal_flash_ex.o
LOAD Drivers/STM32F1xx_HAL_Driver/Src/stm32f1xx_hal_gpio.o
LOAD Drivers/STM32F1xx_HAL_Driver/Src/stm32f1xx_hal_gpio_ex.o
LOAD Drivers/STM32F1xx_HAL_Driver/Src/stm32f1xx_hal_i2c.o
LOAD Drivers/STM32F1xx_HAL_Driver/Src/stm32f1xx_hal_pcd.o
LOAD Drivers/STM32F1xx_HAL_Driver/Src/stm32f1xx_hal_pcd_ex.o
LOAD Drivers/STM32F1xx_HAL_Driver/Src/stm32f1xx_hal_pwr.o
LOAD Drivers/STM32F1xx_HAL_Driver/Src/stm32f1xx_hal_rcc.o
LOAD Drivers/STM32F1xx_HAL_Driver/Src/stm32f1xx_hal_rcc_ex.o
LOAD Drivers/STM32F1xx_HAL_Driver/Src/stm32f1xx_hal_rtc.o
LOAD Drivers/STM32F1xx_HAL_Driver/Src/stm32f1xx_hal_rtc_ex.o
LOAD Drivers/STM32F1xx_HAL_Driver/Src/stm32f1xx_hal_spi.o
LOAD Drivers/STM32F1xx_HAL_Driver/Src/stm32f1xx_hal_spi_ex.o
LOAD Drivers/STM32F1xx_HAL_Driver/Src/stm32f1xx_hal_tim.o
LOAD Drivers/STM32F1xx_HAL_Driver/Src/stm32f1xx_hal_tim_ex.o
LOAD Drivers/STM32F1xx_HAL_Driver/Src/stm32f1xx_hal_uart.o
LOAD Drivers/STM32F1xx_HAL_Driver/Src/stm32f1xx_ll_usb.o
LOAD Middlewares/ST/STM32_USB_Device_Library/Class/CDC/Src/usbd_cdc.o
LOAD Middlewares/ST/STM32_USB_Device_Library/Core/Src/usbd_core.o
LOAD Middlewares/ST/STM32_USB_Device_Library/Core/Src/usbd_ctlreq.o
LOAD Middlewares/ST/STM32_USB_Device_Library/Core/Src/usbd_ioreq.o
LOAD Src/config.o
LOAD Src/main.o
LOAD Src/sensors.o
LOAD Src/stm32f1xx_hal_msp.o
LOAD Src/stm32f1xx_it.o
LOAD Src/system_stm32f1xx.o
LOAD Src/usb_device.o
LOAD Src/usbd_cdc_if.o
LOAD Src/usbd_conf.o
LOAD Src/usbd_desc.o
LOAD Src/decadriver/deca_device.o
LOAD Src/decadriver/deca_params_init.o
LOAD Src/platform/deca_mutex.o
LOAD Src/platform/deca_range_tables.o
LOAD Src/platform/deca_sleep.o
LOAD Src/platform/deca_spi.o
LOAD Src/platform/lcd.o
LOAD Src/platform/port.o
LOAD UWB/Pos_functions.o
LOAD startup/startup_stm32f103xb.o
START GROUP
LOAD c:/st/stm32cubeide_1.0.2/stm32cubeide/plugins/com.st.stm32cube.ide.mcu.externaltools.gnu-tools-for-stm32.7-2018-q2-update.win32_1.0.0.201904181610/tools/bin/../lib/gcc/arm-none-eabi/7.3.1/../../../../arm-none-eabi/lib/thumb/v7-m\libc_nano.a
LOAD c:/st/stm32cubeide_1.0.2/stm32cubeide/plugins/com.st.stm32cube.ide.mcu.externaltools.gnu-tools-for-stm32.7-2018-q2-update.win32_1.0.0.201904181610/tools/bin/../lib/gcc/arm-none-eabi/7.3.1/../../../../arm-none-eabi/lib/thumb/v7-m\libm.a
END GROUP
START GROUP
LOAD c:/st/stm32cubeide_1.0.2/stm32cubeide/plugins/com.st.stm32cube.ide.mcu.externaltools.gnu-tools-for-stm32.7-2018-q2-update.win32_1.0.0.201904181610/tools/bin/../lib/gcc/arm-none-eabi/7.3.1/thumb/v7-m\libgcc.a
LOAD c:/st/stm32cubeide_1.0.2/stm32cubeide/plugins/com.st.stm32cube.ide.mcu.externaltools.gnu-tools-for-stm32.7-2018-q2-update.win32_1.0.0.201904181610/tools/bin/../lib/gcc/arm-none-eabi/7.3.1/../../../../arm-none-eabi/lib/thumb/v7-m\libc_nano.a
END GROUP
START GROUP
LOAD c:/st/stm32cubeide_1.0.2/stm32cubeide/plugins/com.st.stm32cube.ide.mcu.externaltools.gnu-tools-for-stm32.7-2018-q2-update.win32_1.0.0.201904181610/tools/bin/../lib/gcc/arm-none-eabi/7.3.1/thumb/v7-m\libgcc.a
LOAD c:/st/stm32cubeide_1.0.2/stm32cubeide/plugins/com.st.stm32cube.ide.mcu.externaltools.gnu-tools-for-stm32.7-2018-q2-update.win32_1.0.0.201904181610/tools/bin/../lib/gcc/arm-none-eabi/7.3.1/../../../../arm-none-eabi/lib/thumb/v7-m\libc_nano.a
LOAD c:/st/stm32cubeide_1.0.2/stm32cubeide/plugins/com.st.stm32cube.ide.mcu.externaltools.gnu-tools-for-stm32.7-2018-q2-update.win32_1.0.0.201904181610/tools/bin/../lib/gcc/arm-none-eabi/7.3.1/../../../../arm-none-eabi/lib/thumb/v7-m\libnosys.a
END GROUP
START GROUP
LOAD c:/st/stm32cubeide_1.0.2/stm32cubeide/plugins/com.st.stm32cube.ide.mcu.externaltools.gnu-tools-for-stm32.7-2018-q2-update.win32_1.0.0.201904181610/tools/bin/../lib/gcc/arm-none-eabi/7.3.1/thumb/v7-m\libgcc.a
LOAD c:/st/stm32cubeide_1.0.2/stm32cubeide/plugins/com.st.stm32cube.ide.mcu.externaltools.gnu-tools-for-stm32.7-2018-q2-update.win32_1.0.0.201904181610/tools/bin/../lib/gcc/arm-none-eabi/7.3.1/../../../../arm-none-eabi/lib/thumb/v7-m\libc_nano.a
LOAD c:/st/stm32cubeide_1.0.2/stm32cubeide/plugins/com.st.stm32cube.ide.mcu.externaltools.gnu-tools-for-stm32.7-2018-q2-update.win32_1.0.0.201904181610/tools/bin/../lib/gcc/arm-none-eabi/7.3.1/../../../../arm-none-eabi/lib/thumb/v7-m\libnosys.a
END GROUP
LOAD c:/st/stm32cubeide_1.0.2/stm32cubeide/plugins/com.st.stm32cube.ide.mcu.externaltools.gnu-tools-for-stm32.7-2018-q2-update.win32_1.0.0.201904181610/tools/bin/../lib/gcc/arm-none-eabi/7.3.1/thumb/v7-m/crtend.o
LOAD c:/st/stm32cubeide_1.0.2/stm32cubeide/plugins/com.st.stm32cube.ide.mcu.externaltools.gnu-tools-for-stm32.7-2018-q2-update.win32_1.0.0.201904181610/tools/bin/../lib/gcc/arm-none-eabi/7.3.1/thumb/v7-m/crtn.o
                0x0000000020005000                _estack = 0x20005000
                0x0000000000000200                _Min_Heap_Size = 0x200
                0x0000000000000400                _Min_Stack_Size = 0x400

.isr_vector     0x0000000008000000      0x10c
                0x0000000008000000                . = ALIGN (0x4)
 *(.isr_vector)
 .isr_vector    0x0000000008000000      0x10c startup/startup_stm32f103xb.o
                0x0000000008000000                g_pfnVectors
                0x000000000800010c                . = ALIGN (0x4)

.text           0x000000000800010c     0x68dc
                0x000000000800010c                . = ALIGN (0x4)
 *(.text)
 .text          0x000000000800010c       0x40 c:/st/stm32cubeide_1.0.2/stm32cubeide/plugins/com.st.stm32cube.ide.mcu.externaltools.gnu-tools-for-stm32.7-2018-q2-update.win32_1.0.0.201904181610/tools/bin/../lib/gcc/arm-none-eabi/7.3.1/thumb/v7-m/crtbegin.o
 *(.text*)
 .text.HAL_InitTick
                0x000000000800014c       0x48 Drivers/STM32F1xx_HAL_Driver/Src/stm32f1xx_hal.o
                0x000000000800014c                HAL_InitTick
 .text.HAL_Init
                0x0000000008000194       0x24 Drivers/STM32F1xx_HAL_Driver/Src/stm32f1xx_hal.o
                0x0000000008000194                HAL_Init
 .text.HAL_IncTick
                0x00000000080001b8       0x18 Drivers/STM32F1xx_HAL_Driver/Src/stm32f1xx_hal.o
                0x00000000080001b8                HAL_IncTick
 .text.HAL_GetTick
                0x00000000080001d0        0xc Drivers/STM32F1xx_HAL_Driver/Src/stm32f1xx_hal.o
                0x00000000080001d0                HAL_GetTick
 .text.HAL_Delay
                0x00000000080001dc       0x28 Drivers/STM32F1xx_HAL_Driver/Src/stm32f1xx_hal.o
                0x00000000080001dc                HAL_Delay
 .text.HAL_ADC_ConfigChannel
                0x0000000008000204      0x138 Drivers/STM32F1xx_HAL_Driver/Src/stm32f1xx_hal_adc.o
                0x0000000008000204                HAL_ADC_ConfigChannel
 .text.ADC_ConversionStop_Disable
                0x000000000800033c       0x4c Drivers/STM32F1xx_HAL_Driver/Src/stm32f1xx_hal_adc.o
                0x000000000800033c                ADC_ConversionStop_Disable
 .text.HAL_ADC_Init
                0x0000000008000388      0x110 Drivers/STM32F1xx_HAL_Driver/Src/stm32f1xx_hal_adc.o
                0x0000000008000388                HAL_ADC_Init
 .text.HAL_NVIC_SetPriorityGrouping
                0x0000000008000498       0x24 Drivers/STM32F1xx_HAL_Driver/Src/stm32f1xx_hal_cortex.o
                0x0000000008000498                HAL_NVIC_SetPriorityGrouping
 .text.HAL_NVIC_SetPriority
                0x00000000080004bc       0x68 Drivers/STM32F1xx_HAL_Driver/Src/stm32f1xx_hal_cortex.o
                0x00000000080004bc                HAL_NVIC_SetPriority
 .text.HAL_NVIC_EnableIRQ
                0x0000000008000524       0x18 Drivers/STM32F1xx_HAL_Driver/Src/stm32f1xx_hal_cortex.o
                0x0000000008000524                HAL_NVIC_EnableIRQ
 .text.HAL_NVIC_DisableIRQ
                0x000000000800053c       0x18 Drivers/STM32F1xx_HAL_Driver/Src/stm32f1xx_hal_cortex.o
                0x000000000800053c                HAL_NVIC_DisableIRQ
 .text.HAL_SYSTICK_Config
                0x0000000008000554       0x2c Drivers/STM32F1xx_HAL_Driver/Src/stm32f1xx_hal_cortex.o
                0x0000000008000554                HAL_SYSTICK_Config
 .text.HAL_DMA_Abort_IT
                0x0000000008000580       0x98 Drivers/STM32F1xx_HAL_Driver/Src/stm32f1xx_hal_dma.o
                0x0000000008000580                HAL_DMA_Abort_IT
 .text.HAL_GPIO_Init
                0x0000000008000618      0x1d4 Drivers/STM32F1xx_HAL_Driver/Src/stm32f1xx_hal_gpio.o
                0x0000000008000618                HAL_GPIO_Init
 .text.HAL_GPIO_ReadPin
                0x00000000080007ec        0xe Drivers/STM32F1xx_HAL_Driver/Src/stm32f1xx_hal_gpio.o
                0x00000000080007ec                HAL_GPIO_ReadPin
 .text.HAL_GPIO_WritePin
                0x00000000080007fa        0xc Drivers/STM32F1xx_HAL_Driver/Src/stm32f1xx_hal_gpio.o
                0x00000000080007fa                HAL_GPIO_WritePin
 .text.HAL_GPIO_TogglePin
                0x0000000008000806        0x8 Drivers/STM32F1xx_HAL_Driver/Src/stm32f1xx_hal_gpio.o
                0x0000000008000806                HAL_GPIO_TogglePin
 *fill*         0x000000000800080e        0x2 
 .text.HAL_GPIO_EXTI_IRQHandler
                0x0000000008000810       0x1c Drivers/STM32F1xx_HAL_Driver/Src/stm32f1xx_hal_gpio.o
                0x0000000008000810                HAL_GPIO_EXTI_IRQHandler
 .text.I2C_Master_SB
                0x000000000800082c       0x8a Drivers/STM32F1xx_HAL_Driver/Src/stm32f1xx_hal_i2c.o
 .text.I2C_Master_ADD10
                0x00000000080008b6        0xc Drivers/STM32F1xx_HAL_Driver/Src/stm32f1xx_hal_i2c.o
 .text.I2C_Master_ADDR
                0x00000000080008c2      0x1da Drivers/STM32F1xx_HAL_Driver/Src/stm32f1xx_hal_i2c.o
 .text.I2C_SlaveTransmit_BTF
                0x0000000008000a9c       0x1e Drivers/STM32F1xx_HAL_Driver/Src/stm32f1xx_hal_i2c.o
 .text.I2C_SlaveReceive_BTF
                0x0000000008000aba       0x1e Drivers/STM32F1xx_HAL_Driver/Src/stm32f1xx_hal_i2c.o
 .text.HAL_I2C_Init
                0x0000000008000ad8      0x168 Drivers/STM32F1xx_HAL_Driver/Src/stm32f1xx_hal_i2c.o
                0x0000000008000ad8                HAL_I2C_Init
 .text.HAL_I2C_MasterTxCpltCallback
                0x0000000008000c40        0x2 Drivers/STM32F1xx_HAL_Driver/Src/stm32f1xx_hal_i2c.o
                0x0000000008000c40                HAL_I2C_MasterTxCpltCallback
 .text.HAL_I2C_MasterRxCpltCallback
                0x0000000008000c42        0x2 Drivers/STM32F1xx_HAL_Driver/Src/stm32f1xx_hal_i2c.o
                0x0000000008000c42                HAL_I2C_MasterRxCpltCallback
 .text.HAL_I2C_SlaveTxCpltCallback
                0x0000000008000c44        0x2 Drivers/STM32F1xx_HAL_Driver/Src/stm32f1xx_hal_i2c.o
                0x0000000008000c44                HAL_I2C_SlaveTxCpltCallback
 .text.I2C_SlaveTransmit_TXE
                0x0000000008000c46       0x4a Drivers/STM32F1xx_HAL_Driver/Src/stm32f1xx_hal_i2c.o
 .text.HAL_I2C_SlaveRxCpltCallback
                0x0000000008000c90        0x2 Drivers/STM32F1xx_HAL_Driver/Src/stm32f1xx_hal_i2c.o
                0x0000000008000c90                HAL_I2C_SlaveRxCpltCallback
 .text.I2C_SlaveReceive_RXNE
                0x0000000008000c92       0x4e Drivers/STM32F1xx_HAL_Driver/Src/stm32f1xx_hal_i2c.o
 .text.HAL_I2C_AddrCallback
                0x0000000008000ce0        0x2 Drivers/STM32F1xx_HAL_Driver/Src/stm32f1xx_hal_i2c.o
                0x0000000008000ce0                HAL_I2C_AddrCallback
 .text.I2C_Slave_ADDR
                0x0000000008000ce2       0x28 Drivers/STM32F1xx_HAL_Driver/Src/stm32f1xx_hal_i2c.o
 .text.HAL_I2C_ListenCpltCallback
                0x0000000008000d0a        0x2 Drivers/STM32F1xx_HAL_Driver/Src/stm32f1xx_hal_i2c.o
                0x0000000008000d0a                HAL_I2C_ListenCpltCallback
 .text.I2C_Slave_AF
                0x0000000008000d0c       0x94 Drivers/STM32F1xx_HAL_Driver/Src/stm32f1xx_hal_i2c.o
 .text.HAL_I2C_MemTxCpltCallback
                0x0000000008000da0        0x2 Drivers/STM32F1xx_HAL_Driver/Src/stm32f1xx_hal_i2c.o
                0x0000000008000da0                HAL_I2C_MemTxCpltCallback
 .text.I2C_MasterTransmit_TXE
                0x0000000008000da2      0x146 Drivers/STM32F1xx_HAL_Driver/Src/stm32f1xx_hal_i2c.o
 .text.I2C_MasterTransmit_BTF
                0x0000000008000ee8       0x9c Drivers/STM32F1xx_HAL_Driver/Src/stm32f1xx_hal_i2c.o
 .text.HAL_I2C_MemRxCpltCallback
                0x0000000008000f84        0x2 Drivers/STM32F1xx_HAL_Driver/Src/stm32f1xx_hal_i2c.o
                0x0000000008000f84                HAL_I2C_MemRxCpltCallback
 .text.I2C_MasterReceive_RXNE
                0x0000000008000f86       0xcc Drivers/STM32F1xx_HAL_Driver/Src/stm32f1xx_hal_i2c.o
 .text.I2C_MasterReceive_BTF
                0x0000000008001052       0xf6 Drivers/STM32F1xx_HAL_Driver/Src/stm32f1xx_hal_i2c.o
 .text.HAL_I2C_ErrorCallback
                0x0000000008001148        0x2 Drivers/STM32F1xx_HAL_Driver/Src/stm32f1xx_hal_i2c.o
                0x0000000008001148                HAL_I2C_ErrorCallback
 .text.HAL_I2C_AbortCpltCallback
                0x000000000800114a        0x2 Drivers/STM32F1xx_HAL_Driver/Src/stm32f1xx_hal_i2c.o
                0x000000000800114a                HAL_I2C_AbortCpltCallback
 .text.I2C_ITError
                0x000000000800114c      0x148 Drivers/STM32F1xx_HAL_Driver/Src/stm32f1xx_hal_i2c.o
 .text.I2C_Slave_STOPF
                0x0000000008001294      0x100 Drivers/STM32F1xx_HAL_Driver/Src/stm32f1xx_hal_i2c.o
 .text.HAL_I2C_EV_IRQHandler
                0x0000000008001394      0x168 Drivers/STM32F1xx_HAL_Driver/Src/stm32f1xx_hal_i2c.o
                0x0000000008001394                HAL_I2C_EV_IRQHandler
 .text.HAL_I2C_ER_IRQHandler
                0x00000000080014fc       0xdc Drivers/STM32F1xx_HAL_Driver/Src/stm32f1xx_hal_i2c.o
                0x00000000080014fc                HAL_I2C_ER_IRQHandler
 .text.I2C_DMAAbort
                0x00000000080015d8       0x5e Drivers/STM32F1xx_HAL_Driver/Src/stm32f1xx_hal_i2c.o
 .text.HAL_PCD_SetAddress
                0x0000000008001636       0x28 Drivers/STM32F1xx_HAL_Driver/Src/stm32f1xx_hal_pcd.o
                0x0000000008001636                HAL_PCD_SetAddress
 .text.HAL_PCD_EP_Open
                0x000000000800165e       0x52 Drivers/STM32F1xx_HAL_Driver/Src/stm32f1xx_hal_pcd.o
                0x000000000800165e                HAL_PCD_EP_Open
 .text.HAL_PCD_EP_Receive
                0x00000000080016b0       0x3e Drivers/STM32F1xx_HAL_Driver/Src/stm32f1xx_hal_pcd.o
                0x00000000080016b0                HAL_PCD_EP_Receive
 .text.HAL_PCD_EP_Transmit
                0x00000000080016ee       0x3c Drivers/STM32F1xx_HAL_Driver/Src/stm32f1xx_hal_pcd.o
                0x00000000080016ee                HAL_PCD_EP_Transmit
 .text.PCD_EP_ISR_Handler
                0x000000000800172a      0x444 Drivers/STM32F1xx_HAL_Driver/Src/stm32f1xx_hal_pcd.o
 .text.HAL_PCD_IRQHandler
                0x0000000008001b6e      0x160 Drivers/STM32F1xx_HAL_Driver/Src/stm32f1xx_hal_pcd.o
                0x0000000008001b6e                HAL_PCD_IRQHandler
 .text.HAL_PCD_EP_SetStall
                0x0000000008001cce       0x5c Drivers/STM32F1xx_HAL_Driver/Src/stm32f1xx_hal_pcd.o
                0x0000000008001cce                HAL_PCD_EP_SetStall
 .text.HAL_PCD_EP_ClrStall
                0x0000000008001d2a       0x4e Drivers/STM32F1xx_HAL_Driver/Src/stm32f1xx_hal_pcd.o
                0x0000000008001d2a                HAL_PCD_EP_ClrStall
 .text.HAL_PWR_EnableBkUpAccess
                0x0000000008001d78        0xc Drivers/STM32F1xx_HAL_Driver/Src/stm32f1xx_hal_pwr.o
                0x0000000008001d78                HAL_PWR_EnableBkUpAccess
 .text.HAL_PWR_DisableWakeUpPin
                0x0000000008001d84       0x18 Drivers/STM32F1xx_HAL_Driver/Src/stm32f1xx_hal_pwr.o
                0x0000000008001d84                HAL_PWR_DisableWakeUpPin
 .text.RCC_Delay
                0x0000000008001d9c       0x2c Drivers/STM32F1xx_HAL_Driver/Src/stm32f1xx_hal_rcc.o
 .text.HAL_RCC_OscConfig
                0x0000000008001dc8      0x3dc Drivers/STM32F1xx_HAL_Driver/Src/stm32f1xx_hal_rcc.o
                0x0000000008001dc8                HAL_RCC_OscConfig
 .text.HAL_RCC_GetSysClockFreq
                0x00000000080021a4       0x70 Drivers/STM32F1xx_HAL_Driver/Src/stm32f1xx_hal_rcc.o
                0x00000000080021a4                HAL_RCC_GetSysClockFreq
 .text.HAL_RCC_ClockConfig
                0x0000000008002214      0x19c Drivers/STM32F1xx_HAL_Driver/Src/stm32f1xx_hal_rcc.o
                0x0000000008002214                HAL_RCC_ClockConfig
 .text.HAL_RCC_GetHCLKFreq
                0x00000000080023b0        0xc Drivers/STM32F1xx_HAL_Driver/Src/stm32f1xx_hal_rcc.o
                0x00000000080023b0                HAL_RCC_GetHCLKFreq
 .text.HAL_RCC_GetPCLK1Freq
                0x00000000080023bc       0x20 Drivers/STM32F1xx_HAL_Driver/Src/stm32f1xx_hal_rcc.o
                0x00000000080023bc                HAL_RCC_GetPCLK1Freq
 .text.HAL_RCC_GetPCLK2Freq
                0x00000000080023dc       0x20 Drivers/STM32F1xx_HAL_Driver/Src/stm32f1xx_hal_rcc.o
                0x00000000080023dc                HAL_RCC_GetPCLK2Freq
 .text.HAL_RCCEx_PeriphCLKConfig
                0x00000000080023fc      0x114 Drivers/STM32F1xx_HAL_Driver/Src/stm32f1xx_hal_rcc_ex.o
                0x00000000080023fc                HAL_RCCEx_PeriphCLKConfig
 .text.HAL_RCCEx_GetPeriphCLKFreq
                0x0000000008002510       0xfc Drivers/STM32F1xx_HAL_Driver/Src/stm32f1xx_hal_rcc_ex.o
                0x0000000008002510                HAL_RCCEx_GetPeriphCLKFreq
 .text.RTC_ReadTimeCounter
                0x000000000800260c       0x26 Drivers/STM32F1xx_HAL_Driver/Src/stm32f1xx_hal_rtc.o
 .text.RTC_ReadAlarmCounter
                0x0000000008002632        0xe Drivers/STM32F1xx_HAL_Driver/Src/stm32f1xx_hal_rtc.o
 .text.RTC_Bcd2ToByte
                0x0000000008002640       0x12 Drivers/STM32F1xx_HAL_Driver/Src/stm32f1xx_hal_rtc.o
 *fill*         0x0000000008002652        0x2 
 .text.RTC_WeekDayNum
                0x0000000008002654       0x9c Drivers/STM32F1xx_HAL_Driver/Src/stm32f1xx_hal_rtc.o
 .text.RTC_EnterInitMode
                0x00000000080026f0       0x30 Drivers/STM32F1xx_HAL_Driver/Src/stm32f1xx_hal_rtc.o
 .text.RTC_ExitInitMode
                0x0000000008002720       0x32 Drivers/STM32F1xx_HAL_Driver/Src/stm32f1xx_hal_rtc.o
 .text.RTC_WriteTimeCounter
                0x0000000008002752       0x2e Drivers/STM32F1xx_HAL_Driver/Src/stm32f1xx_hal_rtc.o
 .text.RTC_WriteAlarmCounter
                0x0000000008002780       0x2e Drivers/STM32F1xx_HAL_Driver/Src/stm32f1xx_hal_rtc.o
 .text.HAL_RTC_SetTime
                0x00000000080027ae       0xc2 Drivers/STM32F1xx_HAL_Driver/Src/stm32f1xx_hal_rtc.o
                0x00000000080027ae                HAL_RTC_SetTime
 .text.HAL_RTC_SetDate
                0x0000000008002870       0xd8 Drivers/STM32F1xx_HAL_Driver/Src/stm32f1xx_hal_rtc.o
                0x0000000008002870                HAL_RTC_SetDate
 .text.HAL_RTC_WaitForSynchro
                0x0000000008002948       0x38 Drivers/STM32F1xx_HAL_Driver/Src/stm32f1xx_hal_rtc.o
                0x0000000008002948                HAL_RTC_WaitForSynchro
 .text.HAL_RTC_Init
                0x0000000008002980       0xc4 Drivers/STM32F1xx_HAL_Driver/Src/stm32f1xx_hal_rtc.o
                0x0000000008002980                HAL_RTC_Init
 .text.HAL_RTCEx_RTCEventCallback
                0x0000000008002a44        0x2 Drivers/STM32F1xx_HAL_Driver/Src/stm32f1xx_hal_rtc_ex.o
                0x0000000008002a44                HAL_RTCEx_RTCEventCallback
 .text.HAL_RTCEx_RTCEventErrorCallback
                0x0000000008002a46        0x2 Drivers/STM32F1xx_HAL_Driver/Src/stm32f1xx_hal_rtc_ex.o
                0x0000000008002a46                HAL_RTCEx_RTCEventErrorCallback
 .text.HAL_RTCEx_RTCIRQHandler
                0x0000000008002a48       0x44 Drivers/STM32F1xx_HAL_Driver/Src/stm32f1xx_hal_rtc_ex.o
                0x0000000008002a48                HAL_RTCEx_RTCIRQHandler
 .text.SPI_WaitFlagStateUntilTimeout
                0x0000000008002a8c       0x96 Drivers/STM32F1xx_HAL_Driver/Src/stm32f1xx_hal_spi.o
 .text.SPI_CheckFlag_BSY
                0x0000000008002b22       0x28 Drivers/STM32F1xx_HAL_Driver/Src/stm32f1xx_hal_spi.o
 .text.HAL_SPI_Transmit
                0x0000000008002b4a      0x1a6 Drivers/STM32F1xx_HAL_Driver/Src/stm32f1xx_hal_spi.o
                0x0000000008002b4a                HAL_SPI_Transmit
 .text.HAL_SPI_ErrorCallback
                0x0000000008002cf0        0x2 Drivers/STM32F1xx_HAL_Driver/Src/stm32f1xx_hal_spi.o
                0x0000000008002cf0                HAL_SPI_ErrorCallback
 *fill*         0x0000000008002cf2        0x2 
 .text.HAL_SPI_IRQHandler
                0x0000000008002cf4       0xec Drivers/STM32F1xx_HAL_Driver/Src/stm32f1xx_hal_spi.o
                0x0000000008002cf4                HAL_SPI_IRQHandler
 .text.SPI_DMAAbortOnError
                0x0000000008002de0       0x10 Drivers/STM32F1xx_HAL_Driver/Src/stm32f1xx_hal_spi.o
 .text.HAL_SPI_GetState
                0x0000000008002df0        0x6 Drivers/STM32F1xx_HAL_Driver/Src/stm32f1xx_hal_spi.o
                0x0000000008002df0                HAL_SPI_GetState
 .text.HAL_SPI_Init
                0x0000000008002df6       0x82 Drivers/STM32F1xx_HAL_Driver/Src/stm32f1xx_hal_spi_ex.o
                0x0000000008002df6                HAL_SPI_Init
 .text.TIM_TI1_ConfigInputStage
                0x0000000008002e78       0x24 Drivers/STM32F1xx_HAL_Driver/Src/stm32f1xx_hal_tim.o
 .text.TIM_TI2_ConfigInputStage
                0x0000000008002e9c       0x26 Drivers/STM32F1xx_HAL_Driver/Src/stm32f1xx_hal_tim.o
 .text.TIM_ITRx_SetConfig
                0x0000000008002ec2       0x10 Drivers/STM32F1xx_HAL_Driver/Src/stm32f1xx_hal_tim.o
 .text.TIM_ETR_SetConfig
                0x0000000008002ed2       0x16 Drivers/STM32F1xx_HAL_Driver/Src/stm32f1xx_hal_tim.o
 .text.HAL_TIM_Base_Start
                0x0000000008002ee8       0x1a Drivers/STM32F1xx_HAL_Driver/Src/stm32f1xx_hal_tim.o
                0x0000000008002ee8                HAL_TIM_Base_Start
 .text.HAL_TIM_Base_Stop
                0x0000000008002f02       0x2e Drivers/STM32F1xx_HAL_Driver/Src/stm32f1xx_hal_tim.o
                0x0000000008002f02                HAL_TIM_Base_Stop
 .text.HAL_TIM_ConfigClockSource
                0x0000000008002f30      0x108 Drivers/STM32F1xx_HAL_Driver/Src/stm32f1xx_hal_tim.o
                0x0000000008002f30                HAL_TIM_ConfigClockSource
 .text.TIM_Base_SetConfig
                0x0000000008003038       0x74 Drivers/STM32F1xx_HAL_Driver/Src/stm32f1xx_hal_tim.o
                0x0000000008003038                TIM_Base_SetConfig
 .text.HAL_TIM_Base_Init
                0x00000000080030ac       0x32 Drivers/STM32F1xx_HAL_Driver/Src/stm32f1xx_hal_tim.o
                0x00000000080030ac                HAL_TIM_Base_Init
 .text.HAL_TIMEx_MasterConfigSynchronization
                0x00000000080030de       0x52 Drivers/STM32F1xx_HAL_Driver/Src/stm32f1xx_hal_tim_ex.o
                0x00000000080030de                HAL_TIMEx_MasterConfigSynchronization
 .text.UART_EndRxTransfer
                0x0000000008003130       0x1c Drivers/STM32F1xx_HAL_Driver/Src/stm32f1xx_hal_uart.o
 .text.UART_Transmit_IT
                0x000000000800314c       0x68 Drivers/STM32F1xx_HAL_Driver/Src/stm32f1xx_hal_uart.o
 .text.UART_SetConfig
                0x00000000080031b4      0x1ac Drivers/STM32F1xx_HAL_Driver/Src/stm32f1xx_hal_uart.o
 .text.UART_WaitOnFlagUntilTimeout
                0x0000000008003360       0x62 Drivers/STM32F1xx_HAL_Driver/Src/stm32f1xx_hal_uart.o
 .text.HAL_UART_Init
                0x00000000080033c2       0x5e Drivers/STM32F1xx_HAL_Driver/Src/stm32f1xx_hal_uart.o
                0x00000000080033c2                HAL_UART_Init
 .text.HAL_UART_Transmit
                0x0000000008003420       0xe0 Drivers/STM32F1xx_HAL_Driver/Src/stm32f1xx_hal_uart.o
                0x0000000008003420                HAL_UART_Transmit
 .text.HAL_UART_TxCpltCallback
                0x0000000008003500        0x2 Drivers/STM32F1xx_HAL_Driver/Src/stm32f1xx_hal_uart.o
                0x0000000008003500                HAL_UART_TxCpltCallback
 .text.UART_EndTransmit_IT
                0x0000000008003502       0x1a Drivers/STM32F1xx_HAL_Driver/Src/stm32f1xx_hal_uart.o
 .text.HAL_UART_RxCpltCallback
                0x000000000800351c        0x2 Drivers/STM32F1xx_HAL_Driver/Src/stm32f1xx_hal_uart.o
                0x000000000800351c                HAL_UART_RxCpltCallback
 .text.UART_Receive_IT
                0x000000000800351e       0x9c Drivers/STM32F1xx_HAL_Driver/Src/stm32f1xx_hal_uart.o
 .text.HAL_UART_ErrorCallback
                0x00000000080035ba        0x2 Drivers/STM32F1xx_HAL_Driver/Src/stm32f1xx_hal_uart.o
                0x00000000080035ba                HAL_UART_ErrorCallback
 .text.HAL_UART_IRQHandler
                0x00000000080035bc      0x120 Drivers/STM32F1xx_HAL_Driver/Src/stm32f1xx_hal_uart.o
                0x00000000080035bc                HAL_UART_IRQHandler
 .text.UART_DMAAbortOnError
                0x00000000080036dc       0x10 Drivers/STM32F1xx_HAL_Driver/Src/stm32f1xx_hal_uart.o
 .text.USB_ActivateEndpoint
                0x00000000080036ec      0x328 Drivers/STM32F1xx_HAL_Driver/Src/stm32f1xx_ll_usb.o
                0x00000000080036ec                USB_ActivateEndpoint
 .text.USB_EPSetStall
                0x0000000008003a14       0x6e Drivers/STM32F1xx_HAL_Driver/Src/stm32f1xx_ll_usb.o
                0x0000000008003a14                USB_EPSetStall
 .text.USB_EPClearStall
                0x0000000008003a82       0x92 Drivers/STM32F1xx_HAL_Driver/Src/stm32f1xx_ll_usb.o
                0x0000000008003a82                USB_EPClearStall
 .text.USB_SetDevAddress
                0x0000000008003b14        0xc Drivers/STM32F1xx_HAL_Driver/Src/stm32f1xx_ll_usb.o
                0x0000000008003b14                USB_SetDevAddress
 .text.USB_ReadInterrupts
                0x0000000008003b20        0x6 Drivers/STM32F1xx_HAL_Driver/Src/stm32f1xx_ll_usb.o
                0x0000000008003b20                USB_ReadInterrupts
 .text.USB_EP0_OutStart
                0x0000000008003b26        0x4 Drivers/STM32F1xx_HAL_Driver/Src/stm32f1xx_ll_usb.o
                0x0000000008003b26                USB_EP0_OutStart
 .text.USB_WritePMA
                0x0000000008003b2a       0x2a Drivers/STM32F1xx_HAL_Driver/Src/stm32f1xx_ll_usb.o
                0x0000000008003b2a                USB_WritePMA
 .text.USB_EPStartXfer
                0x0000000008003b54      0x2ba Drivers/STM32F1xx_HAL_Driver/Src/stm32f1xx_ll_usb.o
                0x0000000008003b54                USB_EPStartXfer
 .text.USB_ReadPMA
                0x0000000008003e0e       0x1e Drivers/STM32F1xx_HAL_Driver/Src/stm32f1xx_ll_usb.o
                0x0000000008003e0e                USB_ReadPMA
 .text.USBD_CDC_SetTxBuffer
                0x0000000008003e2c       0x10 Middlewares/ST/STM32_USB_Device_Library/Class/CDC/Src/usbd_cdc.o
                0x0000000008003e2c                USBD_CDC_SetTxBuffer
 .text.USBD_CDC_TransmitPacket
                0x0000000008003e3c       0x2e Middlewares/ST/STM32_USB_Device_Library/Class/CDC/Src/usbd_cdc.o
                0x0000000008003e3c                USBD_CDC_TransmitPacket
 .text.USBD_SetClassConfig
                0x0000000008003e6a       0x1a Middlewares/ST/STM32_USB_Device_Library/Core/Src/usbd_core.o
                0x0000000008003e6a                USBD_SetClassConfig
 .text.USBD_ClrClassConfig
                0x0000000008003e84        0xe Middlewares/ST/STM32_USB_Device_Library/Core/Src/usbd_core.o
                0x0000000008003e84                USBD_ClrClassConfig
 .text.USBD_LL_SetupStage
                0x0000000008003e92       0x5a Middlewares/ST/STM32_USB_Device_Library/Core/Src/usbd_core.o
                0x0000000008003e92                USBD_LL_SetupStage
 .text.USBD_LL_DataOutStage
                0x0000000008003eec       0x6a Middlewares/ST/STM32_USB_Device_Library/Core/Src/usbd_core.o
                0x0000000008003eec                USBD_LL_DataOutStage
 .text.USBD_LL_DataInStage
                0x0000000008003f56       0xb0 Middlewares/ST/STM32_USB_Device_Library/Core/Src/usbd_core.o
                0x0000000008003f56                USBD_LL_DataInStage
 .text.USBD_LL_Reset
                0x0000000008004006       0x3e Middlewares/ST/STM32_USB_Device_Library/Core/Src/usbd_core.o
                0x0000000008004006                USBD_LL_Reset
 .text.USBD_LL_SetSpeed
                0x0000000008004044        0x6 Middlewares/ST/STM32_USB_Device_Library/Core/Src/usbd_core.o
                0x0000000008004044                USBD_LL_SetSpeed
 .text.USBD_LL_Suspend
                0x000000000800404a       0x12 Middlewares/ST/STM32_USB_Device_Library/Core/Src/usbd_core.o
                0x000000000800404a                USBD_LL_Suspend
 .text.USBD_LL_Resume
                0x000000000800405c        0xc Middlewares/ST/STM32_USB_Device_Library/Core/Src/usbd_core.o
                0x000000000800405c                USBD_LL_Resume
 .text.USBD_LL_SOF
                0x0000000008004068       0x1c Middlewares/ST/STM32_USB_Device_Library/Core/Src/usbd_core.o
                0x0000000008004068                USBD_LL_SOF
 .text.USBD_SetFeature
                0x0000000008004084       0x20 Middlewares/ST/STM32_USB_Device_Library/Core/Src/usbd_ctlreq.o
 .text.USBD_ParseSetupRequest
                0x00000000080040a4       0x28 Middlewares/ST/STM32_USB_Device_Library/Core/Src/usbd_ctlreq.o
                0x00000000080040a4                USBD_ParseSetupRequest
 .text.USBD_CtlError
                0x00000000080040cc       0x14 Middlewares/ST/STM32_USB_Device_Library/Core/Src/usbd_ctlreq.o
                0x00000000080040cc                USBD_CtlError
 .text.USBD_GetDescriptor
                0x00000000080040e0      0x132 Middlewares/ST/STM32_USB_Device_Library/Core/Src/usbd_ctlreq.o
 .text.USBD_SetAddress
                0x0000000008004212       0x4a Middlewares/ST/STM32_USB_Device_Library/Core/Src/usbd_ctlreq.o
 .text.USBD_SetConfig
                0x000000000800425c       0xa4 Middlewares/ST/STM32_USB_Device_Library/Core/Src/usbd_ctlreq.o
 .text.USBD_GetConfig
                0x0000000008004300       0x3a Middlewares/ST/STM32_USB_Device_Library/Core/Src/usbd_ctlreq.o
 .text.USBD_GetStatus
                0x000000000800433a       0x2c Middlewares/ST/STM32_USB_Device_Library/Core/Src/usbd_ctlreq.o
 .text.USBD_ClrFeature
                0x0000000008004366       0x30 Middlewares/ST/STM32_USB_Device_Library/Core/Src/usbd_ctlreq.o
 .text.USBD_StdDevReq
                0x0000000008004396       0x48 Middlewares/ST/STM32_USB_Device_Library/Core/Src/usbd_ctlreq.o
                0x0000000008004396                USBD_StdDevReq
 .text.USBD_StdItfReq
                0x00000000080043de       0x38 Middlewares/ST/STM32_USB_Device_Library/Core/Src/usbd_ctlreq.o
                0x00000000080043de                USBD_StdItfReq
 .text.USBD_StdEPReq
                0x0000000008004416      0x118 Middlewares/ST/STM32_USB_Device_Library/Core/Src/usbd_ctlreq.o
                0x0000000008004416                USBD_StdEPReq
 .text.USBD_CtlSendData
                0x000000000800452e       0x1a Middlewares/ST/STM32_USB_Device_Library/Core/Src/usbd_ioreq.o
                0x000000000800452e                USBD_CtlSendData
 .text.USBD_CtlContinueSendData
                0x0000000008004548       0x10 Middlewares/ST/STM32_USB_Device_Library/Core/Src/usbd_ioreq.o
                0x0000000008004548                USBD_CtlContinueSendData
 .text.USBD_CtlContinueRx
                0x0000000008004558       0x10 Middlewares/ST/STM32_USB_Device_Library/Core/Src/usbd_ioreq.o
                0x0000000008004558                USBD_CtlContinueRx
 .text.USBD_CtlSendStatus
                0x0000000008004568       0x16 Middlewares/ST/STM32_USB_Device_Library/Core/Src/usbd_ioreq.o
                0x0000000008004568                USBD_CtlSendStatus
 .text.USBD_CtlReceiveStatus
                0x000000000800457e       0x16 Middlewares/ST/STM32_USB_Device_Library/Core/Src/usbd_ioreq.o
                0x000000000800457e                USBD_CtlReceiveStatus
 .text.SystemClock_Config
                0x0000000008004594       0x78 Src/config.o
                0x0000000008004594                SystemClock_Config
 .text.MX_ADC1_Init
                0x000000000800460c       0x48 Src/config.o
                0x000000000800460c                MX_ADC1_Init
 .text.MX_I2C1_Init
                0x0000000008004654       0x34 Src/config.o
                0x0000000008004654                MX_I2C1_Init
 .text.MX_RTC_Init
                0x0000000008004688       0x64 Src/config.o
                0x0000000008004688                MX_RTC_Init
 .text.MX_SPI2_Init
                0x00000000080046ec       0x3c Src/config.o
                0x00000000080046ec                MX_SPI2_Init
 .text.MX_TIM2_Init
                0x0000000008004728       0x58 Src/config.o
                0x0000000008004728                MX_TIM2_Init
 .text.MX_USART3_UART_Init
                0x0000000008004780       0x2c Src/config.o
                0x0000000008004780                MX_USART3_UART_Init
 .text.MX_GPIO_Init
                0x00000000080047ac      0x110 Src/config.o
                0x00000000080047ac                MX_GPIO_Init
 .text.Start_Measuring_Time
                0x00000000080048bc       0x18 Src/main.o
                0x00000000080048bc                Start_Measuring_Time
 .text.Stop_Measuring_Time
                0x00000000080048d4       0x14 Src/main.o
                0x00000000080048d4                Stop_Measuring_Time
 .text.main     0x00000000080048e8      0x17c Src/main.o
                0x00000000080048e8                main
 .text.HAL_MspInit
                0x0000000008004a64       0x40 Src/stm32f1xx_hal_msp.o
                0x0000000008004a64                HAL_MspInit
 .text.HAL_ADC_MspInit
                0x0000000008004aa4       0x60 Src/stm32f1xx_hal_msp.o
                0x0000000008004aa4                HAL_ADC_MspInit
 .text.HAL_I2C_MspInit
                0x0000000008004b04       0x84 Src/stm32f1xx_hal_msp.o
                0x0000000008004b04                HAL_I2C_MspInit
 .text.HAL_RTC_MspInit
                0x0000000008004b88       0x4c Src/stm32f1xx_hal_msp.o
                0x0000000008004b88                HAL_RTC_MspInit
 .text.HAL_SPI_MspInit
                0x0000000008004bd4       0x88 Src/stm32f1xx_hal_msp.o
                0x0000000008004bd4                HAL_SPI_MspInit
 .text.HAL_TIM_Base_MspInit
                0x0000000008004c5c       0x26 Src/stm32f1xx_hal_msp.o
                0x0000000008004c5c                HAL_TIM_Base_MspInit
 *fill*         0x0000000008004c82        0x2 
 .text.HAL_UART_MspInit
                0x0000000008004c84       0x88 Src/stm32f1xx_hal_msp.o
                0x0000000008004c84                HAL_UART_MspInit
 .text.NMI_Handler
                0x0000000008004d0c        0x2 Src/stm32f1xx_it.o
                0x0000000008004d0c                NMI_Handler
 .text.HardFault_Handler
                0x0000000008004d0e        0x2 Src/stm32f1xx_it.o
                0x0000000008004d0e                HardFault_Handler
 .text.MemManage_Handler
                0x0000000008004d10        0x2 Src/stm32f1xx_it.o
                0x0000000008004d10                MemManage_Handler
 .text.BusFault_Handler
                0x0000000008004d12        0x2 Src/stm32f1xx_it.o
                0x0000000008004d12                BusFault_Handler
 .text.UsageFault_Handler
                0x0000000008004d14        0x2 Src/stm32f1xx_it.o
                0x0000000008004d14                UsageFault_Handler
 .text.SVC_Handler
                0x0000000008004d16        0x2 Src/stm32f1xx_it.o
                0x0000000008004d16                SVC_Handler
 .text.DebugMon_Handler
                0x0000000008004d18        0x2 Src/stm32f1xx_it.o
                0x0000000008004d18                DebugMon_Handler
 .text.PendSV_Handler
                0x0000000008004d1a        0x2 Src/stm32f1xx_it.o
                0x0000000008004d1a                PendSV_Handler
 .text.SysTick_Handler
                0x0000000008004d1c        0x8 Src/stm32f1xx_it.o
                0x0000000008004d1c                SysTick_Handler
 .text.RTC_IRQHandler
                0x0000000008004d24       0x10 Src/stm32f1xx_it.o
                0x0000000008004d24                RTC_IRQHandler
 .text.EXTI0_IRQHandler
                0x0000000008004d34        0xa Src/stm32f1xx_it.o
                0x0000000008004d34                EXTI0_IRQHandler
 *fill*         0x0000000008004d3e        0x2 
 .text.USB_LP_CAN1_RX0_IRQHandler
                0x0000000008004d40       0x10 Src/stm32f1xx_it.o
                0x0000000008004d40                USB_LP_CAN1_RX0_IRQHandler
 .text.I2C1_EV_IRQHandler
                0x0000000008004d50       0x10 Src/stm32f1xx_it.o
                0x0000000008004d50                I2C1_EV_IRQHandler
 .text.I2C1_ER_IRQHandler
                0x0000000008004d60       0x10 Src/stm32f1xx_it.o
                0x0000000008004d60                I2C1_ER_IRQHandler
 .text.SPI2_IRQHandler
                0x0000000008004d70       0x10 Src/stm32f1xx_it.o
                0x0000000008004d70                SPI2_IRQHandler
 .text.USART3_IRQHandler
                0x0000000008004d80       0x10 Src/stm32f1xx_it.o
                0x0000000008004d80                USART3_IRQHandler
 .text.SystemInit
                0x0000000008004d90       0x4c Src/system_stm32f1xx.o
                0x0000000008004d90                SystemInit
 .text.CDC_Transmit_FS
                0x0000000008004ddc       0x2c Src/usbd_cdc_if.o
                0x0000000008004ddc                CDC_Transmit_FS
 .text.HAL_PCD_SetupStageCallback
                0x0000000008004e08       0x10 Src/usbd_conf.o
                0x0000000008004e08                HAL_PCD_SetupStageCallback
 .text.HAL_PCD_DataOutStageCallback
                0x0000000008004e18       0x14 Src/usbd_conf.o
                0x0000000008004e18                HAL_PCD_DataOutStageCallback
 .text.HAL_PCD_DataInStageCallback
                0x0000000008004e2c       0x12 Src/usbd_conf.o
                0x0000000008004e2c                HAL_PCD_DataInStageCallback
 .text.HAL_PCD_SOFCallback
                0x0000000008004e3e        0xc Src/usbd_conf.o
                0x0000000008004e3e                HAL_PCD_SOFCallback
 .text.HAL_PCD_ResetCallback
                0x0000000008004e4a       0x18 Src/usbd_conf.o
                0x0000000008004e4a                HAL_PCD_ResetCallback
 *fill*         0x0000000008004e62        0x2 
 .text.HAL_PCD_SuspendCallback
                0x0000000008004e64       0x20 Src/usbd_conf.o
                0x0000000008004e64                HAL_PCD_SuspendCallback
 .text.HAL_PCD_ResumeCallback
                0x0000000008004e84        0xc Src/usbd_conf.o
                0x0000000008004e84                HAL_PCD_ResumeCallback
 .text.USBD_LL_OpenEP
                0x0000000008004e90       0x22 Src/usbd_conf.o
                0x0000000008004e90                USBD_LL_OpenEP
 .text.USBD_LL_StallEP
                0x0000000008004eb2       0x1c Src/usbd_conf.o
                0x0000000008004eb2                USBD_LL_StallEP
 .text.USBD_LL_ClearStallEP
                0x0000000008004ece       0x1c Src/usbd_conf.o
                0x0000000008004ece                USBD_LL_ClearStallEP
 .text.USBD_LL_IsStallEP
                0x0000000008004eea       0x26 Src/usbd_conf.o
                0x0000000008004eea                USBD_LL_IsStallEP
 .text.USBD_LL_SetUSBAddress
                0x0000000008004f10       0x1c Src/usbd_conf.o
                0x0000000008004f10                USBD_LL_SetUSBAddress
 .text.USBD_LL_Transmit
                0x0000000008004f2c       0x1c Src/usbd_conf.o
                0x0000000008004f2c                USBD_LL_Transmit
 .text.USBD_LL_PrepareReceive
                0x0000000008004f48       0x1c Src/usbd_conf.o
                0x0000000008004f48                USBD_LL_PrepareReceive
 .text.dwt_writetodevice
                0x0000000008004f64       0x44 Src/decadriver/deca_device.o
                0x0000000008004f64                dwt_writetodevice
 .text.dwt_writetxdata
                0x0000000008004fa8       0x22 Src/decadriver/deca_device.o
                0x0000000008004fa8                dwt_writetxdata
 .text.dwt_readfromdevice
                0x0000000008004fca       0x40 Src/decadriver/deca_device.o
                0x0000000008004fca                dwt_readfromdevice
 .text.dwt_readrxdata
                0x000000000800500a       0x12 Src/decadriver/deca_device.o
                0x000000000800500a                dwt_readrxdata
 .text.dwt_readtxtimestamp
                0x000000000800501c       0x10 Src/decadriver/deca_device.o
                0x000000000800501c                dwt_readtxtimestamp
 .text.dwt_readrxtimestamp
                0x000000000800502c       0x10 Src/decadriver/deca_device.o
                0x000000000800502c                dwt_readrxtimestamp
 .text.dwt_read32bitoffsetreg
                0x000000000800503c       0x2e Src/decadriver/deca_device.o
                0x000000000800503c                dwt_read32bitoffsetreg
 .text.dwt_readdevid
                0x000000000800506a        0xc Src/decadriver/deca_device.o
                0x000000000800506a                dwt_readdevid
 .text.dwt_read16bitoffsetreg
                0x0000000008005076       0x24 Src/decadriver/deca_device.o
                0x0000000008005076                dwt_read16bitoffsetreg
 .text.dwt_readdiagnostics
                0x000000000800509a       0x3e Src/decadriver/deca_device.o
                0x000000000800509a                dwt_readdiagnostics
 .text.dwt_read8bitoffsetreg
                0x00000000080050d8       0x1c Src/decadriver/deca_device.o
                0x00000000080050d8                dwt_read8bitoffsetreg
 .text.dwt_write8bitoffsetreg
                0x00000000080050f4       0x1a Src/decadriver/deca_device.o
                0x00000000080050f4                dwt_write8bitoffsetreg
 .text.dwt_write16bitoffsetreg
                0x000000000800510e       0x20 Src/decadriver/deca_device.o
                0x000000000800510e                dwt_write16bitoffsetreg
 .text.dwt_setrxantennadelay
                0x000000000800512e       0x10 Src/decadriver/deca_device.o
                0x000000000800512e                dwt_setrxantennadelay
 .text.dwt_settxantennadelay
                0x000000000800513e        0xe Src/decadriver/deca_device.o
                0x000000000800513e                dwt_settxantennadelay
 .text.dwt_write32bitoffsetreg
                0x000000000800514c       0x28 Src/decadriver/deca_device.o
                0x000000000800514c                dwt_write32bitoffsetreg
 .text.dwt_writetxfctrl
                0x0000000008005174       0x20 Src/decadriver/deca_device.o
                0x0000000008005174                dwt_writetxfctrl
 .text._dwt_otpread
                0x0000000008005194       0x2a Src/decadriver/deca_device.o
                0x0000000008005194                _dwt_otpread
 .text._dwt_aonarrayupload
                0x00000000080051be       0x18 Src/decadriver/deca_device.o
                0x00000000080051be                _dwt_aonarrayupload
 .text._dwt_configlde
                0x00000000080051d6       0x32 Src/decadriver/deca_device.o
                0x00000000080051d6                _dwt_configlde
 .text.dwt_configure
                0x0000000008005208      0x220 Src/decadriver/deca_device.o
                0x0000000008005208                dwt_configure
 .text.dwt_setrxaftertxdelay
                0x0000000008005428       0x20 Src/decadriver/deca_device.o
                0x0000000008005428                dwt_setrxaftertxdelay
 .text.dwt_setleds
                0x0000000008005448       0x78 Src/decadriver/deca_device.o
                0x0000000008005448                dwt_setleds
 .text._dwt_enableclocks
                0x00000000080054c0       0xf2 Src/decadriver/deca_device.o
                0x00000000080054c0                _dwt_enableclocks
 .text._dwt_loaducodefromrom
                0x00000000080055b2       0x22 Src/decadriver/deca_device.o
                0x00000000080055b2                _dwt_loaducodefromrom
 .text._dwt_disablesequencing
                0x00000000080055d4       0x14 Src/decadriver/deca_device.o
                0x00000000080055d4                _dwt_disablesequencing
 .text.dwt_setdelayedtrxtime
                0x00000000080055e8        0xe Src/decadriver/deca_device.o
                0x00000000080055e8                dwt_setdelayedtrxtime
 *fill*         0x00000000080055f6        0x2 
 .text.dwt_starttx
                0x00000000080055f8       0x60 Src/decadriver/deca_device.o
                0x00000000080055f8                dwt_starttx
 .text.dwt_setrxtimeout
                0x0000000008005658       0x54 Src/decadriver/deca_device.o
                0x0000000008005658                dwt_setrxtimeout
 .text.dwt_setpreambledetecttimeout
                0x00000000080056ac        0xe Src/decadriver/deca_device.o
                0x00000000080056ac                dwt_setpreambledetecttimeout
 .text.dwt_rxreset
                0x00000000080056ba       0x18 Src/decadriver/deca_device.o
                0x00000000080056ba                dwt_rxreset
 *fill*         0x00000000080056d2        0x2 
 .text.dwt_softreset
                0x00000000080056d4       0x48 Src/decadriver/deca_device.o
                0x00000000080056d4                dwt_softreset
 .text.dwt_setxtaltrim
                0x000000000800571c       0x14 Src/decadriver/deca_device.o
                0x000000000800571c                dwt_setxtaltrim
 .text.dwt_initialise
                0x0000000008005730      0x1b8 Src/decadriver/deca_device.o
                0x0000000008005730                dwt_initialise
 .text.decamutexon
                0x00000000080058e8       0x14 Src/platform/deca_mutex.o
                0x00000000080058e8                decamutexon
 .text.decamutexoff
                0x00000000080058fc        0xc Src/platform/deca_mutex.o
                0x00000000080058fc                decamutexoff
 .text.deca_sleep
                0x0000000008005908        0x8 Src/platform/deca_sleep.o
                0x0000000008005908                deca_sleep
 .text.writetospi
                0x0000000008005910       0x6c Src/platform/deca_spi.o
                0x0000000008005910                writetospi
 .text.readfromspi
                0x000000000800597c       0x90 Src/platform/deca_spi.o
                0x000000000800597c                readfromspi
 .text.NVIC_EnableIRQ
                0x0000000008005a0c       0x18 Src/platform/port.o
 .text.NVIC_DisableIRQ
                0x0000000008005a24       0x18 Src/platform/port.o
 .text.usleep   0x0000000008005a3c       0x52 Src/platform/port.o
                0x0000000008005a3c                usleep
 .text.Sleep    0x0000000008005a8e       0x16 Src/platform/port.o
                0x0000000008005a8e                Sleep
 .text.EXTI_GetITEnStatus
                0x0000000008005aa4       0x38 Src/platform/port.o
                0x0000000008005aa4                EXTI_GetITEnStatus
 .text.reset_DW1000
                0x0000000008005adc       0x48 Src/platform/port.o
                0x0000000008005adc                reset_DW1000
 .text.setup_DW1000RSTnIRQ
                0x0000000008005b24       0x7c Src/platform/port.o
                0x0000000008005b24                setup_DW1000RSTnIRQ
 .text.port_set_dw1000_slowrate
                0x0000000008005ba0       0x18 Src/platform/port.o
                0x0000000008005ba0                port_set_dw1000_slowrate
 .text.port_set_dw1000_fastrate
                0x0000000008005bb8       0x18 Src/platform/port.o
                0x0000000008005bb8                port_set_dw1000_fastrate
 .text.HAL_GPIO_EXTI_Callback
                0x0000000008005bd0       0x30 Src/platform/port.o
                0x0000000008005bd0                HAL_GPIO_EXTI_Callback
 .text.process_deca_irq
                0x0000000008005c00       0x20 Src/platform/port.o
                0x0000000008005c00                process_deca_irq
 .text.port_DisableEXT_IRQ
                0x0000000008005c20        0xe Src/platform/port.o
                0x0000000008005c20                port_DisableEXT_IRQ
 .text.port_EnableEXT_IRQ
                0x0000000008005c2e        0xe Src/platform/port.o
                0x0000000008005c2e                port_EnableEXT_IRQ
 .text.port_GetEXT_IRQStatus
                0x0000000008005c3c       0x10 Src/platform/port.o
                0x0000000008005c3c                port_GetEXT_IRQStatus
 .text.port_CheckEXT_IRQ
                0x0000000008005c4c       0x18 Src/platform/port.o
                0x0000000008005c4c                port_CheckEXT_IRQ
 .text.final_msg_set_ts
                0x0000000008005c64       0x16 UWB/Pos_functions.o
 .text.get_tx_timestamp_u64
                0x0000000008005c7a       0x46 UWB/Pos_functions.o
 .text.get_rx_timestamp_u64
                0x0000000008005cc0       0x46 UWB/Pos_functions.o
 *fill*         0x0000000008005d06        0x2 
 .text.UWB_Anchor_Init
                0x0000000008005d08       0x54 UWB/Pos_functions.o
                0x0000000008005d08                UWB_Anchor_Init
 .text.UWB_Anchor_Get_Distance
                0x0000000008005d5c      0x20c UWB/Pos_functions.o
                0x0000000008005d5c                UWB_Anchor_Get_Distance
 .text.Reset_Handler
                0x0000000008005f68       0x48 startup/startup_stm32f103xb.o
                0x0000000008005f68                Reset_Handler
 .text.Default_Handler
                0x0000000008005fb0        0x2 startup/startup_stm32f103xb.o
                0x0000000008005fb0                RTC_Alarm_IRQHandler
                0x0000000008005fb0                EXTI2_IRQHandler
                0x0000000008005fb0                TIM1_CC_IRQHandler
                0x0000000008005fb0                PVD_IRQHandler
                0x0000000008005fb0                EXTI3_IRQHandler
                0x0000000008005fb0                I2C2_EV_IRQHandler
                0x0000000008005fb0                ADC1_2_IRQHandler
                0x0000000008005fb0                SPI1_IRQHandler
                0x0000000008005fb0                TAMPER_IRQHandler
                0x0000000008005fb0                DMA1_Channel4_IRQHandler
                0x0000000008005fb0                DMA1_Channel7_IRQHandler
                0x0000000008005fb0                CAN1_RX1_IRQHandler
                0x0000000008005fb0                TIM4_IRQHandler
                0x0000000008005fb0                DMA1_Channel6_IRQHandler
                0x0000000008005fb0                TIM3_IRQHandler
                0x0000000008005fb0                RCC_IRQHandler
                0x0000000008005fb0                TIM1_TRG_COM_IRQHandler
                0x0000000008005fb0                DMA1_Channel1_IRQHandler
                0x0000000008005fb0                Default_Handler
                0x0000000008005fb0                EXTI15_10_IRQHandler
                0x0000000008005fb0                EXTI9_5_IRQHandler
                0x0000000008005fb0                DMA1_Channel5_IRQHandler
                0x0000000008005fb0                EXTI4_IRQHandler
                0x0000000008005fb0                USB_HP_CAN1_TX_IRQHandler
                0x0000000008005fb0                DMA1_Channel3_IRQHandler
                0x0000000008005fb0                TIM1_UP_IRQHandler
                0x0000000008005fb0                WWDG_IRQHandler
                0x0000000008005fb0                TIM2_IRQHandler
                0x0000000008005fb0                TIM1_BRK_IRQHandler
                0x0000000008005fb0                EXTI1_IRQHandler
                0x0000000008005fb0                USART2_IRQHandler
                0x0000000008005fb0                I2C2_ER_IRQHandler
                0x0000000008005fb0                DMA1_Channel2_IRQHandler
                0x0000000008005fb0                CAN1_SCE_IRQHandler
                0x0000000008005fb0                FLASH_IRQHandler
                0x0000000008005fb0                USART1_IRQHandler
                0x0000000008005fb0                USBWakeUp_IRQHandler
 .text.atoi     0x0000000008005fb2        0x8 c:/st/stm32cubeide_1.0.2/stm32cubeide/plugins/com.st.stm32cube.ide.mcu.externaltools.gnu-tools-for-stm32.7-2018-q2-update.win32_1.0.0.201904181610/tools/bin/../lib/gcc/arm-none-eabi/7.3.1/../../../../arm-none-eabi/lib/thumb/v7-m\libc_nano.a(lib_a-atoi.o)
                0x0000000008005fb2                atoi
 *fill*         0x0000000008005fba        0x2 
 .text.__libc_init_array
                0x0000000008005fbc       0x48 c:/st/stm32cubeide_1.0.2/stm32cubeide/plugins/com.st.stm32cube.ide.mcu.externaltools.gnu-tools-for-stm32.7-2018-q2-update.win32_1.0.0.201904181610/tools/bin/../lib/gcc/arm-none-eabi/7.3.1/../../../../arm-none-eabi/lib/thumb/v7-m\libc_nano.a(lib_a-init.o)
                0x0000000008005fbc                __libc_init_array
 .text.memcmp   0x0000000008006004       0x1e c:/st/stm32cubeide_1.0.2/stm32cubeide/plugins/com.st.stm32cube.ide.mcu.externaltools.gnu-tools-for-stm32.7-2018-q2-update.win32_1.0.0.201904181610/tools/bin/../lib/gcc/arm-none-eabi/7.3.1/../../../../arm-none-eabi/lib/thumb/v7-m\libc_nano.a(lib_a-memcmp.o)
                0x0000000008006004                memcmp
 *fill*         0x0000000008006022        0x2 
 .text.sprintf  0x0000000008006024       0x40 c:/st/stm32cubeide_1.0.2/stm32cubeide/plugins/com.st.stm32cube.ide.mcu.externaltools.gnu-tools-for-stm32.7-2018-q2-update.win32_1.0.0.201904181610/tools/bin/../lib/gcc/arm-none-eabi/7.3.1/../../../../arm-none-eabi/lib/thumb/v7-m\libc_nano.a(lib_a-sprintf.o)
                0x0000000008006024                siprintf
                0x0000000008006024                sprintf
 .text._strtol_l.isra.0
                0x0000000008006064       0xf6 c:/st/stm32cubeide_1.0.2/stm32cubeide/plugins/com.st.stm32cube.ide.mcu.externaltools.gnu-tools-for-stm32.7-2018-q2-update.win32_1.0.0.201904181610/tools/bin/../lib/gcc/arm-none-eabi/7.3.1/../../../../arm-none-eabi/lib/thumb/v7-m\libc_nano.a(lib_a-strtol.o)
 *fill*         0x000000000800615a        0x2 
 .text.strtol   0x000000000800615c       0x2c c:/st/stm32cubeide_1.0.2/stm32cubeide/plugins/com.st.stm32cube.ide.mcu.externaltools.gnu-tools-for-stm32.7-2018-q2-update.win32_1.0.0.201904181610/tools/bin/../lib/gcc/arm-none-eabi/7.3.1/../../../../arm-none-eabi/lib/thumb/v7-m\libc_nano.a(lib_a-strtol.o)
                0x000000000800615c                strtol
 .text.__locale_ctype_ptr_l
                0x0000000008006188        0x6 c:/st/stm32cubeide_1.0.2/stm32cubeide/plugins/com.st.stm32cube.ide.mcu.externaltools.gnu-tools-for-stm32.7-2018-q2-update.win32_1.0.0.201904181610/tools/bin/../lib/gcc/arm-none-eabi/7.3.1/../../../../arm-none-eabi/lib/thumb/v7-m\libc_nano.a(lib_a-locale.o)
                0x0000000008006188                __locale_ctype_ptr_l
 .text.__ascii_mbtowc
                0x000000000800618e       0x24 c:/st/stm32cubeide_1.0.2/stm32cubeide/plugins/com.st.stm32cube.ide.mcu.externaltools.gnu-tools-for-stm32.7-2018-q2-update.win32_1.0.0.201904181610/tools/bin/../lib/gcc/arm-none-eabi/7.3.1/../../../../arm-none-eabi/lib/thumb/v7-m\libc_nano.a(lib_a-mbtowc_r.o)
                0x000000000800618e                __ascii_mbtowc
 .text.__ssputs_r
                0x00000000080061b2       0xb4 c:/st/stm32cubeide_1.0.2/stm32cubeide/plugins/com.st.stm32cube.ide.mcu.externaltools.gnu-tools-for-stm32.7-2018-q2-update.win32_1.0.0.201904181610/tools/bin/../lib/gcc/arm-none-eabi/7.3.1/../../../../arm-none-eabi/lib/thumb/v7-m\libc_nano.a(lib_a-nano-svfprintf.o)
                0x00000000080061b2                __ssputs_r
 *fill*         0x0000000008006266        0x2 
 .text._svfprintf_r
                0x0000000008006268      0x1f0 c:/st/stm32cubeide_1.0.2/stm32cubeide/plugins/com.st.stm32cube.ide.mcu.externaltools.gnu-tools-for-stm32.7-2018-q2-update.win32_1.0.0.201904181610/tools/bin/../lib/gcc/arm-none-eabi/7.3.1/../../../../arm-none-eabi/lib/thumb/v7-m\libc_nano.a(lib_a-nano-svfprintf.o)
                0x0000000008006268                _svfiprintf_r
                0x0000000008006268                _svfprintf_r
 .text._printf_common
                0x0000000008006458       0xec c:/st/stm32cubeide_1.0.2/stm32cubeide/plugins/com.st.stm32cube.ide.mcu.externaltools.gnu-tools-for-stm32.7-2018-q2-update.win32_1.0.0.201904181610/tools/bin/../lib/gcc/arm-none-eabi/7.3.1/../../../../arm-none-eabi/lib/thumb/v7-m\libc_nano.a(lib_a-nano-vfprintf_i.o)
                0x0000000008006458                _printf_common
 .text._printf_i
                0x0000000008006544      0x224 c:/st/stm32cubeide_1.0.2/stm32cubeide/plugins/com.st.stm32cube.ide.mcu.externaltools.gnu-tools-for-stm32.7-2018-q2-update.win32_1.0.0.201904181610/tools/bin/../lib/gcc/arm-none-eabi/7.3.1/../../../../arm-none-eabi/lib/thumb/v7-m\libc_nano.a(lib_a-nano-vfprintf_i.o)
                0x0000000008006544                _printf_i
 .text.__ascii_wctomb
                0x0000000008006768       0x1a c:/st/stm32cubeide_1.0.2/stm32cubeide/plugins/com.st.stm32cube.ide.mcu.externaltools.gnu-tools-for-stm32.7-2018-q2-update.win32_1.0.0.201904181610/tools/bin/../lib/gcc/arm-none-eabi/7.3.1/../../../../arm-none-eabi/lib/thumb/v7-m\libc_nano.a(lib_a-wctomb_r.o)
                0x0000000008006768                __ascii_wctomb
 .text.memchr   0x0000000008006782       0x1c c:/st/stm32cubeide_1.0.2/stm32cubeide/plugins/com.st.stm32cube.ide.mcu.externaltools.gnu-tools-for-stm32.7-2018-q2-update.win32_1.0.0.201904181610/tools/bin/../lib/gcc/arm-none-eabi/7.3.1/../../../../arm-none-eabi/lib/thumb/v7-m\libc_nano.a(lib_a-memchr-stub.o)
                0x0000000008006782                memchr
 .text.memcpy   0x000000000800679e       0x16 c:/st/stm32cubeide_1.0.2/stm32cubeide/plugins/com.st.stm32cube.ide.mcu.externaltools.gnu-tools-for-stm32.7-2018-q2-update.win32_1.0.0.201904181610/tools/bin/../lib/gcc/arm-none-eabi/7.3.1/../../../../arm-none-eabi/lib/thumb/v7-m\libc_nano.a(lib_a-memcpy-stub.o)
                0x000000000800679e                memcpy
 .text.memmove  0x00000000080067b4       0x32 c:/st/stm32cubeide_1.0.2/stm32cubeide/plugins/com.st.stm32cube.ide.mcu.externaltools.gnu-tools-for-stm32.7-2018-q2-update.win32_1.0.0.201904181610/tools/bin/../lib/gcc/arm-none-eabi/7.3.1/../../../../arm-none-eabi/lib/thumb/v7-m\libc_nano.a(lib_a-memmove.o)
                0x00000000080067b4                memmove
 *fill*         0x00000000080067e6        0x2 
 .text._free_r  0x00000000080067e8       0x98 c:/st/stm32cubeide_1.0.2/stm32cubeide/plugins/com.st.stm32cube.ide.mcu.externaltools.gnu-tools-for-stm32.7-2018-q2-update.win32_1.0.0.201904181610/tools/bin/../lib/gcc/arm-none-eabi/7.3.1/../../../../arm-none-eabi/lib/thumb/v7-m\libc_nano.a(lib_a-nano-freer.o)
                0x00000000080067e8                _free_r
 .text._malloc_r
                0x0000000008006880       0xb4 c:/st/stm32cubeide_1.0.2/stm32cubeide/plugins/com.st.stm32cube.ide.mcu.externaltools.gnu-tools-for-stm32.7-2018-q2-update.win32_1.0.0.201904181610/tools/bin/../lib/gcc/arm-none-eabi/7.3.1/../../../../arm-none-eabi/lib/thumb/v7-m\libc_nano.a(lib_a-nano-mallocr.o)
                0x0000000008006880                _malloc_r
 .text._realloc_r
                0x0000000008006934       0x4c c:/st/stm32cubeide_1.0.2/stm32cubeide/plugins/com.st.stm32cube.ide.mcu.externaltools.gnu-tools-for-stm32.7-2018-q2-update.win32_1.0.0.201904181610/tools/bin/../lib/gcc/arm-none-eabi/7.3.1/../../../../arm-none-eabi/lib/thumb/v7-m\libc_nano.a(lib_a-nano-reallocr.o)
                0x0000000008006934                _realloc_r
 .text._sbrk_r  0x0000000008006980       0x20 c:/st/stm32cubeide_1.0.2/stm32cubeide/plugins/com.st.stm32cube.ide.mcu.externaltools.gnu-tools-for-stm32.7-2018-q2-update.win32_1.0.0.201904181610/tools/bin/../lib/gcc/arm-none-eabi/7.3.1/../../../../arm-none-eabi/lib/thumb/v7-m\libc_nano.a(lib_a-sbrkr.o)
                0x0000000008006980                _sbrk_r
 .text.__malloc_lock
                0x00000000080069a0        0x2 c:/st/stm32cubeide_1.0.2/stm32cubeide/plugins/com.st.stm32cube.ide.mcu.externaltools.gnu-tools-for-stm32.7-2018-q2-update.win32_1.0.0.201904181610/tools/bin/../lib/gcc/arm-none-eabi/7.3.1/../../../../arm-none-eabi/lib/thumb/v7-m\libc_nano.a(lib_a-mlock.o)
                0x00000000080069a0                __malloc_lock
 .text.__malloc_unlock
                0x00000000080069a2        0x2 c:/st/stm32cubeide_1.0.2/stm32cubeide/plugins/com.st.stm32cube.ide.mcu.externaltools.gnu-tools-for-stm32.7-2018-q2-update.win32_1.0.0.201904181610/tools/bin/../lib/gcc/arm-none-eabi/7.3.1/../../../../arm-none-eabi/lib/thumb/v7-m\libc_nano.a(lib_a-mlock.o)
                0x00000000080069a2                __malloc_unlock
 .text._malloc_usable_size_r
                0x00000000080069a4       0x10 c:/st/stm32cubeide_1.0.2/stm32cubeide/plugins/com.st.stm32cube.ide.mcu.externaltools.gnu-tools-for-stm32.7-2018-q2-update.win32_1.0.0.201904181610/tools/bin/../lib/gcc/arm-none-eabi/7.3.1/../../../../arm-none-eabi/lib/thumb/v7-m\libc_nano.a(lib_a-nano-msizer.o)
                0x00000000080069a4                _malloc_usable_size_r
 .text._sbrk    0x00000000080069b4       0x1c c:/st/stm32cubeide_1.0.2/stm32cubeide/plugins/com.st.stm32cube.ide.mcu.externaltools.gnu-tools-for-stm32.7-2018-q2-update.win32_1.0.0.201904181610/tools/bin/../lib/gcc/arm-none-eabi/7.3.1/../../../../arm-none-eabi/lib/thumb/v7-m\libnosys.a(sbrk.o)
                0x00000000080069b4                _sbrk
 *(.glue_7)
 .glue_7        0x00000000080069d0        0x0 linker stubs
 *(.glue_7t)
 .glue_7t       0x00000000080069d0        0x0 linker stubs
 *(.eh_frame)
 .eh_frame      0x00000000080069d0        0x0 c:/st/stm32cubeide_1.0.2/stm32cubeide/plugins/com.st.stm32cube.ide.mcu.externaltools.gnu-tools-for-stm32.7-2018-q2-update.win32_1.0.0.201904181610/tools/bin/../lib/gcc/arm-none-eabi/7.3.1/thumb/v7-m/crtbegin.o
 *(.init)
 .init          0x00000000080069d0        0x4 c:/st/stm32cubeide_1.0.2/stm32cubeide/plugins/com.st.stm32cube.ide.mcu.externaltools.gnu-tools-for-stm32.7-2018-q2-update.win32_1.0.0.201904181610/tools/bin/../lib/gcc/arm-none-eabi/7.3.1/thumb/v7-m/crti.o
                0x00000000080069d0                _init
 .init          0x00000000080069d4        0x8 c:/st/stm32cubeide_1.0.2/stm32cubeide/plugins/com.st.stm32cube.ide.mcu.externaltools.gnu-tools-for-stm32.7-2018-q2-update.win32_1.0.0.201904181610/tools/bin/../lib/gcc/arm-none-eabi/7.3.1/thumb/v7-m/crtn.o
 *(.fini)
 .fini          0x00000000080069dc        0x4 c:/st/stm32cubeide_1.0.2/stm32cubeide/plugins/com.st.stm32cube.ide.mcu.externaltools.gnu-tools-for-stm32.7-2018-q2-update.win32_1.0.0.201904181610/tools/bin/../lib/gcc/arm-none-eabi/7.3.1/thumb/v7-m/crti.o
                0x00000000080069dc                _fini
 .fini          0x00000000080069e0        0x8 c:/st/stm32cubeide_1.0.2/stm32cubeide/plugins/com.st.stm32cube.ide.mcu.externaltools.gnu-tools-for-stm32.7-2018-q2-update.win32_1.0.0.201904181610/tools/bin/../lib/gcc/arm-none-eabi/7.3.1/thumb/v7-m/crtn.o
                0x00000000080069e8                . = ALIGN (0x4)
                0x00000000080069e8                _etext = .

.vfp11_veneer   0x00000000080069e8        0x0
 .vfp11_veneer  0x00000000080069e8        0x0 linker stubs

.v4_bx          0x00000000080069e8        0x0
 .v4_bx         0x00000000080069e8        0x0 linker stubs

.iplt           0x00000000080069e8        0x0
 .iplt          0x00000000080069e8        0x0 c:/st/stm32cubeide_1.0.2/stm32cubeide/plugins/com.st.stm32cube.ide.mcu.externaltools.gnu-tools-for-stm32.7-2018-q2-update.win32_1.0.0.201904181610/tools/bin/../lib/gcc/arm-none-eabi/7.3.1/thumb/v7-m/crtbegin.o

.rodata         0x00000000080069e8      0x298
                0x00000000080069e8                . = ALIGN (0x4)
 *(.rodata)
 .rodata        0x00000000080069e8       0x12 Drivers/STM32F1xx_HAL_Driver/Src/stm32f1xx_hal_rcc.o
 *fill*         0x00000000080069fa        0x2 
 .rodata        0x00000000080069fc       0x12 Drivers/STM32F1xx_HAL_Driver/Src/stm32f1xx_hal_rcc_ex.o
 *fill*         0x0000000008006a0e        0x2 
 .rodata        0x0000000008006a10       0x18 Src/system_stm32f1xx.o
                0x0000000008006a10                AHBPrescTable
                0x0000000008006a20                APBPrescTable
 .rodata        0x0000000008006a28       0xb4 Src/decadriver/deca_params_init.o
                0x0000000008006a28                lde_replicaCoeff
                0x0000000008006a5c                digital_bb_config
                0x0000000008006a7c                dtune1
                0x0000000008006a80                sftsh
                0x0000000008006a8c                dwnsSFDlen
                0x0000000008006a90                agc_config
                0x0000000008006a98                rx_config
                0x0000000008006a9c                fs_pll_tune
                0x0000000008006aa4                fs_pll_cfg
                0x0000000008006abc                tx_config
                0x0000000008006ad4                chan_idx
 .rodata        0x0000000008006adc       0x30 UWB/Pos_functions.o
 *(.rodata*)
 .rodata.str1.4
                0x0000000008006b0c       0x34 Src/main.o
                                         0x32 (size before relaxing)
 .rodata._setlocale_r.str1.1
                0x0000000008006b40        0x8 c:/st/stm32cubeide_1.0.2/stm32cubeide/plugins/com.st.stm32cube.ide.mcu.externaltools.gnu-tools-for-stm32.7-2018-q2-update.win32_1.0.0.201904181610/tools/bin/../lib/gcc/arm-none-eabi/7.3.1/../../../../arm-none-eabi/lib/thumb/v7-m\libc_nano.a(lib_a-locale.o)
                                          0x9 (size before relaxing)
 .rodata.str1.1
                0x0000000008006b48        0x2 c:/st/stm32cubeide_1.0.2/stm32cubeide/plugins/com.st.stm32cube.ide.mcu.externaltools.gnu-tools-for-stm32.7-2018-q2-update.win32_1.0.0.201904181610/tools/bin/../lib/gcc/arm-none-eabi/7.3.1/../../../../arm-none-eabi/lib/thumb/v7-m\libc_nano.a(lib_a-locale.o)
 .rodata._svfprintf_r.str1.1
                0x0000000008006b4a       0x11 c:/st/stm32cubeide_1.0.2/stm32cubeide/plugins/com.st.stm32cube.ide.mcu.externaltools.gnu-tools-for-stm32.7-2018-q2-update.win32_1.0.0.201904181610/tools/bin/../lib/gcc/arm-none-eabi/7.3.1/../../../../arm-none-eabi/lib/thumb/v7-m\libc_nano.a(lib_a-nano-svfprintf.o)
 .rodata._printf_i.str1.1
                0x0000000008006b5b       0x22 c:/st/stm32cubeide_1.0.2/stm32cubeide/plugins/com.st.stm32cube.ide.mcu.externaltools.gnu-tools-for-stm32.7-2018-q2-update.win32_1.0.0.201904181610/tools/bin/../lib/gcc/arm-none-eabi/7.3.1/../../../../arm-none-eabi/lib/thumb/v7-m\libc_nano.a(lib_a-nano-vfprintf_i.o)
 .rodata._ctype_
                0x0000000008006b7d      0x101 c:/st/stm32cubeide_1.0.2/stm32cubeide/plugins/com.st.stm32cube.ide.mcu.externaltools.gnu-tools-for-stm32.7-2018-q2-update.win32_1.0.0.201904181610/tools/bin/../lib/gcc/arm-none-eabi/7.3.1/../../../../arm-none-eabi/lib/thumb/v7-m\libc_nano.a(lib_a-ctype_.o)
                0x0000000008006b7d                _ctype_
                0x0000000008006c80                . = ALIGN (0x4)
 *fill*         0x0000000008006c7e        0x2 

.rel.dyn        0x0000000008006c80        0x0
 .rel.iplt      0x0000000008006c80        0x0 c:/st/stm32cubeide_1.0.2/stm32cubeide/plugins/com.st.stm32cube.ide.mcu.externaltools.gnu-tools-for-stm32.7-2018-q2-update.win32_1.0.0.201904181610/tools/bin/../lib/gcc/arm-none-eabi/7.3.1/thumb/v7-m/crtbegin.o

.ARM.extab
 *(.ARM.extab* .gnu.linkonce.armextab.*)

.ARM            0x0000000008006c80        0x0
                0x0000000008006c80                __exidx_start = .
 *(.ARM.exidx*)
                0x0000000008006c80                __exidx_end = .

.preinit_array  0x0000000008006c80        0x0
                0x0000000008006c80                PROVIDE (__preinit_array_start = .)
 *(.preinit_array*)
                0x0000000008006c80                PROVIDE (__preinit_array_end = .)

.init_array     0x0000000008006c80        0x4
                0x0000000008006c80                PROVIDE (__init_array_start = .)
 *(SORT_BY_NAME(.init_array.*))
 *(.init_array*)
 .init_array    0x0000000008006c80        0x4 c:/st/stm32cubeide_1.0.2/stm32cubeide/plugins/com.st.stm32cube.ide.mcu.externaltools.gnu-tools-for-stm32.7-2018-q2-update.win32_1.0.0.201904181610/tools/bin/../lib/gcc/arm-none-eabi/7.3.1/thumb/v7-m/crtbegin.o
                0x0000000008006c84                PROVIDE (__init_array_end = .)

.fini_array     0x0000000008006c84        0x4
                [!provide]                        PROVIDE (__fini_array_start = .)
 *(SORT_BY_NAME(.fini_array.*))
 *(.fini_array*)
 .fini_array    0x0000000008006c84        0x4 c:/st/stm32cubeide_1.0.2/stm32cubeide/plugins/com.st.stm32cube.ide.mcu.externaltools.gnu-tools-for-stm32.7-2018-q2-update.win32_1.0.0.201904181610/tools/bin/../lib/gcc/arm-none-eabi/7.3.1/thumb/v7-m/crtbegin.o
                [!provide]                        PROVIDE (__fini_array_end = .)
                0x0000000008006c88                _sidata = LOADADDR (.data)

.data           0x0000000020000000      0x214 load address 0x0000000008006c88
                0x0000000020000000                . = ALIGN (0x4)
                0x0000000020000000                _sdata = .
 *(.data)
 .data          0x0000000020000000        0x8 Drivers/STM32F1xx_HAL_Driver/Src/stm32f1xx_hal.o
                0x0000000020000000                uwTickFreq
                0x0000000020000004                uwTickPrio
 .data          0x0000000020000008        0x4 Src/system_stm32f1xx.o
                0x0000000020000008                SystemCoreClock
 .data          0x000000002000000c        0x4 Src/decadriver/deca_device.o
 .data          0x0000000020000010       0x34 UWB/Pos_functions.o
 *(.data*)
 .data._impure_ptr
                0x0000000020000044        0x4 c:/st/stm32cubeide_1.0.2/stm32cubeide/plugins/com.st.stm32cube.ide.mcu.externaltools.gnu-tools-for-stm32.7-2018-q2-update.win32_1.0.0.201904181610/tools/bin/../lib/gcc/arm-none-eabi/7.3.1/../../../../arm-none-eabi/lib/thumb/v7-m\libc_nano.a(lib_a-impure.o)
                0x0000000020000044                _impure_ptr
 .data.impure_data
                0x0000000020000048       0x60 c:/st/stm32cubeide_1.0.2/stm32cubeide/plugins/com.st.stm32cube.ide.mcu.externaltools.gnu-tools-for-stm32.7-2018-q2-update.win32_1.0.0.201904181610/tools/bin/../lib/gcc/arm-none-eabi/7.3.1/../../../../arm-none-eabi/lib/thumb/v7-m\libc_nano.a(lib_a-impure.o)
 .data.__global_locale
                0x00000000200000a8      0x16c c:/st/stm32cubeide_1.0.2/stm32cubeide/plugins/com.st.stm32cube.ide.mcu.externaltools.gnu-tools-for-stm32.7-2018-q2-update.win32_1.0.0.201904181610/tools/bin/../lib/gcc/arm-none-eabi/7.3.1/../../../../arm-none-eabi/lib/thumb/v7-m\libc_nano.a(lib_a-locale.o)
                0x00000000200000a8                __global_locale
                0x0000000020000214                . = ALIGN (0x4)
                0x0000000020000214                _edata = .

.igot.plt       0x0000000020000214        0x0 load address 0x0000000008006e9c
 .igot.plt      0x0000000020000214        0x0 c:/st/stm32cubeide_1.0.2/stm32cubeide/plugins/com.st.stm32cube.ide.mcu.externaltools.gnu-tools-for-stm32.7-2018-q2-update.win32_1.0.0.201904181610/tools/bin/../lib/gcc/arm-none-eabi/7.3.1/thumb/v7-m/crtbegin.o
                0x0000000020000214                . = ALIGN (0x4)

.bss            0x0000000020000218      0xa74 load address 0x0000000008006e9c
                0x0000000020000218                _sbss = .
                0x0000000020000218                __bss_start__ = _sbss
 *(.bss)
 .bss           0x0000000020000218       0x1c c:/st/stm32cubeide_1.0.2/stm32cubeide/plugins/com.st.stm32cube.ide.mcu.externaltools.gnu-tools-for-stm32.7-2018-q2-update.win32_1.0.0.201904181610/tools/bin/../lib/gcc/arm-none-eabi/7.3.1/thumb/v7-m/crtbegin.o
 .bss           0x0000000020000234        0x1 Middlewares/ST/STM32_USB_Device_Library/Core/Src/usbd_ctlreq.o
 *fill*         0x0000000020000235        0x3 
 .bss           0x0000000020000238       0x38 Src/main.o
                0x0000000020000238                deviceID
                0x000000002000023c                usbRxFlag
                0x0000000020000240                debugTimer
                0x0000000020000244                TPH_state
                0x0000000020000245                transmitEnable
                0x0000000020000246                distCnt
                0x0000000020000248                distanceAccu64
                0x0000000020000250                distanceAvg64
                0x0000000020000258                distanceAvg
                0x0000000020000260                distanceAccu
                0x0000000020000268                debugCmd
                0x000000002000026c                debugMsg
 .bss           0x0000000020000270       0x38 Src/decadriver/deca_device.o
 .bss           0x00000000200002a8        0x8 Src/platform/port.o
                0x00000000200002a8                port_deca_isr
 .bss           0x00000000200002b0       0x30 UWB/Pos_functions.o
 *(.bss*)
 .bss.__malloc_free_list
                0x00000000200002e0        0x4 c:/st/stm32cubeide_1.0.2/stm32cubeide/plugins/com.st.stm32cube.ide.mcu.externaltools.gnu-tools-for-stm32.7-2018-q2-update.win32_1.0.0.201904181610/tools/bin/../lib/gcc/arm-none-eabi/7.3.1/../../../../arm-none-eabi/lib/thumb/v7-m\libc_nano.a(lib_a-nano-mallocr.o)
                0x00000000200002e0                __malloc_free_list
 .bss.__malloc_sbrk_start
                0x00000000200002e4        0x4 c:/st/stm32cubeide_1.0.2/stm32cubeide/plugins/com.st.stm32cube.ide.mcu.externaltools.gnu-tools-for-stm32.7-2018-q2-update.win32_1.0.0.201904181610/tools/bin/../lib/gcc/arm-none-eabi/7.3.1/../../../../arm-none-eabi/lib/thumb/v7-m\libc_nano.a(lib_a-nano-mallocr.o)
                0x00000000200002e4                __malloc_sbrk_start
 .bss.heap_end.4102
                0x00000000200002e8        0x4 c:/st/stm32cubeide_1.0.2/stm32cubeide/plugins/com.st.stm32cube.ide.mcu.externaltools.gnu-tools-for-stm32.7-2018-q2-update.win32_1.0.0.201904181610/tools/bin/../lib/gcc/arm-none-eabi/7.3.1/../../../../arm-none-eabi/lib/thumb/v7-m\libnosys.a(sbrk.o)
 *(COMMON)
 COMMON         0x00000000200002ec        0x4 Drivers/STM32F1xx_HAL_Driver/Src/stm32f1xx_hal.o
                0x00000000200002ec                uwTick
 COMMON         0x00000000200002f0      0x170 Src/config.o
                0x00000000200002f0                hspi2
                0x0000000020000348                huart3
                0x0000000020000388                hi2c1
                0x00000000200003dc                hadc1
                0x000000002000040c                hrtc
                0x0000000020000420                htim2
 COMMON         0x0000000020000460      0x1a4 Src/main.o
                0x0000000020000460                rxdiag
                0x0000000020000470                b
                0x0000000020000474                oldTxDelay
                0x0000000020000478                whoamI
                0x000000002000047c                TPHdata
                0x0000000020000488                accel
                0x0000000020000490                globalUWBData
                0x00000000200004b0                testTagDist
                0x00000000200004b8                intBuf
                0x000000002000051c                gyro
                0x0000000020000524                c
                0x0000000020000528                globalTof
                0x0000000020000530                result32
                0x0000000020000538                globalDistance
                0x0000000020000540                d
                0x0000000020000544                newTxDelay
                0x0000000020000548                intBufAux
                0x000000002000057c                TPHdevice
                0x00000000200005bc                IMU_Readout
                0x00000000200005d0                a
                0x00000000200005d4                mag
                0x00000000200005dc                usbRxBuffer
 COMMON         0x0000000020000604      0x224 Src/usb_device.o
                0x0000000020000604                hUsbDeviceFS
 COMMON         0x0000000020000828      0x460 Src/usbd_conf.o
                0x0000000020000828                hpcd_USB_FS
 COMMON         0x0000000020000c88        0x4 c:/st/stm32cubeide_1.0.2/stm32cubeide/plugins/com.st.stm32cube.ide.mcu.externaltools.gnu-tools-for-stm32.7-2018-q2-update.win32_1.0.0.201904181610/tools/bin/../lib/gcc/arm-none-eabi/7.3.1/../../../../arm-none-eabi/lib/thumb/v7-m\libc_nano.a(lib_a-reent.o)
                0x0000000020000c88                errno
                0x0000000020000c8c                . = ALIGN (0x4)
                0x0000000020000c8c                _ebss = .
                0x0000000020000c8c                __bss_end__ = _ebss

._user_heap_stack
                0x0000000020000c8c      0x604 load address 0x0000000008006e9c
                0x0000000020000c90                . = ALIGN (0x8)
 *fill*         0x0000000020000c8c        0x4 
                0x0000000020000c90                PROVIDE (end = .)
                [!provide]                        PROVIDE (_end = .)
                0x0000000020000e90                . = (. + _Min_Heap_Size)
 *fill*         0x0000000020000c90      0x200 
                0x0000000020001290                . = (. + _Min_Stack_Size)
 *fill*         0x0000000020000e90      0x400 
                0x0000000020001290                . = ALIGN (0x8)

/DISCARD/
 libc.a(*)
 libm.a(*)
 libgcc.a(*)

.ARM.attributes
                0x0000000000000000       0x29
 *(.ARM.attributes)
 .ARM.attributes
                0x0000000000000000       0x1d c:/st/stm32cubeide_1.0.2/stm32cubeide/plugins/com.st.stm32cube.ide.mcu.externaltools.gnu-tools-for-stm32.7-2018-q2-update.win32_1.0.0.201904181610/tools/bin/../lib/gcc/arm-none-eabi/7.3.1/thumb/v7-m/crti.o
 .ARM.attributes
                0x000000000000001d       0x2d c:/st/stm32cubeide_1.0.2/stm32cubeide/plugins/com.st.stm32cube.ide.mcu.externaltools.gnu-tools-for-stm32.7-2018-q2-update.win32_1.0.0.201904181610/tools/bin/../lib/gcc/arm-none-eabi/7.3.1/thumb/v7-m/crtbegin.o
 .ARM.attributes
                0x000000000000004a       0x33 Drivers/STM32F1xx_HAL_Driver/Src/stm32f1xx_hal.o
 .ARM.attributes
                0x000000000000007d       0x33 Drivers/STM32F1xx_HAL_Driver/Src/stm32f1xx_hal_adc.o
 .ARM.attributes
                0x00000000000000b0       0x33 Drivers/STM32F1xx_HAL_Driver/Src/stm32f1xx_hal_cortex.o
 .ARM.attributes
                0x00000000000000e3       0x33 Drivers/STM32F1xx_HAL_Driver/Src/stm32f1xx_hal_dma.o
 .ARM.attributes
                0x0000000000000116       0x33 Drivers/STM32F1xx_HAL_Driver/Src/stm32f1xx_hal_gpio.o
 .ARM.attributes
                0x0000000000000149       0x33 Drivers/STM32F1xx_HAL_Driver/Src/stm32f1xx_hal_i2c.o
 .ARM.attributes
                0x000000000000017c       0x33 Drivers/STM32F1xx_HAL_Driver/Src/stm32f1xx_hal_pcd.o
 .ARM.attributes
                0x00000000000001af       0x33 Drivers/STM32F1xx_HAL_Driver/Src/stm32f1xx_hal_pwr.o
 .ARM.attributes
                0x00000000000001e2       0x33 Drivers/STM32F1xx_HAL_Driver/Src/stm32f1xx_hal_rcc.o
 .ARM.attributes
                0x0000000000000215       0x33 Drivers/STM32F1xx_HAL_Driver/Src/stm32f1xx_hal_rcc_ex.o
 .ARM.attributes
                0x0000000000000248       0x33 Drivers/STM32F1xx_HAL_Driver/Src/stm32f1xx_hal_rtc.o
 .ARM.attributes
                0x000000000000027b       0x33 Drivers/STM32F1xx_HAL_Driver/Src/stm32f1xx_hal_rtc_ex.o
 .ARM.attributes
                0x00000000000002ae       0x33 Drivers/STM32F1xx_HAL_Driver/Src/stm32f1xx_hal_spi.o
 .ARM.attributes
                0x00000000000002e1       0x33 Drivers/STM32F1xx_HAL_Driver/Src/stm32f1xx_hal_spi_ex.o
 .ARM.attributes
                0x0000000000000314       0x33 Drivers/STM32F1xx_HAL_Driver/Src/stm32f1xx_hal_tim.o
 .ARM.attributes
                0x0000000000000347       0x33 Drivers/STM32F1xx_HAL_Driver/Src/stm32f1xx_hal_tim_ex.o
 .ARM.attributes
                0x000000000000037a       0x33 Drivers/STM32F1xx_HAL_Driver/Src/stm32f1xx_hal_uart.o
 .ARM.attributes
                0x00000000000003ad       0x33 Drivers/STM32F1xx_HAL_Driver/Src/stm32f1xx_ll_usb.o
 .ARM.attributes
                0x00000000000003e0       0x33 Middlewares/ST/STM32_USB_Device_Library/Class/CDC/Src/usbd_cdc.o
 .ARM.attributes
                0x0000000000000413       0x33 Middlewares/ST/STM32_USB_Device_Library/Core/Src/usbd_core.o
 .ARM.attributes
                0x0000000000000446       0x33 Middlewares/ST/STM32_USB_Device_Library/Core/Src/usbd_ctlreq.o
 .ARM.attributes
                0x0000000000000479       0x33 Middlewares/ST/STM32_USB_Device_Library/Core/Src/usbd_ioreq.o
 .ARM.attributes
                0x00000000000004ac       0x33 Src/config.o
 .ARM.attributes
                0x00000000000004df       0x33 Src/main.o
 .ARM.attributes
                0x0000000000000512       0x33 Src/stm32f1xx_hal_msp.o
 .ARM.attributes
                0x0000000000000545       0x33 Src/stm32f1xx_it.o
 .ARM.attributes
                0x0000000000000578       0x33 Src/system_stm32f1xx.o
 .ARM.attributes
                0x00000000000005ab       0x33 Src/usb_device.o
 .ARM.attributes
                0x00000000000005de       0x33 Src/usbd_cdc_if.o
 .ARM.attributes
                0x0000000000000611       0x33 Src/usbd_conf.o
 .ARM.attributes
                0x0000000000000644       0x33 Src/decadriver/deca_device.o
 .ARM.attributes
                0x0000000000000677       0x33 Src/decadriver/deca_params_init.o
 .ARM.attributes
                0x00000000000006aa       0x33 Src/platform/deca_mutex.o
 .ARM.attributes
                0x00000000000006dd       0x33 Src/platform/deca_sleep.o
 .ARM.attributes
                0x0000000000000710       0x33 Src/platform/deca_spi.o
 .ARM.attributes
                0x0000000000000743       0x33 Src/platform/port.o
 .ARM.attributes
                0x0000000000000776       0x33 UWB/Pos_functions.o
 .ARM.attributes
                0x00000000000007a9       0x21 startup/startup_stm32f103xb.o
 .ARM.attributes
                0x00000000000007ca       0x2d c:/st/stm32cubeide_1.0.2/stm32cubeide/plugins/com.st.stm32cube.ide.mcu.externaltools.gnu-tools-for-stm32.7-2018-q2-update.win32_1.0.0.201904181610/tools/bin/../lib/gcc/arm-none-eabi/7.3.1/../../../../arm-none-eabi/lib/thumb/v7-m\libc_nano.a(lib_a-atoi.o)
 .ARM.attributes
                0x00000000000007f7       0x2d c:/st/stm32cubeide_1.0.2/stm32cubeide/plugins/com.st.stm32cube.ide.mcu.externaltools.gnu-tools-for-stm32.7-2018-q2-update.win32_1.0.0.201904181610/tools/bin/../lib/gcc/arm-none-eabi/7.3.1/../../../../arm-none-eabi/lib/thumb/v7-m\libc_nano.a(lib_a-impure.o)
 .ARM.attributes
                0x0000000000000824       0x2d c:/st/stm32cubeide_1.0.2/stm32cubeide/plugins/com.st.stm32cube.ide.mcu.externaltools.gnu-tools-for-stm32.7-2018-q2-update.win32_1.0.0.201904181610/tools/bin/../lib/gcc/arm-none-eabi/7.3.1/../../../../arm-none-eabi/lib/thumb/v7-m\libc_nano.a(lib_a-init.o)
 .ARM.attributes
                0x0000000000000851       0x2d c:/st/stm32cubeide_1.0.2/stm32cubeide/plugins/com.st.stm32cube.ide.mcu.externaltools.gnu-tools-for-stm32.7-2018-q2-update.win32_1.0.0.201904181610/tools/bin/../lib/gcc/arm-none-eabi/7.3.1/../../../../arm-none-eabi/lib/thumb/v7-m\libc_nano.a(lib_a-memcmp.o)
 .ARM.attributes
                0x000000000000087e       0x2d c:/st/stm32cubeide_1.0.2/stm32cubeide/plugins/com.st.stm32cube.ide.mcu.externaltools.gnu-tools-for-stm32.7-2018-q2-update.win32_1.0.0.201904181610/tools/bin/../lib/gcc/arm-none-eabi/7.3.1/../../../../arm-none-eabi/lib/thumb/v7-m\libc_nano.a(lib_a-sprintf.o)
 .ARM.attributes
                0x00000000000008ab       0x2d c:/st/stm32cubeide_1.0.2/stm32cubeide/plugins/com.st.stm32cube.ide.mcu.externaltools.gnu-tools-for-stm32.7-2018-q2-update.win32_1.0.0.201904181610/tools/bin/../lib/gcc/arm-none-eabi/7.3.1/../../../../arm-none-eabi/lib/thumb/v7-m\libc_nano.a(lib_a-strtol.o)
 .ARM.attributes
                0x00000000000008d8       0x2d c:/st/stm32cubeide_1.0.2/stm32cubeide/plugins/com.st.stm32cube.ide.mcu.externaltools.gnu-tools-for-stm32.7-2018-q2-update.win32_1.0.0.201904181610/tools/bin/../lib/gcc/arm-none-eabi/7.3.1/../../../../arm-none-eabi/lib/thumb/v7-m\libc_nano.a(lib_a-locale.o)
 .ARM.attributes
                0x0000000000000905       0x2d c:/st/stm32cubeide_1.0.2/stm32cubeide/plugins/com.st.stm32cube.ide.mcu.externaltools.gnu-tools-for-stm32.7-2018-q2-update.win32_1.0.0.201904181610/tools/bin/../lib/gcc/arm-none-eabi/7.3.1/../../../../arm-none-eabi/lib/thumb/v7-m\libc_nano.a(lib_a-mbtowc_r.o)
 .ARM.attributes
                0x0000000000000932       0x2d c:/st/stm32cubeide_1.0.2/stm32cubeide/plugins/com.st.stm32cube.ide.mcu.externaltools.gnu-tools-for-stm32.7-2018-q2-update.win32_1.0.0.201904181610/tools/bin/../lib/gcc/arm-none-eabi/7.3.1/../../../../arm-none-eabi/lib/thumb/v7-m\libc_nano.a(lib_a-nano-svfprintf.o)
 .ARM.attributes
                0x000000000000095f       0x2d c:/st/stm32cubeide_1.0.2/stm32cubeide/plugins/com.st.stm32cube.ide.mcu.externaltools.gnu-tools-for-stm32.7-2018-q2-update.win32_1.0.0.201904181610/tools/bin/../lib/gcc/arm-none-eabi/7.3.1/../../../../arm-none-eabi/lib/thumb/v7-m\libc_nano.a(lib_a-nano-vfprintf_i.o)
 .ARM.attributes
                0x000000000000098c       0x2d c:/st/stm32cubeide_1.0.2/stm32cubeide/plugins/com.st.stm32cube.ide.mcu.externaltools.gnu-tools-for-stm32.7-2018-q2-update.win32_1.0.0.201904181610/tools/bin/../lib/gcc/arm-none-eabi/7.3.1/../../../../arm-none-eabi/lib/thumb/v7-m\libc_nano.a(lib_a-wctomb_r.o)
 .ARM.attributes
                0x00000000000009b9       0x2d c:/st/stm32cubeide_1.0.2/stm32cubeide/plugins/com.st.stm32cube.ide.mcu.externaltools.gnu-tools-for-stm32.7-2018-q2-update.win32_1.0.0.201904181610/tools/bin/../lib/gcc/arm-none-eabi/7.3.1/../../../../arm-none-eabi/lib/thumb/v7-m\libc_nano.a(lib_a-ctype_.o)
 .ARM.attributes
                0x00000000000009e6       0x2d c:/st/stm32cubeide_1.0.2/stm32cubeide/plugins/com.st.stm32cube.ide.mcu.externaltools.gnu-tools-for-stm32.7-2018-q2-update.win32_1.0.0.201904181610/tools/bin/../lib/gcc/arm-none-eabi/7.3.1/../../../../arm-none-eabi/lib/thumb/v7-m\libc_nano.a(lib_a-memchr-stub.o)
 .ARM.attributes
                0x0000000000000a13       0x2d c:/st/stm32cubeide_1.0.2/stm32cubeide/plugins/com.st.stm32cube.ide.mcu.externaltools.gnu-tools-for-stm32.7-2018-q2-update.win32_1.0.0.201904181610/tools/bin/../lib/gcc/arm-none-eabi/7.3.1/../../../../arm-none-eabi/lib/thumb/v7-m\libc_nano.a(lib_a-memcpy-stub.o)
 .ARM.attributes
                0x0000000000000a40       0x2d c:/st/stm32cubeide_1.0.2/stm32cubeide/plugins/com.st.stm32cube.ide.mcu.externaltools.gnu-tools-for-stm32.7-2018-q2-update.win32_1.0.0.201904181610/tools/bin/../lib/gcc/arm-none-eabi/7.3.1/../../../../arm-none-eabi/lib/thumb/v7-m\libc_nano.a(lib_a-memmove.o)
 .ARM.attributes
                0x0000000000000a6d       0x2d c:/st/stm32cubeide_1.0.2/stm32cubeide/plugins/com.st.stm32cube.ide.mcu.externaltools.gnu-tools-for-stm32.7-2018-q2-update.win32_1.0.0.201904181610/tools/bin/../lib/gcc/arm-none-eabi/7.3.1/../../../../arm-none-eabi/lib/thumb/v7-m\libc_nano.a(lib_a-nano-freer.o)
 .ARM.attributes
                0x0000000000000a9a       0x2d c:/st/stm32cubeide_1.0.2/stm32cubeide/plugins/com.st.stm32cube.ide.mcu.externaltools.gnu-tools-for-stm32.7-2018-q2-update.win32_1.0.0.201904181610/tools/bin/../lib/gcc/arm-none-eabi/7.3.1/../../../../arm-none-eabi/lib/thumb/v7-m\libc_nano.a(lib_a-nano-mallocr.o)
 .ARM.attributes
                0x0000000000000ac7       0x2d c:/st/stm32cubeide_1.0.2/stm32cubeide/plugins/com.st.stm32cube.ide.mcu.externaltools.gnu-tools-for-stm32.7-2018-q2-update.win32_1.0.0.201904181610/tools/bin/../lib/gcc/arm-none-eabi/7.3.1/../../../../arm-none-eabi/lib/thumb/v7-m\libc_nano.a(lib_a-nano-reallocr.o)
 .ARM.attributes
                0x0000000000000af4       0x2d c:/st/stm32cubeide_1.0.2/stm32cubeide/plugins/com.st.stm32cube.ide.mcu.externaltools.gnu-tools-for-stm32.7-2018-q2-update.win32_1.0.0.201904181610/tools/bin/../lib/gcc/arm-none-eabi/7.3.1/../../../../arm-none-eabi/lib/thumb/v7-m\libc_nano.a(lib_a-sbrkr.o)
 .ARM.attributes
                0x0000000000000b21       0x2d c:/st/stm32cubeide_1.0.2/stm32cubeide/plugins/com.st.stm32cube.ide.mcu.externaltools.gnu-tools-for-stm32.7-2018-q2-update.win32_1.0.0.201904181610/tools/bin/../lib/gcc/arm-none-eabi/7.3.1/../../../../arm-none-eabi/lib/thumb/v7-m\libc_nano.a(lib_a-mlock.o)
 .ARM.attributes
                0x0000000000000b4e       0x2d c:/st/stm32cubeide_1.0.2/stm32cubeide/plugins/com.st.stm32cube.ide.mcu.externaltools.gnu-tools-for-stm32.7-2018-q2-update.win32_1.0.0.201904181610/tools/bin/../lib/gcc/arm-none-eabi/7.3.1/../../../../arm-none-eabi/lib/thumb/v7-m\libc_nano.a(lib_a-nano-msizer.o)
 .ARM.attributes
                0x0000000000000b7b       0x2d c:/st/stm32cubeide_1.0.2/stm32cubeide/plugins/com.st.stm32cube.ide.mcu.externaltools.gnu-tools-for-stm32.7-2018-q2-update.win32_1.0.0.201904181610/tools/bin/../lib/gcc/arm-none-eabi/7.3.1/../../../../arm-none-eabi/lib/thumb/v7-m\libc_nano.a(lib_a-reent.o)
 .ARM.attributes
                0x0000000000000ba8       0x2d c:/st/stm32cubeide_1.0.2/stm32cubeide/plugins/com.st.stm32cube.ide.mcu.externaltools.gnu-tools-for-stm32.7-2018-q2-update.win32_1.0.0.201904181610/tools/bin/../lib/gcc/arm-none-eabi/7.3.1/../../../../arm-none-eabi/lib/thumb/v7-m\libnosys.a(sbrk.o)
 .ARM.attributes
                0x0000000000000bd5       0x1d c:/st/stm32cubeide_1.0.2/stm32cubeide/plugins/com.st.stm32cube.ide.mcu.externaltools.gnu-tools-for-stm32.7-2018-q2-update.win32_1.0.0.201904181610/tools/bin/../lib/gcc/arm-none-eabi/7.3.1/thumb/v7-m/crtn.o
OUTPUT(DW_Prime.elf elf32-littlearm)

.debug_info     0x0000000000000000    0x41f9e
 .debug_info    0x0000000000000000      0xfa0 Drivers/STM32F1xx_HAL_Driver/Src/stm32f1xx_hal.o
 .debug_info    0x0000000000000fa0     0x165d Drivers/STM32F1xx_HAL_Driver/Src/stm32f1xx_hal_adc.o
 .debug_info    0x00000000000025fd     0x14a8 Drivers/STM32F1xx_HAL_Driver/Src/stm32f1xx_hal_cortex.o
 .debug_info    0x0000000000003aa5     0x1047 Drivers/STM32F1xx_HAL_Driver/Src/stm32f1xx_hal_dma.o
 .debug_info    0x0000000000004aec      0xeba Drivers/STM32F1xx_HAL_Driver/Src/stm32f1xx_hal_gpio.o
 .debug_info    0x00000000000059a6     0x37cd Drivers/STM32F1xx_HAL_Driver/Src/stm32f1xx_hal_i2c.o
 .debug_info    0x0000000000009173     0x1a05 Drivers/STM32F1xx_HAL_Driver/Src/stm32f1xx_hal_pcd.o
 .debug_info    0x000000000000ab78      0xf96 Drivers/STM32F1xx_HAL_Driver/Src/stm32f1xx_hal_pwr.o
 .debug_info    0x000000000000bb0e     0x1222 Drivers/STM32F1xx_HAL_Driver/Src/stm32f1xx_hal_rcc.o
 .debug_info    0x000000000000cd30      0xc9a Drivers/STM32F1xx_HAL_Driver/Src/stm32f1xx_hal_rcc_ex.o
 .debug_info    0x000000000000d9ca     0x19ca Drivers/STM32F1xx_HAL_Driver/Src/stm32f1xx_hal_rtc.o
 .debug_info    0x000000000000f394      0xfc4 Drivers/STM32F1xx_HAL_Driver/Src/stm32f1xx_hal_rtc_ex.o
 .debug_info    0x0000000000010358     0x2180 Drivers/STM32F1xx_HAL_Driver/Src/stm32f1xx_hal_spi.o
 .debug_info    0x00000000000124d8      0xe58 Drivers/STM32F1xx_HAL_Driver/Src/stm32f1xx_hal_spi_ex.o
 .debug_info    0x0000000000013330     0x3693 Drivers/STM32F1xx_HAL_Driver/Src/stm32f1xx_hal_tim.o
 .debug_info    0x00000000000169c3     0x1adb Drivers/STM32F1xx_HAL_Driver/Src/stm32f1xx_hal_tim_ex.o
 .debug_info    0x000000000001849e     0x1eae Drivers/STM32F1xx_HAL_Driver/Src/stm32f1xx_hal_uart.o
 .debug_info    0x000000000001a34c     0x175f Drivers/STM32F1xx_HAL_Driver/Src/stm32f1xx_ll_usb.o
 .debug_info    0x000000000001baab     0x15b6 Middlewares/ST/STM32_USB_Device_Library/Class/CDC/Src/usbd_cdc.o
 .debug_info    0x000000000001d061     0x14de Middlewares/ST/STM32_USB_Device_Library/Core/Src/usbd_core.o
 .debug_info    0x000000000001e53f     0x169d Middlewares/ST/STM32_USB_Device_Library/Core/Src/usbd_ctlreq.o
 .debug_info    0x000000000001fbdc     0x1007 Middlewares/ST/STM32_USB_Device_Library/Core/Src/usbd_ioreq.o
 .debug_info    0x0000000000020be3     0x2272 Src/config.o
 .debug_info    0x0000000000022e55     0xb3cb Src/main.o
 .debug_info    0x000000000002e220     0x2170 Src/stm32f1xx_hal_msp.o
 .debug_info    0x0000000000030390     0x19b8 Src/stm32f1xx_it.o
 .debug_info    0x0000000000031d48      0xc48 Src/system_stm32f1xx.o
 .debug_info    0x0000000000032990      0xeb7 Src/usb_device.o
 .debug_info    0x0000000000033847     0x1140 Src/usbd_cdc_if.o
 .debug_info    0x0000000000034987     0x2098 Src/usbd_conf.o
 .debug_info    0x0000000000036a1f     0x4858 Src/decadriver/deca_device.o
 .debug_info    0x000000000003b277      0xaca Src/decadriver/deca_params_init.o
 .debug_info    0x000000000003bd41      0xa7a Src/platform/deca_mutex.o
 .debug_info    0x000000000003c7bb      0xa29 Src/platform/deca_sleep.o
 .debug_info    0x000000000003d1e4     0x119c Src/platform/deca_spi.o
 .debug_info    0x000000000003e380     0x1855 Src/platform/port.o
 .debug_info    0x000000000003fbd5     0x23a7 UWB/Pos_functions.o