Archive member included to satisfy reference by file (symbol)

c:/st/stm32cubeide_1.0.2/stm32cubeide/plugins/com.st.stm32cube.ide.mcu.externaltools.gnu-tools-for-stm32.7-2018-q2-update.win32_1.0.0.201904181610/tools/bin/../lib/gcc/arm-none-eabi/7.3.1/../../../../arm-none-eabi/lib/thumb/v7-m\libc_nano.a(lib_a-exit.o)
                              c:/st/stm32cubeide_1.0.2/stm32cubeide/plugins/com.st.stm32cube.ide.mcu.externaltools.gnu-tools-for-stm32.7-2018-q2-update.win32_1.0.0.201904181610/tools/bin/../lib/gcc/arm-none-eabi/7.3.1/../../../../arm-none-eabi/lib/thumb/v7-m/crt0.o (exit)
c:/st/stm32cubeide_1.0.2/stm32cubeide/plugins/com.st.stm32cube.ide.mcu.externaltools.gnu-tools-for-stm32.7-2018-q2-update.win32_1.0.0.201904181610/tools/bin/../lib/gcc/arm-none-eabi/7.3.1/../../../../arm-none-eabi/lib/thumb/v7-m\libc_nano.a(lib_a-impure.o)
                              c:/st/stm32cubeide_1.0.2/stm32cubeide/plugins/com.st.stm32cube.ide.mcu.externaltools.gnu-tools-for-stm32.7-2018-q2-update.win32_1.0.0.201904181610/tools/bin/../lib/gcc/arm-none-eabi/7.3.1/../../../../arm-none-eabi/lib/thumb/v7-m\libc_nano.a(lib_a-exit.o) (_global_impure_ptr)
c:/st/stm32cubeide_1.0.2/stm32cubeide/plugins/com.st.stm32cube.ide.mcu.externaltools.gnu-tools-for-stm32.7-2018-q2-update.win32_1.0.0.201904181610/tools/bin/../lib/gcc/arm-none-eabi/7.3.1/../../../../arm-none-eabi/lib/thumb/v7-m\libc_nano.a(lib_a-init.o)
                              c:/st/stm32cubeide_1.0.2/stm32cubeide/plugins/com.st.stm32cube.ide.mcu.externaltools.gnu-tools-for-stm32.7-2018-q2-update.win32_1.0.0.201904181610/tools/bin/../lib/gcc/arm-none-eabi/7.3.1/../../../../arm-none-eabi/lib/thumb/v7-m/crt0.o (__libc_init_array)
c:/st/stm32cubeide_1.0.2/stm32cubeide/plugins/com.st.stm32cube.ide.mcu.externaltools.gnu-tools-for-stm32.7-2018-q2-update.win32_1.0.0.201904181610/tools/bin/../lib/gcc/arm-none-eabi/7.3.1/../../../../arm-none-eabi/lib/thumb/v7-m\libc_nano.a(lib_a-memcmp.o)
                              UWB/Pos_functions.o (memcmp)
c:/st/stm32cubeide_1.0.2/stm32cubeide/plugins/com.st.stm32cube.ide.mcu.externaltools.gnu-tools-for-stm32.7-2018-q2-update.win32_1.0.0.201904181610/tools/bin/../lib/gcc/arm-none-eabi/7.3.1/../../../../arm-none-eabi/lib/thumb/v7-m\libc_nano.a(lib_a-memset.o)
                              c:/st/stm32cubeide_1.0.2/stm32cubeide/plugins/com.st.stm32cube.ide.mcu.externaltools.gnu-tools-for-stm32.7-2018-q2-update.win32_1.0.0.201904181610/tools/bin/../lib/gcc/arm-none-eabi/7.3.1/../../../../arm-none-eabi/lib/thumb/v7-m/crt0.o (memset)
c:/st/stm32cubeide_1.0.2/stm32cubeide/plugins/com.st.stm32cube.ide.mcu.externaltools.gnu-tools-for-stm32.7-2018-q2-update.win32_1.0.0.201904181610/tools/bin/../lib/gcc/arm-none-eabi/7.3.1/../../../../arm-none-eabi/lib/thumb/v7-m\libc_nano.a(lib_a-sprintf.o)
                              Src/main.o (sprintf)
c:/st/stm32cubeide_1.0.2/stm32cubeide/plugins/com.st.stm32cube.ide.mcu.externaltools.gnu-tools-for-stm32.7-2018-q2-update.win32_1.0.0.201904181610/tools/bin/../lib/gcc/arm-none-eabi/7.3.1/../../../../arm-none-eabi/lib/thumb/v7-m\libc_nano.a(lib_a-strlcpy.o)
                              Src/usbd_cdc_if.o (strlcpy)
c:/st/stm32cubeide_1.0.2/stm32cubeide/plugins/com.st.stm32cube.ide.mcu.externaltools.gnu-tools-for-stm32.7-2018-q2-update.win32_1.0.0.201904181610/tools/bin/../lib/gcc/arm-none-eabi/7.3.1/../../../../arm-none-eabi/lib/thumb/v7-m\libc_nano.a(lib_a-nano-svfprintf.o)
                              c:/st/stm32cubeide_1.0.2/stm32cubeide/plugins/com.st.stm32cube.ide.mcu.externaltools.gnu-tools-for-stm32.7-2018-q2-update.win32_1.0.0.201904181610/tools/bin/../lib/gcc/arm-none-eabi/7.3.1/../../../../arm-none-eabi/lib/thumb/v7-m\libc_nano.a(lib_a-sprintf.o) (_svfprintf_r)
c:/st/stm32cubeide_1.0.2/stm32cubeide/plugins/com.st.stm32cube.ide.mcu.externaltools.gnu-tools-for-stm32.7-2018-q2-update.win32_1.0.0.201904181610/tools/bin/../lib/gcc/arm-none-eabi/7.3.1/../../../../arm-none-eabi/lib/thumb/v7-m\libc_nano.a(lib_a-nano-vfprintf_i.o)
                              c:/st/stm32cubeide_1.0.2/stm32cubeide/plugins/com.st.stm32cube.ide.mcu.externaltools.gnu-tools-for-stm32.7-2018-q2-update.win32_1.0.0.201904181610/tools/bin/../lib/gcc/arm-none-eabi/7.3.1/../../../../arm-none-eabi/lib/thumb/v7-m\libc_nano.a(lib_a-nano-svfprintf.o) (_printf_i)
c:/st/stm32cubeide_1.0.2/stm32cubeide/plugins/com.st.stm32cube.ide.mcu.externaltools.gnu-tools-for-stm32.7-2018-q2-update.win32_1.0.0.201904181610/tools/bin/../lib/gcc/arm-none-eabi/7.3.1/../../../../arm-none-eabi/lib/thumb/v7-m\libc_nano.a(lib_a-memchr-stub.o)
                              c:/st/stm32cubeide_1.0.2/stm32cubeide/plugins/com.st.stm32cube.ide.mcu.externaltools.gnu-tools-for-stm32.7-2018-q2-update.win32_1.0.0.201904181610/tools/bin/../lib/gcc/arm-none-eabi/7.3.1/../../../../arm-none-eabi/lib/thumb/v7-m\libc_nano.a(lib_a-nano-svfprintf.o) (memchr)
[...]
Memory Configuration

Name             Origin             Length             Attributes
RAM              0x0000000020000000 0x0000000000005000 xrw
FLASH            0x0000000008000000 0x0000000000020000 xr
*default*        0x0000000000000000 0xffffffffffffffff

Linker script and memory map

LOAD c:/st/stm32cubeide_1.0.2/stm32cubeide/plugins/com.st.stm32cube.ide.mcu.externaltools.gnu-tools-for-stm32.7-2018-q2-update.win32_1.0.0.201904181610/tools/bin/../lib/gcc/arm-none-eabi/7.3.1/thumb/v7-m/crti.o
LOAD c:/st/stm32cubeide_1.0.2/stm32cubeide/plugins/com.st.stm32cube.ide.mcu.externaltools.gnu-tools-for-stm32.7-2018-q2-update.win32_1.0.0.201904181610/tools/bin/../lib/gcc/arm-none-eabi/7.3.1/thumb/v7-m/crtbegin.o
LOAD c:/st/stm32cubeide_1.0.2/stm32cubeide/plugins/com.st.stm32cube.ide.mcu.externaltools.gnu-tools-for-stm32.7-2018-q2-update.win32_1.0.0.201904181610/tools/bin/../lib/gcc/arm-none-eabi/7.3.1/../../../../arm-none-eabi/lib/thumb/v7-m/crt0.o
LOAD Drivers/STM32F1xx_HAL_Driver/Src/stm32f1xx_hal.o
LOAD Drivers/STM32F1xx_HAL_Driver/Src/stm32f1xx_hal_adc.o
LOAD Drivers/STM32F1xx_HAL_Driver/Src/stm32f1xx_hal_adc_ex.o
LOAD Drivers/STM32F1xx_HAL_Driver/Src/stm32f1xx_hal_cortex.o
LOAD Drivers/STM32F1xx_HAL_Driver/Src/stm32f1xx_hal_dma.o
LOAD Drivers/STM32F1xx_HAL_Driver/Src/stm32f1xx_hal_flash.o
LOAD Drivers/STM32F1xx_HAL_Driver/Src/stm32f1xx_hal_flash_ex.o
LOAD Drivers/STM32F1xx_HAL_Driver/Src/stm32f1xx_hal_gpio.o
LOAD Drivers/STM32F1xx_HAL_Driver/Src/stm32f1xx_hal_gpio_ex.o
LOAD Drivers/STM32F1xx_HAL_Driver/Src/stm32f1xx_hal_i2c.o
LOAD Drivers/STM32F1xx_HAL_Driver/Src/stm32f1xx_hal_pcd.o
LOAD Drivers/STM32F1xx_HAL_Driver/Src/stm32f1xx_hal_pcd_ex.o
LOAD Drivers/STM32F1xx_HAL_Driver/Src/stm32f1xx_hal_pwr.o
LOAD Drivers/STM32F1xx_HAL_Driver/Src/stm32f1xx_hal_rcc.o
LOAD Drivers/STM32F1xx_HAL_Driver/Src/stm32f1xx_hal_rcc_ex.o
LOAD Drivers/STM32F1xx_HAL_Driver/Src/stm32f1xx_hal_rtc.o
LOAD Drivers/STM32F1xx_HAL_Driver/Src/stm32f1xx_hal_rtc_ex.o
LOAD Drivers/STM32F1xx_HAL_Driver/Src/stm32f1xx_hal_spi.o
LOAD Drivers/STM32F1xx_HAL_Driver/Src/stm32f1xx_hal_spi_ex.o
LOAD Drivers/STM32F1xx_HAL_Driver/Src/stm32f1xx_hal_tim.o
LOAD Drivers/STM32F1xx_HAL_Driver/Src/stm32f1xx_hal_tim_ex.o
LOAD Drivers/STM32F1xx_HAL_Driver/Src/stm32f1xx_hal_uart.o
LOAD Drivers/STM32F1xx_HAL_Driver/Src/stm32f1xx_ll_usb.o
LOAD Middlewares/ST/STM32_USB_Device_Library/Class/CDC/Src/usbd_cdc.o
LOAD Middlewares/ST/STM32_USB_Device_Library/Core/Src/usbd_core.o
LOAD Middlewares/ST/STM32_USB_Device_Library/Core/Src/usbd_ctlreq.o
LOAD Middlewares/ST/STM32_USB_Device_Library/Core/Src/usbd_ioreq.o
LOAD Src/config.o
LOAD Src/main.o
LOAD Src/sensors.o
LOAD Src/stm32f1xx_hal_msp.o
LOAD Src/stm32f1xx_it.o
LOAD Src/system_stm32f1xx.o
LOAD Src/usb_device.o
LOAD Src/usbd_cdc_if.o
LOAD Src/usbd_conf.o
LOAD Src/usbd_desc.o
LOAD Src/decadriver/deca_device.o
LOAD Src/decadriver/deca_params_init.o
LOAD Src/platform/deca_mutex.o
LOAD Src/platform/deca_range_tables.o
LOAD Src/platform/deca_sleep.o
LOAD Src/platform/deca_spi.o
LOAD Src/platform/lcd.o
LOAD Src/platform/port.o
LOAD UWB/Pos_functions.o
LOAD startup/startup_stm32f103xb.o
START GROUP
LOAD c:/st/stm32cubeide_1.0.2/stm32cubeide/plugins/com.st.stm32cube.ide.mcu.externaltools.gnu-tools-for-stm32.7-2018-q2-update.win32_1.0.0.201904181610/tools/bin/../lib/gcc/arm-none-eabi/7.3.1/../../../../arm-none-eabi/lib/thumb/v7-m\libc_nano.a
LOAD c:/st/stm32cubeide_1.0.2/stm32cubeide/plugins/com.st.stm32cube.ide.mcu.externaltools.gnu-tools-for-stm32.7-2018-q2-update.win32_1.0.0.201904181610/tools/bin/../lib/gcc/arm-none-eabi/7.3.1/../../../../arm-none-eabi/lib/thumb/v7-m\libm.a
END GROUP
START GROUP
LOAD c:/st/stm32cubeide_1.0.2/stm32cubeide/plugins/com.st.stm32cube.ide.mcu.externaltools.gnu-tools-for-stm32.7-2018-q2-update.win32_1.0.0.201904181610/tools/bin/../lib/gcc/arm-none-eabi/7.3.1/thumb/v7-m\libgcc.a
LOAD c:/st/stm32cubeide_1.0.2/stm32cubeide/plugins/com.st.stm32cube.ide.mcu.externaltools.gnu-tools-for-stm32.7-2018-q2-update.win32_1.0.0.201904181610/tools/bin/../lib/gcc/arm-none-eabi/7.3.1/../../../../arm-none-eabi/lib/thumb/v7-m\libc_nano.a
END GROUP
START GROUP
LOAD c:/st/stm32cubeide_1.0.2/stm32cubeide/plugins/com.st.stm32cube.ide.mcu.externaltools.gnu-tools-for-stm32.7-2018-q2-update.win32_1.0.0.201904181610/tools/bin/../lib/gcc/arm-none-eabi/7.3.1/thumb/v7-m\libgcc.a
LOAD c:/st/stm32cubeide_1.0.2/stm32cubeide/plugins/com.st.stm32cube.ide.mcu.externaltools.gnu-tools-for-stm32.7-2018-q2-update.win32_1.0.0.201904181610/tools/bin/../lib/gcc/arm-none-eabi/7.3.1/../../../../arm-none-eabi/lib/thumb/v7-m\libc_nano.a
LOAD c:/st/stm32cubeide_1.0.2/stm32cubeide/plugins/com.st.stm32cube.ide.mcu.externaltools.gnu-tools-for-stm32.7-2018-q2-update.win32_1.0.0.201904181610/tools/bin/../lib/gcc/arm-none-eabi/7.3.1/../../../../arm-none-eabi/lib/thumb/v7-m\libnosys.a
END GROUP
START GROUP
LOAD c:/st/stm32cubeide_1.0.2/stm32cubeide/plugins/com.st.stm32cube.ide.mcu.externaltools.gnu-tools-for-stm32.7-2018-q2-update.win32_1.0.0.201904181610/tools/bin/../lib/gcc/arm-none-eabi/7.3.1/thumb/v7-m\libgcc.a
LOAD c:/st/stm32cubeide_1.0.2/stm32cubeide/plugins/com.st.stm32cube.ide.mcu.externaltools.gnu-tools-for-stm32.7-2018-q2-update.win32_1.0.0.201904181610/tools/bin/../lib/gcc/arm-none-eabi/7.3.1/../../../../arm-none-eabi/lib/thumb/v7-m\libc_nano.a
LOAD c:/st/stm32cubeide_1.0.2/stm32cubeide/plugins/com.st.stm32cube.ide.mcu.externaltools.gnu-tools-for-stm32.7-2018-q2-update.win32_1.0.0.201904181610/tools/bin/../lib/gcc/arm-none-eabi/7.3.1/../../../../arm-none-eabi/lib/thumb/v7-m\libnosys.a
END GROUP
LOAD c:/st/stm32cubeide_1.0.2/stm32cubeide/plugins/com.st.stm32cube.ide.mcu.externaltools.gnu-tools-for-stm32.7-2018-q2-update.win32_1.0.0.201904181610/tools/bin/../lib/gcc/arm-none-eabi/7.3.1/thumb/v7-m/crtend.o
LOAD c:/st/stm32cubeide_1.0.2/stm32cubeide/plugins/com.st.stm32cube.ide.mcu.externaltools.gnu-tools-for-stm32.7-2018-q2-update.win32_1.0.0.201904181610/tools/bin/../lib/gcc/arm-none-eabi/7.3.1/thumb/v7-m/crtn.o
                0x0000000020005000                _estack = 0x20005000
                0x0000000000000200                _Min_Heap_Size = 0x200
                0x0000000000000400                _Min_Stack_Size = 0x400

.isr_vector     0x0000000008000000      0x10c
                0x0000000008000000                . = ALIGN (0x4)
 *(.isr_vector)
 .isr_vector    0x0000000008000000      0x10c startup/startup_stm32f103xb.o
                0x0000000008000000                g_pfnVectors
                0x000000000800010c                . = ALIGN (0x4)

.text           0x0000000008000110     0x81d4
                0x0000000008000110                . = ALIGN (0x4)
 *(.text)
 .text          0x0000000008000110       0x40 c:/st/stm32cubeide_1.0.2/stm32cubeide/plugins/com.st.stm32cube.ide.mcu.externaltools.gnu-tools-for-stm32.7-2018-q2-update.win32_1.0.0.201904181610/tools/bin/../lib/gcc/arm-none-eabi/7.3.1/thumb/v7-m/crtbegin.o
 .text          0x0000000008000150      0x378 c:/st/stm32cubeide_1.0.2/stm32cubeide/plugins/com.st.stm32cube.ide.mcu.externaltools.gnu-tools-for-stm32.7-2018-q2-update.win32_1.0.0.201904181610/tools/bin/../lib/gcc/arm-none-eabi/7.3.1/thumb/v7-m\libgcc.a(_arm_addsubdf3.o)
                0x0000000008000150                __aeabi_drsub
                0x0000000008000158                __aeabi_dsub
                0x0000000008000158                __subdf3
                0x000000000800015c                __aeabi_dadd
                0x000000000800015c                __adddf3
                0x00000000080003d4                __floatunsidf
                0x00000000080003d4                __aeabi_ui2d
                0x00000000080003f4                __floatsidf
                0x00000000080003f4                __aeabi_i2d
                0x0000000008000418                __aeabi_f2d
                0x0000000008000418                __extendsfdf2
                0x000000000800045c                __floatundidf
                0x000000000800045c                __aeabi_ul2d
                0x000000000800046c                __floatdidf
                0x000000000800046c                __aeabi_l2d
 .text          0x00000000080004c8      0x424 c:/st/stm32cubeide_1.0.2/stm32cubeide/plugins/com.st.stm32cube.ide.mcu.externaltools.gnu-tools-for-stm32.7-2018-q2-update.win32_1.0.0.201904181610/tools/bin/../lib/gcc/arm-none-eabi/7.3.1/thumb/v7-m\libgcc.a(_arm_muldivdf3.o)
                0x00000000080004c8                __aeabi_dmul
                0x00000000080004c8                __muldf3
                0x000000000800071c                __divdf3
                0x000000000800071c                __aeabi_ddiv
 .text          0x00000000080008ec       0x40 c:/st/stm32cubeide_1.0.2/stm32cubeide/plugins/com.st.stm32cube.ide.mcu.externaltools.gnu-tools-for-stm32.7-2018-q2-update.win32_1.0.0.201904181610/tools/bin/../lib/gcc/arm-none-eabi/7.3.1/thumb/v7-m\libgcc.a(_arm_fixunsdfsi.o)
                0x00000000080008ec                __aeabi_d2uiz
                0x00000000080008ec                __fixunsdfsi
 .text          0x000000000800092c       0x30 c:/st/stm32cubeide_1.0.2/stm32cubeide/plugins/com.st.stm32cube.ide.mcu.externaltools.gnu-tools-for-stm32.7-2018-q2-update.win32_1.0.0.201904181610/tools/bin/../lib/gcc/arm-none-eabi/7.3.1/thumb/v7-m\libgcc.a(_aeabi_uldivmod.o)
                0x000000000800092c                __aeabi_uldivmod
 .text          0x000000000800095c       0x30 c:/st/stm32cubeide_1.0.2/stm32cubeide/plugins/com.st.stm32cube.ide.mcu.externaltools.gnu-tools-for-stm32.7-2018-q2-update.win32_1.0.0.201904181610/tools/bin/../lib/gcc/arm-none-eabi/7.3.1/thumb/v7-m\libgcc.a(_fixdfdi.o)
                0x000000000800095c                __fixdfdi
                0x000000000800095c                __aeabi_d2lz
 .text          0x000000000800098c       0x44 c:/st/stm32cubeide_1.0.2/stm32cubeide/plugins/com.st.stm32cube.ide.mcu.externaltools.gnu-tools-for-stm32.7-2018-q2-update.win32_1.0.0.201904181610/tools/bin/../lib/gcc/arm-none-eabi/7.3.1/thumb/v7-m\libgcc.a(_fixunsdfdi.o)
                0x000000000800098c                __fixunsdfdi
                0x000000000800098c                __aeabi_d2ulz
 .text          0x00000000080009d0      0x2d0 c:/st/stm32cubeide_1.0.2/stm32cubeide/plugins/com.st.stm32cube.ide.mcu.externaltools.gnu-tools-for-stm32.7-2018-q2-update.win32_1.0.0.201904181610/tools/bin/../lib/gcc/arm-none-eabi/7.3.1/thumb/v7-m\libgcc.a(_udivmoddi4.o)
                0x00000000080009d0                __udivmoddi4
 .text          0x0000000008000ca0        0x4 c:/st/stm32cubeide_1.0.2/stm32cubeide/plugins/com.st.stm32cube.ide.mcu.externaltools.gnu-tools-for-stm32.7-2018-q2-update.win32_1.0.0.201904181610/tools/bin/../lib/gcc/arm-none-eabi/7.3.1/thumb/v7-m\libgcc.a(_dvmd_tls.o)
                0x0000000008000ca0                __aeabi_idiv0
                0x0000000008000ca0                __aeabi_ldiv0
 .text          0x0000000008000ca4      0x110 c:/st/stm32cubeide_1.0.2/stm32cubeide/plugins/com.st.stm32cube.ide.mcu.externaltools.gnu-tools-for-stm32.7-2018-q2-update.win32_1.0.0.201904181610/tools/bin/../lib/gcc/arm-none-eabi/7.3.1/thumb/v7-m\libgcc.a(_arm_cmpdf2.o)
                0x0000000008000ca4                __gtdf2
                0x0000000008000ca4                __gedf2
                0x0000000008000cac                __ltdf2
                0x0000000008000cac                __ledf2
                0x0000000008000cb4                __nedf2
                0x0000000008000cb4                __eqdf2
                0x0000000008000cb4                __cmpdf2
                0x0000000008000d30                __aeabi_cdrcmple
                0x0000000008000d40                __aeabi_cdcmpeq
                0x0000000008000d40                __aeabi_cdcmple
                0x0000000008000d50                __aeabi_dcmpeq
                0x0000000008000d64                __aeabi_dcmplt
                0x0000000008000d78                __aeabi_dcmple
                0x0000000008000d8c                __aeabi_dcmpge
                0x0000000008000da0                __aeabi_dcmpgt
 *(.text*)
 .text.HAL_InitTick
                0x0000000008000db4       0x48 Drivers/STM32F1xx_HAL_Driver/Src/stm32f1xx_hal.o
                0x0000000008000db4                HAL_InitTick
 .text.HAL_Init
                0x0000000008000dfc       0x24 Drivers/STM32F1xx_HAL_Driver/Src/stm32f1xx_hal.o
                0x0000000008000dfc                HAL_Init
 .text.HAL_IncTick
                0x0000000008000e20       0x18 Drivers/STM32F1xx_HAL_Driver/Src/stm32f1xx_hal.o
                0x0000000008000e20                HAL_IncTick
 .text.HAL_GetTick
                0x0000000008000e38        0xc Drivers/STM32F1xx_HAL_Driver/Src/stm32f1xx_hal.o
                0x0000000008000e38                HAL_GetTick
 .text.HAL_Delay
                0x0000000008000e44       0x28 Drivers/STM32F1xx_HAL_Driver/Src/stm32f1xx_hal.o
                0x0000000008000e44                HAL_Delay
 .text.HAL_ADC_ConfigChannel
                0x0000000008000e6c      0x138 Drivers/STM32F1xx_HAL_Driver/Src/stm32f1xx_hal_adc.o
                0x0000000008000e6c                HAL_ADC_ConfigChannel
 .text.ADC_ConversionStop_Disable
                0x0000000008000fa4       0x50 Drivers/STM32F1xx_HAL_Driver/Src/stm32f1xx_hal_adc.o
                0x0000000008000fa4                ADC_ConversionStop_Disable
 .text.HAL_ADC_Init
                0x0000000008000ff4      0x10c Drivers/STM32F1xx_HAL_Driver/Src/stm32f1xx_hal_adc.o
                0x0000000008000ff4                HAL_ADC_Init
 .text.HAL_NVIC_SetPriorityGrouping
                0x0000000008001100       0x24 Drivers/STM32F1xx_HAL_Driver/Src/stm32f1xx_hal_cortex.o
                0x0000000008001100                HAL_NVIC_SetPriorityGrouping
 .text.HAL_NVIC_SetPriority
                0x0000000008001124       0x64 Drivers/STM32F1xx_HAL_Driver/Src/stm32f1xx_hal_cortex.o
                0x0000000008001124                HAL_NVIC_SetPriority
 .text.HAL_NVIC_EnableIRQ
                0x0000000008001188       0x18 Drivers/STM32F1xx_HAL_Driver/Src/stm32f1xx_hal_cortex.o
                0x0000000008001188                HAL_NVIC_EnableIRQ
 .text.HAL_NVIC_DisableIRQ
                0x00000000080011a0       0x1c Drivers/STM32F1xx_HAL_Driver/Src/stm32f1xx_hal_cortex.o
                0x00000000080011a0                HAL_NVIC_DisableIRQ
 .text.HAL_SYSTICK_Config
                0x00000000080011bc       0x2c Drivers/STM32F1xx_HAL_Driver/Src/stm32f1xx_hal_cortex.o
                0x00000000080011bc                HAL_SYSTICK_Config
 .text.HAL_DMA_Abort_IT
                0x00000000080011e8       0x98 Drivers/STM32F1xx_HAL_Driver/Src/stm32f1xx_hal_dma.o
                0x00000000080011e8                HAL_DMA_Abort_IT
 .text.HAL_GPIO_Init
                0x0000000008001280      0x1d8 Drivers/STM32F1xx_HAL_Driver/Src/stm32f1xx_hal_gpio.o
                0x0000000008001280                HAL_GPIO_Init
 .text.HAL_GPIO_ReadPin
                0x0000000008001458       0x10 Drivers/STM32F1xx_HAL_Driver/Src/stm32f1xx_hal_gpio.o
                0x0000000008001458                HAL_GPIO_ReadPin
 .text.HAL_GPIO_WritePin
                0x0000000008001468        0xc Drivers/STM32F1xx_HAL_Driver/Src/stm32f1xx_hal_gpio.o
                0x0000000008001468                HAL_GPIO_WritePin
 .text.HAL_GPIO_TogglePin
                0x0000000008001474        0x8 Drivers/STM32F1xx_HAL_Driver/Src/stm32f1xx_hal_gpio.o
                0x0000000008001474                HAL_GPIO_TogglePin
 .text.HAL_GPIO_EXTI_IRQHandler
                0x000000000800147c       0x18 Drivers/STM32F1xx_HAL_Driver/Src/stm32f1xx_hal_gpio.o
                0x000000000800147c                HAL_GPIO_EXTI_IRQHandler
 .text.I2C_Master_SB
                0x0000000008001494       0x84 Drivers/STM32F1xx_HAL_Driver/Src/stm32f1xx_hal_i2c.o
 .text.I2C_Master_ADD10
                0x0000000008001518        0xc Drivers/STM32F1xx_HAL_Driver/Src/stm32f1xx_hal_i2c.o
 .text.I2C_Master_ADDR
                0x0000000008001524      0x1d8 Drivers/STM32F1xx_HAL_Driver/Src/stm32f1xx_hal_i2c.o
 .text.I2C_SlaveTransmit_BTF
                0x00000000080016fc       0x20 Drivers/STM32F1xx_HAL_Driver/Src/stm32f1xx_hal_i2c.o
 .text.I2C_SlaveReceive_BTF
                0x000000000800171c       0x20 Drivers/STM32F1xx_HAL_Driver/Src/stm32f1xx_hal_i2c.o
 .text.HAL_I2C_Init
                0x000000000800173c      0x168 Drivers/STM32F1xx_HAL_Driver/Src/stm32f1xx_hal_i2c.o
                0x000000000800173c                HAL_I2C_Init
 .text.HAL_I2C_MasterTxCpltCallback
                0x00000000080018a4        0x4 Drivers/STM32F1xx_HAL_Driver/Src/stm32f1xx_hal_i2c.o
                0x00000000080018a4                HAL_I2C_MasterTxCpltCallback
 .text.HAL_I2C_MasterRxCpltCallback
                0x00000000080018a8        0x4 Drivers/STM32F1xx_HAL_Driver/Src/stm32f1xx_hal_i2c.o
                0x00000000080018a8                HAL_I2C_MasterRxCpltCallback
 .text.HAL_I2C_SlaveTxCpltCallback
                0x00000000080018ac        0x4 Drivers/STM32F1xx_HAL_Driver/Src/stm32f1xx_hal_i2c.o
                0x00000000080018ac                HAL_I2C_SlaveTxCpltCallback
 .text.I2C_SlaveTransmit_TXE
                0x00000000080018b0       0x50 Drivers/STM32F1xx_HAL_Driver/Src/stm32f1xx_hal_i2c.o
 .text.HAL_I2C_SlaveRxCpltCallback
                0x0000000008001900        0x4 Drivers/STM32F1xx_HAL_Driver/Src/stm32f1xx_hal_i2c.o
                0x0000000008001900                HAL_I2C_SlaveRxCpltCallback
 .text.I2C_SlaveReceive_RXNE
                0x0000000008001904       0x4c Drivers/STM32F1xx_HAL_Driver/Src/stm32f1xx_hal_i2c.o
 .text.HAL_I2C_AddrCallback
                0x0000000008001950        0x4 Drivers/STM32F1xx_HAL_Driver/Src/stm32f1xx_hal_i2c.o
                0x0000000008001950                HAL_I2C_AddrCallback
 .text.I2C_Slave_ADDR
                0x0000000008001954       0x28 Drivers/STM32F1xx_HAL_Driver/Src/stm32f1xx_hal_i2c.o
 .text.HAL_I2C_ListenCpltCallback
                0x000000000800197c        0x4 Drivers/STM32F1xx_HAL_Driver/Src/stm32f1xx_hal_i2c.o
                0x000000000800197c                HAL_I2C_ListenCpltCallback
 .text.I2C_Slave_AF
                0x0000000008001980       0x94 Drivers/STM32F1xx_HAL_Driver/Src/stm32f1xx_hal_i2c.o
 .text.HAL_I2C_MemTxCpltCallback
                0x0000000008001a14        0x4 Drivers/STM32F1xx_HAL_Driver/Src/stm32f1xx_hal_i2c.o
                0x0000000008001a14                HAL_I2C_MemTxCpltCallback
 .text.I2C_MasterTransmit_TXE
                0x0000000008001a18      0x14c Drivers/STM32F1xx_HAL_Driver/Src/stm32f1xx_hal_i2c.o
 .text.I2C_MasterTransmit_BTF
                0x0000000008001b64       0x9c Drivers/STM32F1xx_HAL_Driver/Src/stm32f1xx_hal_i2c.o
 .text.HAL_I2C_MemRxCpltCallback
                0x0000000008001c00        0x4 Drivers/STM32F1xx_HAL_Driver/Src/stm32f1xx_hal_i2c.o
                0x0000000008001c00                HAL_I2C_MemRxCpltCallback
 .text.I2C_MasterReceive_RXNE
                0x0000000008001c04       0xd0 Drivers/STM32F1xx_HAL_Driver/Src/stm32f1xx_hal_i2c.o
 .text.I2C_MasterReceive_BTF
                0x0000000008001cd4      0x100 Drivers/STM32F1xx_HAL_Driver/Src/stm32f1xx_hal_i2c.o
 .text.HAL_I2C_ErrorCallback
                0x0000000008001dd4        0x4 Drivers/STM32F1xx_HAL_Driver/Src/stm32f1xx_hal_i2c.o
                0x0000000008001dd4                HAL_I2C_ErrorCallback
 .text.HAL_I2C_AbortCpltCallback
                0x0000000008001dd8        0x4 Drivers/STM32F1xx_HAL_Driver/Src/stm32f1xx_hal_i2c.o
                0x0000000008001dd8                HAL_I2C_AbortCpltCallback
 .text.I2C_ITError
                0x0000000008001ddc      0x148 Drivers/STM32F1xx_HAL_Driver/Src/stm32f1xx_hal_i2c.o
 .text.I2C_Slave_STOPF
                0x0000000008001f24      0x104 Drivers/STM32F1xx_HAL_Driver/Src/stm32f1xx_hal_i2c.o
 .text.HAL_I2C_EV_IRQHandler
                0x0000000008002028      0x160 Drivers/STM32F1xx_HAL_Driver/Src/stm32f1xx_hal_i2c.o
                0x0000000008002028                HAL_I2C_EV_IRQHandler
 .text.HAL_I2C_ER_IRQHandler
                0x0000000008002188       0xd8 Drivers/STM32F1xx_HAL_Driver/Src/stm32f1xx_hal_i2c.o
                0x0000000008002188                HAL_I2C_ER_IRQHandler
 .text.I2C_DMAAbort
                0x0000000008002260       0x60 Drivers/STM32F1xx_HAL_Driver/Src/stm32f1xx_hal_i2c.o
 .text.HAL_PCD_Init
                0x00000000080022c0       0xdc Drivers/STM32F1xx_HAL_Driver/Src/stm32f1xx_hal_pcd.o
                0x00000000080022c0                HAL_PCD_Init
 .text.HAL_PCD_Start
                0x000000000800239c       0x30 Drivers/STM32F1xx_HAL_Driver/Src/stm32f1xx_hal_pcd.o
                0x000000000800239c                HAL_PCD_Start
 .text.HAL_PCD_SetAddress
                0x00000000080023cc       0x28 Drivers/STM32F1xx_HAL_Driver/Src/stm32f1xx_hal_pcd.o
                0x00000000080023cc                HAL_PCD_SetAddress
 .text.HAL_PCD_EP_Open
                0x00000000080023f4       0x54 Drivers/STM32F1xx_HAL_Driver/Src/stm32f1xx_hal_pcd.o
                0x00000000080023f4                HAL_PCD_EP_Open
 .text.HAL_PCD_EP_Close
                0x0000000008002448       0x50 Drivers/STM32F1xx_HAL_Driver/Src/stm32f1xx_hal_pcd.o
                0x0000000008002448                HAL_PCD_EP_Close
 .text.HAL_PCD_EP_Receive
                0x0000000008002498       0x40 Drivers/STM32F1xx_HAL_Driver/Src/stm32f1xx_hal_pcd.o
                0x0000000008002498                HAL_PCD_EP_Receive
 .text.HAL_PCD_EP_GetRxCount
                0x00000000080024d8       0x10 Drivers/STM32F1xx_HAL_Driver/Src/stm32f1xx_hal_pcd.o
                0x00000000080024d8                HAL_PCD_EP_GetRxCount
 .text.HAL_PCD_EP_Transmit
                0x00000000080024e8       0x3c Drivers/STM32F1xx_HAL_Driver/Src/stm32f1xx_hal_pcd.o
                0x00000000080024e8                HAL_PCD_EP_Transmit
 .text.PCD_EP_ISR_Handler
                0x0000000008002524      0x45c Drivers/STM32F1xx_HAL_Driver/Src/stm32f1xx_hal_pcd.o
 .text.HAL_PCD_IRQHandler
                0x0000000008002980      0x15c Drivers/STM32F1xx_HAL_Driver/Src/stm32f1xx_hal_pcd.o
                0x0000000008002980                HAL_PCD_IRQHandler
 .text.HAL_PCD_EP_SetStall
                0x0000000008002adc       0x5c Drivers/STM32F1xx_HAL_Driver/Src/stm32f1xx_hal_pcd.o
                0x0000000008002adc                HAL_PCD_EP_SetStall
 .text.HAL_PCD_EP_ClrStall
                0x0000000008002b38       0x50 Drivers/STM32F1xx_HAL_Driver/Src/stm32f1xx_hal_pcd.o
                0x0000000008002b38                HAL_PCD_EP_ClrStall
 .text.HAL_PCDEx_PMAConfig
                0x0000000008002b88       0x38 Drivers/STM32F1xx_HAL_Driver/Src/stm32f1xx_hal_pcd_ex.o
                0x0000000008002b88                HAL_PCDEx_PMAConfig
 .text.HAL_PWR_EnableBkUpAccess
                0x0000000008002bc0        0xc Drivers/STM32F1xx_HAL_Driver/Src/stm32f1xx_hal_pwr.o
                0x0000000008002bc0                HAL_PWR_EnableBkUpAccess
 .text.HAL_PWR_DisableWakeUpPin
                0x0000000008002bcc       0x18 Drivers/STM32F1xx_HAL_Driver/Src/stm32f1xx_hal_pwr.o
                0x0000000008002bcc                HAL_PWR_DisableWakeUpPin
 .text.RCC_Delay
                0x0000000008002be4       0x2c Drivers/STM32F1xx_HAL_Driver/Src/stm32f1xx_hal_rcc.o
 .text.HAL_RCC_OscConfig
                0x0000000008002c10      0x400 Drivers/STM32F1xx_HAL_Driver/Src/stm32f1xx_hal_rcc.o
                0x0000000008002c10                HAL_RCC_OscConfig
 .text.HAL_RCC_GetSysClockFreq
                0x0000000008003010       0x70 Drivers/STM32F1xx_HAL_Driver/Src/stm32f1xx_hal_rcc.o
                0x0000000008003010                HAL_RCC_GetSysClockFreq
 .text.HAL_RCC_ClockConfig
                0x0000000008003080      0x1a8 Drivers/STM32F1xx_HAL_Driver/Src/stm32f1xx_hal_rcc.o
                0x0000000008003080                HAL_RCC_ClockConfig
 .text.HAL_RCC_GetHCLKFreq
                0x0000000008003228        0xc Drivers/STM32F1xx_HAL_Driver/Src/stm32f1xx_hal_rcc.o
                0x0000000008003228                HAL_RCC_GetHCLKFreq
 .text.HAL_RCC_GetPCLK1Freq
                0x0000000008003234       0x20 Drivers/STM32F1xx_HAL_Driver/Src/stm32f1xx_hal_rcc.o
                0x0000000008003234                HAL_RCC_GetPCLK1Freq
 .text.HAL_RCC_GetPCLK2Freq
                0x0000000008003254       0x20 Drivers/STM32F1xx_HAL_Driver/Src/stm32f1xx_hal_rcc.o
                0x0000000008003254                HAL_RCC_GetPCLK2Freq
 .text.HAL_RCCEx_PeriphCLKConfig
                0x0000000008003274      0x114 Drivers/STM32F1xx_HAL_Driver/Src/stm32f1xx_hal_rcc_ex.o
                0x0000000008003274                HAL_RCCEx_PeriphCLKConfig
 .text.HAL_RCCEx_GetPeriphCLKFreq
                0x0000000008003388      0x108 Drivers/STM32F1xx_HAL_Driver/Src/stm32f1xx_hal_rcc_ex.o
                0x0000000008003388                HAL_RCCEx_GetPeriphCLKFreq
 .text.RTC_ReadTimeCounter
                0x0000000008003490       0x28 Drivers/STM32F1xx_HAL_Driver/Src/stm32f1xx_hal_rtc.o
 .text.RTC_ReadAlarmCounter
                0x00000000080034b8       0x10 Drivers/STM32F1xx_HAL_Driver/Src/stm32f1xx_hal_rtc.o
 .text.RTC_Bcd2ToByte
                0x00000000080034c8       0x14 Drivers/STM32F1xx_HAL_Driver/Src/stm32f1xx_hal_rtc.o
 .text.RTC_WeekDayNum
                0x00000000080034dc       0x9c Drivers/STM32F1xx_HAL_Driver/Src/stm32f1xx_hal_rtc.o
 .text.RTC_EnterInitMode
                0x0000000008003578       0x34 Drivers/STM32F1xx_HAL_Driver/Src/stm32f1xx_hal_rtc.o
 .text.RTC_ExitInitMode
                0x00000000080035ac       0x34 Drivers/STM32F1xx_HAL_Driver/Src/stm32f1xx_hal_rtc.o
 .text.RTC_WriteTimeCounter
                0x00000000080035e0       0x2c Drivers/STM32F1xx_HAL_Driver/Src/stm32f1xx_hal_rtc.o
 .text.RTC_WriteAlarmCounter
                0x000000000800360c       0x2c Drivers/STM32F1xx_HAL_Driver/Src/stm32f1xx_hal_rtc.o
 .text.HAL_RTC_SetTime
                0x0000000008003638       0xc0 Drivers/STM32F1xx_HAL_Driver/Src/stm32f1xx_hal_rtc.o
                0x0000000008003638                HAL_RTC_SetTime
 .text.HAL_RTC_SetDate
                0x00000000080036f8       0xd8 Drivers/STM32F1xx_HAL_Driver/Src/stm32f1xx_hal_rtc.o
                0x00000000080036f8                HAL_RTC_SetDate
 .text.HAL_RTC_WaitForSynchro
                0x00000000080037d0       0x3c Drivers/STM32F1xx_HAL_Driver/Src/stm32f1xx_hal_rtc.o
                0x00000000080037d0                HAL_RTC_WaitForSynchro
 .text.HAL_RTC_Init
                0x000000000800380c       0xc8 Drivers/STM32F1xx_HAL_Driver/Src/stm32f1xx_hal_rtc.o
                0x000000000800380c                HAL_RTC_Init
 .text.HAL_RTCEx_RTCEventCallback
                0x00000000080038d4        0x4 Drivers/STM32F1xx_HAL_Driver/Src/stm32f1xx_hal_rtc_ex.o
                0x00000000080038d4                HAL_RTCEx_RTCEventCallback
 .text.HAL_RTCEx_RTCEventErrorCallback
                0x00000000080038d8        0x4 Drivers/STM32F1xx_HAL_Driver/Src/stm32f1xx_hal_rtc_ex.o
                0x00000000080038d8                HAL_RTCEx_RTCEventErrorCallback
 .text.HAL_RTCEx_RTCIRQHandler
                0x00000000080038dc       0x44 Drivers/STM32F1xx_HAL_Driver/Src/stm32f1xx_hal_rtc_ex.o
                0x00000000080038dc                HAL_RTCEx_RTCIRQHandler
 .text.SPI_WaitFlagStateUntilTimeout
                0x0000000008003920       0x94 Drivers/STM32F1xx_HAL_Driver/Src/stm32f1xx_hal_spi.o
 .text.SPI_CheckFlag_BSY
                0x00000000080039b4       0x28 Drivers/STM32F1xx_HAL_Driver/Src/stm32f1xx_hal_spi.o
 .text.HAL_SPI_Transmit
                0x00000000080039dc      0x1b0 Drivers/STM32F1xx_HAL_Driver/Src/stm32f1xx_hal_spi.o
                0x00000000080039dc                HAL_SPI_Transmit
 .text.HAL_SPI_ErrorCallback
                0x0000000008003b8c        0x4 Drivers/STM32F1xx_HAL_Driver/Src/stm32f1xx_hal_spi.o
                0x0000000008003b8c                HAL_SPI_ErrorCallback
 .text.HAL_SPI_IRQHandler
                0x0000000008003b90       0xec Drivers/STM32F1xx_HAL_Driver/Src/stm32f1xx_hal_spi.o
                0x0000000008003b90                HAL_SPI_IRQHandler
 .text.SPI_DMAAbortOnError
                0x0000000008003c7c       0x10 Drivers/STM32F1xx_HAL_Driver/Src/stm32f1xx_hal_spi.o
 .text.HAL_SPI_GetState
                0x0000000008003c8c        0x8 Drivers/STM32F1xx_HAL_Driver/Src/stm32f1xx_hal_spi.o
                0x0000000008003c8c                HAL_SPI_GetState
 .text.HAL_SPI_Init
                0x0000000008003c94       0x84 Drivers/STM32F1xx_HAL_Driver/Src/stm32f1xx_hal_spi_ex.o
                0x0000000008003c94                HAL_SPI_Init
 .text.TIM_TI1_ConfigInputStage
                0x0000000008003d18       0x24 Drivers/STM32F1xx_HAL_Driver/Src/stm32f1xx_hal_tim.o
 .text.TIM_TI2_ConfigInputStage
                0x0000000008003d3c       0x28 Drivers/STM32F1xx_HAL_Driver/Src/stm32f1xx_hal_tim.o
 .text.TIM_ITRx_SetConfig
                0x0000000008003d64       0x10 Drivers/STM32F1xx_HAL_Driver/Src/stm32f1xx_hal_tim.o
 .text.TIM_ETR_SetConfig
                0x0000000008003d74       0x18 Drivers/STM32F1xx_HAL_Driver/Src/stm32f1xx_hal_tim.o
 .text.HAL_TIM_Base_Start
                0x0000000008003d8c       0x1c Drivers/STM32F1xx_HAL_Driver/Src/stm32f1xx_hal_tim.o
                0x0000000008003d8c                HAL_TIM_Base_Start
 .text.HAL_TIM_Base_Stop
                0x0000000008003da8       0x30 Drivers/STM32F1xx_HAL_Driver/Src/stm32f1xx_hal_tim.o
                0x0000000008003da8                HAL_TIM_Base_Stop
 .text.HAL_TIM_ConfigClockSource
                0x0000000008003dd8      0x114 Drivers/STM32F1xx_HAL_Driver/Src/stm32f1xx_hal_tim.o
                0x0000000008003dd8                HAL_TIM_ConfigClockSource
 .text.TIM_Base_SetConfig
                0x0000000008003eec       0x70 Drivers/STM32F1xx_HAL_Driver/Src/stm32f1xx_hal_tim.o
                0x0000000008003eec                TIM_Base_SetConfig
 .text.HAL_TIM_Base_Init
                0x0000000008003f5c       0x38 Drivers/STM32F1xx_HAL_Driver/Src/stm32f1xx_hal_tim.o
                0x0000000008003f5c                HAL_TIM_Base_Init
 .text.HAL_TIMEx_MasterConfigSynchronization
                0x0000000008003f94       0x54 Drivers/STM32F1xx_HAL_Driver/Src/stm32f1xx_hal_tim_ex.o
                0x0000000008003f94                HAL_TIMEx_MasterConfigSynchronization
 .text.UART_EndRxTransfer
                0x0000000008003fe8       0x1c Drivers/STM32F1xx_HAL_Driver/Src/stm32f1xx_hal_uart.o
 .text.UART_Transmit_IT
                0x0000000008004004       0x6c Drivers/STM32F1xx_HAL_Driver/Src/stm32f1xx_hal_uart.o
 .text.UART_SetConfig
                0x0000000008004070      0x1bc Drivers/STM32F1xx_HAL_Driver/Src/stm32f1xx_hal_uart.o
 .text.UART_WaitOnFlagUntilTimeout
                0x000000000800422c       0x68 Drivers/STM32F1xx_HAL_Driver/Src/stm32f1xx_hal_uart.o
 .text.HAL_UART_Init
                0x0000000008004294       0x64 Drivers/STM32F1xx_HAL_Driver/Src/stm32f1xx_hal_uart.o
                0x0000000008004294                HAL_UART_Init
 .text.HAL_UART_Transmit
                0x00000000080042f8       0xe4 Drivers/STM32F1xx_HAL_Driver/Src/stm32f1xx_hal_uart.o
                0x00000000080042f8                HAL_UART_Transmit
 .text.HAL_UART_TxCpltCallback
                0x00000000080043dc        0x4 Drivers/STM32F1xx_HAL_Driver/Src/stm32f1xx_hal_uart.o
                0x00000000080043dc                HAL_UART_TxCpltCallback
 .text.UART_EndTransmit_IT
                0x00000000080043e0       0x1c Drivers/STM32F1xx_HAL_Driver/Src/stm32f1xx_hal_uart.o
 .text.HAL_UART_RxCpltCallback
                0x00000000080043fc        0x4 Drivers/STM32F1xx_HAL_Driver/Src/stm32f1xx_hal_uart.o
                0x00000000080043fc                HAL_UART_RxCpltCallback
 .text.UART_Receive_IT
                0x0000000008004400       0xa0 Drivers/STM32F1xx_HAL_Driver/Src/stm32f1xx_hal_uart.o
 .text.HAL_UART_ErrorCallback
                0x00000000080044a0        0x4 Drivers/STM32F1xx_HAL_Driver/Src/stm32f1xx_hal_uart.o
                0x00000000080044a0                HAL_UART_ErrorCallback
 .text.HAL_UART_IRQHandler
                0x00000000080044a4      0x11c Drivers/STM32F1xx_HAL_Driver/Src/stm32f1xx_hal_uart.o
                0x00000000080044a4                HAL_UART_IRQHandler
 .text.UART_DMAAbortOnError
                0x00000000080045c0       0x10 Drivers/STM32F1xx_HAL_Driver/Src/stm32f1xx_hal_uart.o
 .text.USB_CoreInit
                0x00000000080045d0       0x10 Drivers/STM32F1xx_HAL_Driver/Src/stm32f1xx_ll_usb.o
                0x00000000080045d0                USB_CoreInit
 .text.USB_EnableGlobalInt
                0x00000000080045e0       0x14 Drivers/STM32F1xx_HAL_Driver/Src/stm32f1xx_ll_usb.o
                0x00000000080045e0                USB_EnableGlobalInt
 .text.USB_DisableGlobalInt
                0x00000000080045f4       0x14 Drivers/STM32F1xx_HAL_Driver/Src/stm32f1xx_ll_usb.o
                0x00000000080045f4                USB_DisableGlobalInt
 .text.USB_SetCurrentMode
                0x0000000008004608        0x4 Drivers/STM32F1xx_HAL_Driver/Src/stm32f1xx_ll_usb.o
                0x0000000008004608                USB_SetCurrentMode
 .text.USB_DevInit
                0x000000000800460c       0x2c Drivers/STM32F1xx_HAL_Driver/Src/stm32f1xx_ll_usb.o
                0x000000000800460c                USB_DevInit
 .text.USB_ActivateEndpoint
                0x0000000008004638      0x33c Drivers/STM32F1xx_HAL_Driver/Src/stm32f1xx_ll_usb.o
                0x0000000008004638                USB_ActivateEndpoint
 .text.USB_DeactivateEndpoint
                0x0000000008004974      0x1d0 Drivers/STM32F1xx_HAL_Driver/Src/stm32f1xx_ll_usb.o
                0x0000000008004974                USB_DeactivateEndpoint
 .text.USB_EPSetStall
                0x0000000008004b44       0x70 Drivers/STM32F1xx_HAL_Driver/Src/stm32f1xx_ll_usb.o
                0x0000000008004b44                USB_EPSetStall
 .text.USB_EPClearStall
                0x0000000008004bb4       0x98 Drivers/STM32F1xx_HAL_Driver/Src/stm32f1xx_ll_usb.o
                0x0000000008004bb4                USB_EPClearStall
 .text.USB_SetDevAddress
                0x0000000008004c4c        0xc Drivers/STM32F1xx_HAL_Driver/Src/stm32f1xx_ll_usb.o
                0x0000000008004c4c                USB_SetDevAddress
 .text.USB_DevConnect
                0x0000000008004c58        0x4 Drivers/STM32F1xx_HAL_Driver/Src/stm32f1xx_ll_usb.o
                0x0000000008004c58                USB_DevConnect
 .text.USB_DevDisconnect
                0x0000000008004c5c        0x4 Drivers/STM32F1xx_HAL_Driver/Src/stm32f1xx_ll_usb.o
                0x0000000008004c5c                USB_DevDisconnect
 .text.USB_ReadInterrupts
                0x0000000008004c60        0x8 Drivers/STM32F1xx_HAL_Driver/Src/stm32f1xx_ll_usb.o
                0x0000000008004c60                USB_ReadInterrupts
 .text.USB_EP0_OutStart
                0x0000000008004c68        0x4 Drivers/STM32F1xx_HAL_Driver/Src/stm32f1xx_ll_usb.o
                0x0000000008004c68                USB_EP0_OutStart
 .text.USB_WritePMA
                0x0000000008004c6c       0x28 Drivers/STM32F1xx_HAL_Driver/Src/stm32f1xx_ll_usb.o
                0x0000000008004c6c                USB_WritePMA
 .text.USB_EPStartXfer
                0x0000000008004c94      0x2e8 Drivers/STM32F1xx_HAL_Driver/Src/stm32f1xx_ll_usb.o
                0x0000000008004c94                USB_EPStartXfer
 .text.USB_ReadPMA
                0x0000000008004f7c       0x20 Drivers/STM32F1xx_HAL_Driver/Src/stm32f1xx_ll_usb.o
                0x0000000008004f7c                USB_ReadPMA
 .text.USBD_CDC_DataIn
                0x0000000008004f9c       0x12 Middlewares/ST/STM32_USB_Device_Library/Class/CDC/Src/usbd_cdc.o
 .text.USBD_CDC_EP0_RxReady
                0x0000000008004fae       0x28 Middlewares/ST/STM32_USB_Device_Library/Class/CDC/Src/usbd_cdc.o
 *fill*         0x0000000008004fd6        0x2 
 .text.USBD_CDC_GetFSCfgDesc
                0x0000000008004fd8        0xc Middlewares/ST/STM32_USB_Device_Library/Class/CDC/Src/usbd_cdc.o
 .text.USBD_CDC_GetHSCfgDesc
                0x0000000008004fe4        0xc Middlewares/ST/STM32_USB_Device_Library/Class/CDC/Src/usbd_cdc.o
 .text.USBD_CDC_GetOtherSpeedCfgDesc
                0x0000000008004ff0        0xc Middlewares/ST/STM32_USB_Device_Library/Class/CDC/Src/usbd_cdc.o
 .text.USBD_CDC_GetDeviceQualifierDescriptor
                0x0000000008004ffc        0xc Middlewares/ST/STM32_USB_Device_Library/Class/CDC/Src/usbd_cdc.o
                0x0000000008004ffc                USBD_CDC_GetDeviceQualifierDescriptor
 .text.USBD_CDC_DataOut
                0x0000000008005008       0x2e Middlewares/ST/STM32_USB_Device_Library/Class/CDC/Src/usbd_cdc.o
 *fill*         0x0000000008005036        0x2 
 .text.USBD_CDC_Setup
                0x0000000008005038       0x74 Middlewares/ST/STM32_USB_Device_Library/Class/CDC/Src/usbd_cdc.o
 .text.USBD_CDC_DeInit
                0x00000000080050ac       0x3a Middlewares/ST/STM32_USB_Device_Library/Class/CDC/Src/usbd_cdc.o
 .text.USBD_CDC_Init
                0x00000000080050e6       0x96 Middlewares/ST/STM32_USB_Device_Library/Class/CDC/Src/usbd_cdc.o
 .text.USBD_CDC_RegisterInterface
                0x000000000800517c        0xe Middlewares/ST/STM32_USB_Device_Library/Class/CDC/Src/usbd_cdc.o
                0x000000000800517c                USBD_CDC_RegisterInterface
 .text.USBD_CDC_SetTxBuffer
                0x000000000800518a       0x10 Middlewares/ST/STM32_USB_Device_Library/Class/CDC/Src/usbd_cdc.o
                0x000000000800518a                USBD_CDC_SetTxBuffer
 .text.USBD_CDC_SetRxBuffer
                0x000000000800519a        0xc Middlewares/ST/STM32_USB_Device_Library/Class/CDC/Src/usbd_cdc.o
                0x000000000800519a                USBD_CDC_SetRxBuffer
 .text.USBD_CDC_TransmitPacket
                0x00000000080051a6       0x2e Middlewares/ST/STM32_USB_Device_Library/Class/CDC/Src/usbd_cdc.o
                0x00000000080051a6                USBD_CDC_TransmitPacket
 .text.USBD_CDC_ReceivePacket
                0x00000000080051d4       0x32 Middlewares/ST/STM32_USB_Device_Library/Class/CDC/Src/usbd_cdc.o
                0x00000000080051d4                USBD_CDC_ReceivePacket
 .text.USBD_Init
                0x0000000008005206       0x2e Middlewares/ST/STM32_USB_Device_Library/Core/Src/usbd_core.o
                0x0000000008005206                USBD_Init
 .text.USBD_RegisterClass
                0x0000000008005234        0xe Middlewares/ST/STM32_USB_Device_Library/Core/Src/usbd_core.o
                0x0000000008005234                USBD_RegisterClass
 .text.USBD_Start
                0x0000000008005242        0xa Middlewares/ST/STM32_USB_Device_Library/Core/Src/usbd_core.o
                0x0000000008005242                USBD_Start
 .text.USBD_SetClassConfig
                0x000000000800524c       0x1a Middlewares/ST/STM32_USB_Device_Library/Core/Src/usbd_core.o
                0x000000000800524c                USBD_SetClassConfig
 .text.USBD_ClrClassConfig
                0x0000000008005266        0xe Middlewares/ST/STM32_USB_Device_Library/Core/Src/usbd_core.o
                0x0000000008005266                USBD_ClrClassConfig
 .text.USBD_LL_SetupStage
                0x0000000008005274       0x5a Middlewares/ST/STM32_USB_Device_Library/Core/Src/usbd_core.o
                0x0000000008005274                USBD_LL_SetupStage
 .text.USBD_LL_DataOutStage
                0x00000000080052ce       0x6a Middlewares/ST/STM32_USB_Device_Library/Core/Src/usbd_core.o
                0x00000000080052ce                USBD_LL_DataOutStage
 .text.USBD_LL_DataInStage
                0x0000000008005338       0xb0 Middlewares/ST/STM32_USB_Device_Library/Core/Src/usbd_core.o
                0x0000000008005338                USBD_LL_DataInStage
 .text.USBD_LL_Reset
                0x00000000080053e8       0x3e Middlewares/ST/STM32_USB_Device_Library/Core/Src/usbd_core.o
                0x00000000080053e8                USBD_LL_Reset
 .text.USBD_LL_SetSpeed
                0x0000000008005426        0x6 Middlewares/ST/STM32_USB_Device_Library/Core/Src/usbd_core.o
                0x0000000008005426                USBD_LL_SetSpeed
 .text.USBD_LL_Suspend
                0x000000000800542c       0x12 Middlewares/ST/STM32_USB_Device_Library/Core/Src/usbd_core.o
                0x000000000800542c                USBD_LL_Suspend
 .text.USBD_LL_Resume
                0x000000000800543e        0xc Middlewares/ST/STM32_USB_Device_Library/Core/Src/usbd_core.o
                0x000000000800543e                USBD_LL_Resume
 .text.USBD_LL_SOF
                0x000000000800544a       0x1c Middlewares/ST/STM32_USB_Device_Library/Core/Src/usbd_core.o
                0x000000000800544a                USBD_LL_SOF
 .text.USBD_GetLen
                0x0000000008005466       0x14 Middlewares/ST/STM32_USB_Device_Library/Core/Src/usbd_ctlreq.o
 .text.USBD_SetFeature
                0x000000000800547a       0x20 Middlewares/ST/STM32_USB_Device_Library/Core/Src/usbd_ctlreq.o
 .text.USBD_ParseSetupRequest
                0x000000000800549a       0x28 Middlewares/ST/STM32_USB_Device_Library/Core/Src/usbd_ctlreq.o
                0x000000000800549a                USBD_ParseSetupRequest
 .text.USBD_CtlError
                0x00000000080054c2       0x14 Middlewares/ST/STM32_USB_Device_Library/Core/Src/usbd_ctlreq.o
                0x00000000080054c2                USBD_CtlError
 .text.USBD_GetDescriptor
                0x00000000080054d6      0x132 Middlewares/ST/STM32_USB_Device_Library/Core/Src/usbd_ctlreq.o
 .text.USBD_SetAddress
                0x0000000008005608       0x4a Middlewares/ST/STM32_USB_Device_Library/Core/Src/usbd_ctlreq.o
 *fill*         0x0000000008005652        0x2 
 .text.USBD_SetConfig
                0x0000000008005654       0xa4 Middlewares/ST/STM32_USB_Device_Library/Core/Src/usbd_ctlreq.o
 .text.USBD_GetConfig
                0x00000000080056f8       0x3a Middlewares/ST/STM32_USB_Device_Library/Core/Src/usbd_ctlreq.o
 .text.USBD_GetStatus
                0x0000000008005732       0x2c Middlewares/ST/STM32_USB_Device_Library/Core/Src/usbd_ctlreq.o
 .text.USBD_ClrFeature
                0x000000000800575e       0x30 Middlewares/ST/STM32_USB_Device_Library/Core/Src/usbd_ctlreq.o
 .text.USBD_StdDevReq
                0x000000000800578e       0x48 Middlewares/ST/STM32_USB_Device_Library/Core/Src/usbd_ctlreq.o
                0x000000000800578e                USBD_StdDevReq
 .text.USBD_StdItfReq
                0x00000000080057d6       0x38 Middlewares/ST/STM32_USB_Device_Library/Core/Src/usbd_ctlreq.o
                0x00000000080057d6                USBD_StdItfReq
 .text.USBD_StdEPReq
                0x000000000800580e      0x118 Middlewares/ST/STM32_USB_Device_Library/Core/Src/usbd_ctlreq.o
                0x000000000800580e                USBD_StdEPReq
 .text.USBD_GetString
                0x0000000008005926       0x3a Middlewares/ST/STM32_USB_Device_Library/Core/Src/usbd_ctlreq.o
                0x0000000008005926                USBD_GetString
 .text.USBD_CtlSendData
                0x0000000008005960       0x1a Middlewares/ST/STM32_USB_Device_Library/Core/Src/usbd_ioreq.o
                0x0000000008005960                USBD_CtlSendData
 .text.USBD_CtlContinueSendData
                0x000000000800597a       0x10 Middlewares/ST/STM32_USB_Device_Library/Core/Src/usbd_ioreq.o
                0x000000000800597a                USBD_CtlContinueSendData
 .text.USBD_CtlPrepareRx
                0x000000000800598a       0x1e Middlewares/ST/STM32_USB_Device_Library/Core/Src/usbd_ioreq.o
                0x000000000800598a                USBD_CtlPrepareRx
 .text.USBD_CtlContinueRx
                0x00000000080059a8       0x10 Middlewares/ST/STM32_USB_Device_Library/Core/Src/usbd_ioreq.o
                0x00000000080059a8                USBD_CtlContinueRx
 .text.USBD_CtlSendStatus
                0x00000000080059b8       0x16 Middlewares/ST/STM32_USB_Device_Library/Core/Src/usbd_ioreq.o
                0x00000000080059b8                USBD_CtlSendStatus
 .text.USBD_CtlReceiveStatus
                0x00000000080059ce       0x16 Middlewares/ST/STM32_USB_Device_Library/Core/Src/usbd_ioreq.o
                0x00000000080059ce                USBD_CtlReceiveStatus
 .text.SystemClock_Config
                0x00000000080059e4       0x78 Src/config.o
                0x00000000080059e4                SystemClock_Config
 .text.MX_ADC1_Init
                0x0000000008005a5c       0x48 Src/config.o
                0x0000000008005a5c                MX_ADC1_Init
 .text.MX_I2C1_Init
                0x0000000008005aa4       0x34 Src/config.o
                0x0000000008005aa4                MX_I2C1_Init
 .text.MX_RTC_Init
                0x0000000008005ad8       0x64 Src/config.o
                0x0000000008005ad8                MX_RTC_Init
 .text.MX_SPI2_Init
                0x0000000008005b3c       0x3c Src/config.o
                0x0000000008005b3c                MX_SPI2_Init
 .text.MX_TIM2_Init
                0x0000000008005b78       0x58 Src/config.o
                0x0000000008005b78                MX_TIM2_Init
 .text.MX_USART3_UART_Init
                0x0000000008005bd0       0x2c Src/config.o
                0x0000000008005bd0                MX_USART3_UART_Init
 .text.MX_GPIO_Init
                0x0000000008005bfc      0x110 Src/config.o
                0x0000000008005bfc                MX_GPIO_Init
 .text.Error_Handler
                0x0000000008005d0c        0x2 Src/config.o
                0x0000000008005d0c                Error_Handler
 *fill*         0x0000000008005d0e        0x2 
 .text.Start_Measuring_Time
                0x0000000008005d10       0x18 Src/main.o
                0x0000000008005d10                Start_Measuring_Time
 .text.Stop_Measuring_Time
                0x0000000008005d28       0x14 Src/main.o
                0x0000000008005d28                Stop_Measuring_Time
 .text.Send_Timestamp
                0x0000000008005d3c       0x2c Src/main.o
                0x0000000008005d3c                Send_Timestamp
 .text.main     0x0000000008005d68      0x238 Src/main.o
                0x0000000008005d68                main
 .text.HAL_MspInit
                0x0000000008005fa0       0x40 Src/stm32f1xx_hal_msp.o
                0x0000000008005fa0                HAL_MspInit
 .text.HAL_ADC_MspInit
                0x0000000008005fe0       0x60 Src/stm32f1xx_hal_msp.o
                0x0000000008005fe0                HAL_ADC_MspInit
 .text.HAL_I2C_MspInit
                0x0000000008006040       0x84 Src/stm32f1xx_hal_msp.o
                0x0000000008006040                HAL_I2C_MspInit
 .text.HAL_RTC_MspInit
                0x00000000080060c4       0x4c Src/stm32f1xx_hal_msp.o
                0x00000000080060c4                HAL_RTC_MspInit
 .text.HAL_SPI_MspInit
                0x0000000008006110       0x88 Src/stm32f1xx_hal_msp.o
                0x0000000008006110                HAL_SPI_MspInit
 .text.HAL_TIM_Base_MspInit
                0x0000000008006198       0x26 Src/stm32f1xx_hal_msp.o
                0x0000000008006198                HAL_TIM_Base_MspInit
 *fill*         0x00000000080061be        0x2 
 .text.HAL_UART_MspInit
                0x00000000080061c0       0x88 Src/stm32f1xx_hal_msp.o
                0x00000000080061c0                HAL_UART_MspInit
 .text.NMI_Handler
                0x0000000008006248        0x2 Src/stm32f1xx_it.o
                0x0000000008006248                NMI_Handler
 .text.HardFault_Handler
                0x000000000800624a        0x2 Src/stm32f1xx_it.o
                0x000000000800624a                HardFault_Handler
 .text.MemManage_Handler
                0x000000000800624c        0x2 Src/stm32f1xx_it.o
                0x000000000800624c                MemManage_Handler
 .text.BusFault_Handler
                0x000000000800624e        0x2 Src/stm32f1xx_it.o
                0x000000000800624e                BusFault_Handler
 .text.UsageFault_Handler
                0x0000000008006250        0x2 Src/stm32f1xx_it.o
                0x0000000008006250                UsageFault_Handler
 .text.SVC_Handler
                0x0000000008006252        0x2 Src/stm32f1xx_it.o
                0x0000000008006252                SVC_Handler
 .text.DebugMon_Handler
                0x0000000008006254        0x2 Src/stm32f1xx_it.o
                0x0000000008006254                DebugMon_Handler
 .text.PendSV_Handler
                0x0000000008006256        0x2 Src/stm32f1xx_it.o
                0x0000000008006256                PendSV_Handler
 .text.SysTick_Handler
                0x0000000008006258        0x8 Src/stm32f1xx_it.o
                0x0000000008006258                SysTick_Handler
 .text.RTC_IRQHandler
                0x0000000008006260       0x10 Src/stm32f1xx_it.o
                0x0000000008006260                RTC_IRQHandler
 .text.EXTI0_IRQHandler
                0x0000000008006270        0xa Src/stm32f1xx_it.o
                0x0000000008006270                EXTI0_IRQHandler
 *fill*         0x000000000800627a        0x2 
 .text.USB_LP_CAN1_RX0_IRQHandler
                0x000000000800627c       0x10 Src/stm32f1xx_it.o
                0x000000000800627c                USB_LP_CAN1_RX0_IRQHandler
 .text.I2C1_EV_IRQHandler
                0x000000000800628c       0x10 Src/stm32f1xx_it.o
                0x000000000800628c                I2C1_EV_IRQHandler
 .text.I2C1_ER_IRQHandler
                0x000000000800629c       0x10 Src/stm32f1xx_it.o
                0x000000000800629c                I2C1_ER_IRQHandler
 .text.SPI2_IRQHandler
                0x00000000080062ac       0x10 Src/stm32f1xx_it.o
                0x00000000080062ac                SPI2_IRQHandler
 .text.USART3_IRQHandler
                0x00000000080062bc       0x10 Src/stm32f1xx_it.o
                0x00000000080062bc                USART3_IRQHandler
 .text.SystemInit
                0x00000000080062cc       0x4c Src/system_stm32f1xx.o
                0x00000000080062cc                SystemInit
 .text.MX_USB_DEVICE_Init
                0x0000000008006318       0x38 Src/usb_device.o
                0x0000000008006318                MX_USB_DEVICE_Init
 .text.CDC_DeInit_FS
                0x0000000008006350        0x4 Src/usbd_cdc_if.o
 .text.CDC_Control_FS
                0x0000000008006354        0x4 Src/usbd_cdc_if.o
 .text.CDC_Receive_FS
                0x0000000008006358       0x4c Src/usbd_cdc_if.o
 .text.CDC_Init_FS
                0x00000000080063a4       0x28 Src/usbd_cdc_if.o
 .text.CDC_Transmit_FS
                0x00000000080063cc       0x2c Src/usbd_cdc_if.o
                0x00000000080063cc                CDC_Transmit_FS
 .text.HAL_PCD_MspInit
                0x00000000080063f8       0x40 Src/usbd_conf.o
                0x00000000080063f8                HAL_PCD_MspInit
 .text.HAL_PCD_SetupStageCallback
                0x0000000008006438       0x10 Src/usbd_conf.o
                0x0000000008006438                HAL_PCD_SetupStageCallback
 .text.HAL_PCD_DataOutStageCallback
                0x0000000008006448       0x14 Src/usbd_conf.o
                0x0000000008006448                HAL_PCD_DataOutStageCallback
 .text.HAL_PCD_DataInStageCallback
                0x000000000800645c       0x12 Src/usbd_conf.o
                0x000000000800645c                HAL_PCD_DataInStageCallback
 .text.HAL_PCD_SOFCallback
                0x000000000800646e        0xc Src/usbd_conf.o
                0x000000000800646e                HAL_PCD_SOFCallback
 .text.HAL_PCD_ResetCallback
                0x000000000800647a       0x18 Src/usbd_conf.o
                0x000000000800647a                HAL_PCD_ResetCallback
 *fill*         0x0000000008006492        0x2 
 .text.HAL_PCD_SuspendCallback
                0x0000000008006494       0x20 Src/usbd_conf.o
                0x0000000008006494                HAL_PCD_SuspendCallback
 .text.HAL_PCD_ResumeCallback
                0x00000000080064b4        0xc Src/usbd_conf.o
                0x00000000080064b4                HAL_PCD_ResumeCallback
 .text.USBD_LL_Init
                0x00000000080064c0       0x88 Src/usbd_conf.o
                0x00000000080064c0                USBD_LL_Init
 .text.USBD_LL_Start
                0x0000000008006548       0x1c Src/usbd_conf.o
                0x0000000008006548                USBD_LL_Start
 .text.USBD_LL_OpenEP
                0x0000000008006564       0x22 Src/usbd_conf.o
                0x0000000008006564                USBD_LL_OpenEP
 .text.USBD_LL_CloseEP
                0x0000000008006586       0x1c Src/usbd_conf.o
                0x0000000008006586                USBD_LL_CloseEP
 .text.USBD_LL_StallEP
                0x00000000080065a2       0x1c Src/usbd_conf.o
                0x00000000080065a2                USBD_LL_StallEP
 .text.USBD_LL_ClearStallEP
                0x00000000080065be       0x1c Src/usbd_conf.o
                0x00000000080065be                USBD_LL_ClearStallEP
 .text.USBD_LL_IsStallEP
                0x00000000080065da       0x26 Src/usbd_conf.o
                0x00000000080065da                USBD_LL_IsStallEP
 .text.USBD_LL_SetUSBAddress
                0x0000000008006600       0x1c Src/usbd_conf.o
                0x0000000008006600                USBD_LL_SetUSBAddress
 .text.USBD_LL_Transmit
                0x000000000800661c       0x1c Src/usbd_conf.o
                0x000000000800661c                USBD_LL_Transmit
 .text.USBD_LL_PrepareReceive
                0x0000000008006638       0x1c Src/usbd_conf.o
                0x0000000008006638                USBD_LL_PrepareReceive
 .text.USBD_LL_GetRxDataSize
                0x0000000008006654        0xc Src/usbd_conf.o
                0x0000000008006654                USBD_LL_GetRxDataSize
 .text.USBD_static_malloc
                0x0000000008006660        0x8 Src/usbd_conf.o
                0x0000000008006660                USBD_static_malloc
 .text.USBD_static_free
                0x0000000008006668        0x2 Src/usbd_conf.o
                0x0000000008006668                USBD_static_free
 .text.HAL_PCDEx_SetConnectionState
                0x000000000800666a        0x2 Src/usbd_conf.o
                0x000000000800666a                HAL_PCDEx_SetConnectionState
 .text.USBD_FS_DeviceDescriptor
                0x000000000800666c        0xc Src/usbd_desc.o
                0x000000000800666c                USBD_FS_DeviceDescriptor
 .text.USBD_FS_LangIDStrDescriptor
                0x0000000008006678        0xc Src/usbd_desc.o
                0x0000000008006678                USBD_FS_LangIDStrDescriptor
 .text.USBD_FS_ProductStrDescriptor
                0x0000000008006684       0x24 Src/usbd_desc.o
                0x0000000008006684                USBD_FS_ProductStrDescriptor
 .text.USBD_FS_ManufacturerStrDescriptor
                0x00000000080066a8       0x1c Src/usbd_desc.o
                0x00000000080066a8                USBD_FS_ManufacturerStrDescriptor
 .text.USBD_FS_SerialStrDescriptor
                0x00000000080066c4       0x24 Src/usbd_desc.o
                0x00000000080066c4                USBD_FS_SerialStrDescriptor
 .text.USBD_FS_ConfigStrDescriptor
                0x00000000080066e8       0x24 Src/usbd_desc.o
                0x00000000080066e8                USBD_FS_ConfigStrDescriptor
 .text.USBD_FS_InterfaceStrDescriptor
                0x000000000800670c       0x24 Src/usbd_desc.o
                0x000000000800670c                USBD_FS_InterfaceStrDescriptor
 .text.dwt_writetodevice
                0x0000000008006730       0x44 Src/decadriver/deca_device.o
                0x0000000008006730                dwt_writetodevice
 .text.dwt_writetxdata
                0x0000000008006774       0x24 Src/decadriver/deca_device.o
                0x0000000008006774                dwt_writetxdata
 .text.dwt_readfromdevice
                0x0000000008006798       0x40 Src/decadriver/deca_device.o
                0x0000000008006798                dwt_readfromdevice
 .text.dwt_readrxdata
                0x00000000080067d8       0x14 Src/decadriver/deca_device.o
                0x00000000080067d8                dwt_readrxdata
 .text.dwt_readtxtimestamp
                0x00000000080067ec       0x10 Src/decadriver/deca_device.o
                0x00000000080067ec                dwt_readtxtimestamp
 .text.dwt_readrxtimestamp
                0x00000000080067fc       0x10 Src/decadriver/deca_device.o
                0x00000000080067fc                dwt_readrxtimestamp
 .text.dwt_read32bitoffsetreg
                0x000000000800680c       0x30 Src/decadriver/deca_device.o
                0x000000000800680c                dwt_read32bitoffsetreg
 .text.dwt_readdevid
                0x000000000800683c        0xc Src/decadriver/deca_device.o
                0x000000000800683c                dwt_readdevid
 .text.dwt_read16bitoffsetreg
                0x0000000008006848       0x24 Src/decadriver/deca_device.o
                0x0000000008006848                dwt_read16bitoffsetreg
 .text.dwt_read8bitoffsetreg
                0x000000000800686c       0x1c Src/decadriver/deca_device.o
                0x000000000800686c                dwt_read8bitoffsetreg
 .text.dwt_write8bitoffsetreg
                0x0000000008006888       0x1c Src/decadriver/deca_device.o
                0x0000000008006888                dwt_write8bitoffsetreg
 .text.dwt_write16bitoffsetreg
                0x00000000080068a4       0x20 Src/decadriver/deca_device.o
                0x00000000080068a4                dwt_write16bitoffsetreg
 .text.dwt_setrxantennadelay
                0x00000000080068c4       0x10 Src/decadriver/deca_device.o
                0x00000000080068c4                dwt_setrxantennadelay
 .text.dwt_settxantennadelay
                0x00000000080068d4       0x10 Src/decadriver/deca_device.o
                0x00000000080068d4                dwt_settxantennadelay
 .text.dwt_write32bitoffsetreg
                0x00000000080068e4       0x28 Src/decadriver/deca_device.o
                0x00000000080068e4                dwt_write32bitoffsetreg
 .text.dwt_writetxfctrl
                0x000000000800690c       0x20 Src/decadriver/deca_device.o
                0x000000000800690c                dwt_writetxfctrl
 .text._dwt_otpread
                0x000000000800692c       0x2c Src/decadriver/deca_device.o
                0x000000000800692c                _dwt_otpread
 .text._dwt_aonarrayupload
                0x0000000008006958       0x18 Src/decadriver/deca_device.o
                0x0000000008006958                _dwt_aonarrayupload
 .text._dwt_configlde
                0x0000000008006970       0x34 Src/decadriver/deca_device.o
                0x0000000008006970                _dwt_configlde
 .text.dwt_configure
                0x00000000080069a4      0x210 Src/decadriver/deca_device.o
                0x00000000080069a4                dwt_configure
 .text.dwt_setrxaftertxdelay
                0x0000000008006bb4       0x20 Src/decadriver/deca_device.o
                0x0000000008006bb4                dwt_setrxaftertxdelay
 .text.dwt_setleds
                0x0000000008006bd4       0x7c Src/decadriver/deca_device.o
                0x0000000008006bd4                dwt_setleds
 .text._dwt_enableclocks
                0x0000000008006c50       0xf4 Src/decadriver/deca_device.o
                0x0000000008006c50                _dwt_enableclocks
 .text._dwt_loaducodefromrom
                0x0000000008006d44       0x24 Src/decadriver/deca_device.o
                0x0000000008006d44                _dwt_loaducodefromrom
 .text._dwt_disablesequencing
                0x0000000008006d68       0x14 Src/decadriver/deca_device.o
                0x0000000008006d68                _dwt_disablesequencing
 .text.dwt_setdelayedtrxtime
                0x0000000008006d7c       0x10 Src/decadriver/deca_device.o
                0x0000000008006d7c                dwt_setdelayedtrxtime
 .text.dwt_starttx
                0x0000000008006d8c       0x60 Src/decadriver/deca_device.o
                0x0000000008006d8c                dwt_starttx
 .text.dwt_syncrxbufptrs
                0x0000000008006dec       0x20 Src/decadriver/deca_device.o
                0x0000000008006dec                dwt_syncrxbufptrs
 .text.dwt_forcetrxoff
                0x0000000008006e0c       0x58 Src/decadriver/deca_device.o
                0x0000000008006e0c                dwt_forcetrxoff
 .text.dwt_rxenable
                0x0000000008006e64       0x60 Src/decadriver/deca_device.o
                0x0000000008006e64                dwt_rxenable
 .text.dwt_setrxtimeout
                0x0000000008006ec4       0x54 Src/decadriver/deca_device.o
                0x0000000008006ec4                dwt_setrxtimeout
 .text.dwt_setpreambledetecttimeout
                0x0000000008006f18       0x10 Src/decadriver/deca_device.o
                0x0000000008006f18                dwt_setpreambledetecttimeout
 .text.dwt_rxreset
                0x0000000008006f28       0x18 Src/decadriver/deca_device.o
                0x0000000008006f28                dwt_rxreset
 .text.dwt_softreset
                0x0000000008006f40       0x48 Src/decadriver/deca_device.o
                0x0000000008006f40                dwt_softreset
 .text.dwt_setxtaltrim
                0x0000000008006f88       0x14 Src/decadriver/deca_device.o
                0x0000000008006f88                dwt_setxtaltrim
 .text.dwt_initialise
                0x0000000008006f9c      0x1b0 Src/decadriver/deca_device.o
                0x0000000008006f9c                dwt_initialise
 .text.decamutexon
                0x000000000800714c       0x14 Src/platform/deca_mutex.o
                0x000000000800714c                decamutexon
 .text.decamutexoff
                0x0000000008007160        0xc Src/platform/deca_mutex.o
                0x0000000008007160                decamutexoff
 .text.deca_sleep
                0x000000000800716c        0x8 Src/platform/deca_sleep.o
                0x000000000800716c                deca_sleep
 .text.writetospi
                0x0000000008007174       0x6c Src/platform/deca_spi.o
                0x0000000008007174                writetospi
 .text.readfromspi
                0x00000000080071e0       0x90 Src/platform/deca_spi.o
                0x00000000080071e0                readfromspi
 .text.NVIC_EnableIRQ
                0x0000000008007270       0x18 Src/platform/port.o
 .text.NVIC_DisableIRQ
                0x0000000008007288       0x18 Src/platform/port.o
 .text.usleep   0x00000000080072a0       0x52 Src/platform/port.o
                0x00000000080072a0                usleep
 .text.Sleep    0x00000000080072f2       0x16 Src/platform/port.o
                0x00000000080072f2                Sleep
 .text.EXTI_GetITEnStatus
                0x0000000008007308       0x38 Src/platform/port.o
                0x0000000008007308                EXTI_GetITEnStatus
 .text.reset_DW1000
                0x0000000008007340       0x48 Src/platform/port.o
                0x0000000008007340                reset_DW1000
 .text.setup_DW1000RSTnIRQ
                0x0000000008007388       0x7c Src/platform/port.o
                0x0000000008007388                setup_DW1000RSTnIRQ
 .text.port_set_dw1000_slowrate
                0x0000000008007404       0x18 Src/platform/port.o
                0x0000000008007404                port_set_dw1000_slowrate
 .text.port_set_dw1000_fastrate
                0x000000000800741c       0x18 Src/platform/port.o
                0x000000000800741c                port_set_dw1000_fastrate
 .text.HAL_GPIO_EXTI_Callback
                0x0000000008007434       0x30 Src/platform/port.o
                0x0000000008007434                HAL_GPIO_EXTI_Callback
 .text.process_deca_irq
                0x0000000008007464       0x20 Src/platform/port.o
                0x0000000008007464                process_deca_irq
 .text.port_DisableEXT_IRQ
                0x0000000008007484        0xe Src/platform/port.o
                0x0000000008007484                port_DisableEXT_IRQ
 .text.port_EnableEXT_IRQ
                0x0000000008007492        0xe Src/platform/port.o
                0x0000000008007492                port_EnableEXT_IRQ
 .text.port_GetEXT_IRQStatus
                0x00000000080074a0       0x10 Src/platform/port.o
                0x00000000080074a0                port_GetEXT_IRQStatus
 .text.port_CheckEXT_IRQ
                0x00000000080074b0       0x18 Src/platform/port.o
                0x00000000080074b0                port_CheckEXT_IRQ
 .text.final_msg_get_ts
                0x00000000080074c8       0x24 UWB/Pos_functions.o
 .text.get_tx_timestamp_u64
                0x00000000080074ec       0x46 UWB/Pos_functions.o
 .text.get_rx_timestamp_u64
                0x0000000008007532       0x46 UWB/Pos_functions.o
 .text.UWB_Tag_Init
                0x0000000008007578       0x5c UWB/Pos_functions.o
                0x0000000008007578                UWB_Tag_Init
 *fill*         0x00000000080075d4        0x4 
 .text.UWB_Tag_Get_Distance
                0x00000000080075d8      0x3d4 UWB/Pos_functions.o
                0x00000000080075d8                UWB_Tag_Get_Distance
 .text.Reset_Handler
                0x00000000080079ac       0x48 startup/startup_stm32f103xb.o
                0x00000000080079ac                Reset_Handler
 .text.Default_Handler
                0x00000000080079f4        0x2 startup/startup_stm32f103xb.o
                0x00000000080079f4                RTC_Alarm_IRQHandler
                0x00000000080079f4                EXTI2_IRQHandler
                0x00000000080079f4                TIM1_CC_IRQHandler
                0x00000000080079f4                PVD_IRQHandler
                0x00000000080079f4                EXTI3_IRQHandler
                0x00000000080079f4                I2C2_EV_IRQHandler
                0x00000000080079f4                ADC1_2_IRQHandler
                0x00000000080079f4                SPI1_IRQHandler
                0x00000000080079f4                TAMPER_IRQHandler
                0x00000000080079f4                DMA1_Channel4_IRQHandler
                0x00000000080079f4                DMA1_Channel7_IRQHandler
                0x00000000080079f4                CAN1_RX1_IRQHandler
                0x00000000080079f4                TIM4_IRQHandler
                0x00000000080079f4                DMA1_Channel6_IRQHandler
                0x00000000080079f4                TIM3_IRQHandler
                0x00000000080079f4                RCC_IRQHandler
                0x00000000080079f4                TIM1_TRG_COM_IRQHandler
                0x00000000080079f4                DMA1_Channel1_IRQHandler
                0x00000000080079f4                Default_Handler
                0x00000000080079f4                EXTI15_10_IRQHandler
                0x00000000080079f4                EXTI9_5_IRQHandler
                0x00000000080079f4                DMA1_Channel5_IRQHandler
                0x00000000080079f4                EXTI4_IRQHandler
                0x00000000080079f4                USB_HP_CAN1_TX_IRQHandler
                0x00000000080079f4                DMA1_Channel3_IRQHandler
                0x00000000080079f4                TIM1_UP_IRQHandler
                0x00000000080079f4                WWDG_IRQHandler
                0x00000000080079f4                TIM2_IRQHandler
                0x00000000080079f4                TIM1_BRK_IRQHandler
                0x00000000080079f4                EXTI1_IRQHandler
                0x00000000080079f4                USART2_IRQHandler
                0x00000000080079f4                I2C2_ER_IRQHandler
                0x00000000080079f4                DMA1_Channel2_IRQHandler
                0x00000000080079f4                CAN1_SCE_IRQHandler
                0x00000000080079f4                FLASH_IRQHandler
                0x00000000080079f4                USART1_IRQHandler
                0x00000000080079f4                USBWakeUp_IRQHandler
 *fill*         0x00000000080079f6        0x2 
 .text.__libc_init_array
                0x00000000080079f8       0x48 c:/st/stm32cubeide_1.0.2/stm32cubeide/plugins/com.st.stm32cube.ide.mcu.externaltools.gnu-tools-for-stm32.7-2018-q2-update.win32_1.0.0.201904181610/tools/bin/../lib/gcc/arm-none-eabi/7.3.1/../../../../arm-none-eabi/lib/thumb/v7-m\libc_nano.a(lib_a-init.o)
                0x00000000080079f8                __libc_init_array
 .text.memcmp   0x0000000008007a40       0x1e c:/st/stm32cubeide_1.0.2/stm32cubeide/plugins/com.st.stm32cube.ide.mcu.externaltools.gnu-tools-for-stm32.7-2018-q2-update.win32_1.0.0.201904181610/tools/bin/../lib/gcc/arm-none-eabi/7.3.1/../../../../arm-none-eabi/lib/thumb/v7-m\libc_nano.a(lib_a-memcmp.o)
                0x0000000008007a40                memcmp
 *fill*         0x0000000008007a5e        0x2 
 .text.sprintf  0x0000000008007a60       0x40 c:/st/stm32cubeide_1.0.2/stm32cubeide/plugins/com.st.stm32cube.ide.mcu.externaltools.gnu-tools-for-stm32.7-2018-q2-update.win32_1.0.0.201904181610/tools/bin/../lib/gcc/arm-none-eabi/7.3.1/../../../../arm-none-eabi/lib/thumb/v7-m\libc_nano.a(lib_a-sprintf.o)
                0x0000000008007a60                siprintf
                0x0000000008007a60                sprintf
 .text.strlcpy  0x0000000008007aa0       0x2a c:/st/stm32cubeide_1.0.2/stm32cubeide/plugins/com.st.stm32cube.ide.mcu.externaltools.gnu-tools-for-stm32.7-2018-q2-update.win32_1.0.0.201904181610/tools/bin/../lib/gcc/arm-none-eabi/7.3.1/../../../../arm-none-eabi/lib/thumb/v7-m\libc_nano.a(lib_a-strlcpy.o)
                0x0000000008007aa0                strlcpy
 .text.__ssputs_r
                0x0000000008007aca       0xb4 c:/st/stm32cubeide_1.0.2/stm32cubeide/plugins/com.st.stm32cube.ide.mcu.externaltools.gnu-tools-for-stm32.7-2018-q2-update.win32_1.0.0.201904181610/tools/bin/../lib/gcc/arm-none-eabi/7.3.1/../../../../arm-none-eabi/lib/thumb/v7-m\libc_nano.a(lib_a-nano-svfprintf.o)
                0x0000000008007aca                __ssputs_r
 *fill*         0x0000000008007b7e        0x2 
 .text._svfprintf_r
                0x0000000008007b80      0x1f0 c:/st/stm32cubeide_1.0.2/stm32cubeide/plugins/com.st.stm32cube.ide.mcu.externaltools.gnu-tools-for-stm32.7-2018-q2-update.win32_1.0.0.201904181610/tools/bin/../lib/gcc/arm-none-eabi/7.3.1/../../../../arm-none-eabi/lib/thumb/v7-m\libc_nano.a(lib_a-nano-svfprintf.o)
                0x0000000008007b80                _svfiprintf_r
                0x0000000008007b80                _svfprintf_r
 .text._printf_common
                0x0000000008007d70       0xec c:/st/stm32cubeide_1.0.2/stm32cubeide/plugins/com.st.stm32cube.ide.mcu.externaltools.gnu-tools-for-stm32.7-2018-q2-update.win32_1.0.0.201904181610/tools/bin/../lib/gcc/arm-none-eabi/7.3.1/../../../../arm-none-eabi/lib/thumb/v7-m\libc_nano.a(lib_a-nano-vfprintf_i.o)
                0x0000000008007d70                _printf_common
 .text._printf_i
                0x0000000008007e5c      0x224 c:/st/stm32cubeide_1.0.2/stm32cubeide/plugins/com.st.stm32cube.ide.mcu.externaltools.gnu-tools-for-stm32.7-2018-q2-update.win32_1.0.0.201904181610/tools/bin/../lib/gcc/arm-none-eabi/7.3.1/../../../../arm-none-eabi/lib/thumb/v7-m\libc_nano.a(lib_a-nano-vfprintf_i.o)
                0x0000000008007e5c                _printf_i
 .text.memchr   0x0000000008008080       0x1c c:/st/stm32cubeide_1.0.2/stm32cubeide/plugins/com.st.stm32cube.ide.mcu.externaltools.gnu-tools-for-stm32.7-2018-q2-update.win32_1.0.0.201904181610/tools/bin/../lib/gcc/arm-none-eabi/7.3.1/../../../../arm-none-eabi/lib/thumb/v7-m\libc_nano.a(lib_a-memchr-stub.o)
                0x0000000008008080                memchr
 .text.memcpy   0x000000000800809c       0x16 c:/st/stm32cubeide_1.0.2/stm32cubeide/plugins/com.st.stm32cube.ide.mcu.externaltools.gnu-tools-for-stm32.7-2018-q2-update.win32_1.0.0.201904181610/tools/bin/../lib/gcc/arm-none-eabi/7.3.1/../../../../arm-none-eabi/lib/thumb/v7-m\libc_nano.a(lib_a-memcpy-stub.o)
                0x000000000800809c                memcpy
 .text.memmove  0x00000000080080b2       0x32 c:/st/stm32cubeide_1.0.2/stm32cubeide/plugins/com.st.stm32cube.ide.mcu.externaltools.gnu-tools-for-stm32.7-2018-q2-update.win32_1.0.0.201904181610/tools/bin/../lib/gcc/arm-none-eabi/7.3.1/../../../../arm-none-eabi/lib/thumb/v7-m\libc_nano.a(lib_a-memmove.o)
                0x00000000080080b2                memmove
 .text._free_r  0x00000000080080e4       0x98 c:/st/stm32cubeide_1.0.2/stm32cubeide/plugins/com.st.stm32cube.ide.mcu.externaltools.gnu-tools-for-stm32.7-2018-q2-update.win32_1.0.0.201904181610/tools/bin/../lib/gcc/arm-none-eabi/7.3.1/../../../../arm-none-eabi/lib/thumb/v7-m\libc_nano.a(lib_a-nano-freer.o)
                0x00000000080080e4                _free_r
 .text._malloc_r
                0x000000000800817c       0xb4 c:/st/stm32cubeide_1.0.2/stm32cubeide/plugins/com.st.stm32cube.ide.mcu.externaltools.gnu-tools-for-stm32.7-2018-q2-update.win32_1.0.0.201904181610/tools/bin/../lib/gcc/arm-none-eabi/7.3.1/../../../../arm-none-eabi/lib/thumb/v7-m\libc_nano.a(lib_a-nano-mallocr.o)
                0x000000000800817c                _malloc_r
 .text._realloc_r
                0x0000000008008230       0x4c c:/st/stm32cubeide_1.0.2/stm32cubeide/plugins/com.st.stm32cube.ide.mcu.externaltools.gnu-tools-for-stm32.7-2018-q2-update.win32_1.0.0.201904181610/tools/bin/../lib/gcc/arm-none-eabi/7.3.1/../../../../arm-none-eabi/lib/thumb/v7-m\libc_nano.a(lib_a-nano-reallocr.o)
                0x0000000008008230                _realloc_r
 .text._sbrk_r  0x000000000800827c       0x20 c:/st/stm32cubeide_1.0.2/stm32cubeide/plugins/com.st.stm32cube.ide.mcu.externaltools.gnu-tools-for-stm32.7-2018-q2-update.win32_1.0.0.201904181610/tools/bin/../lib/gcc/arm-none-eabi/7.3.1/../../../../arm-none-eabi/lib/thumb/v7-m\libc_nano.a(lib_a-sbrkr.o)
                0x000000000800827c                _sbrk_r
 .text.__malloc_lock
                0x000000000800829c        0x2 c:/st/stm32cubeide_1.0.2/stm32cubeide/plugins/com.st.stm32cube.ide.mcu.externaltools.gnu-tools-for-stm32.7-2018-q2-update.win32_1.0.0.201904181610/tools/bin/../lib/gcc/arm-none-eabi/7.3.1/../../../../arm-none-eabi/lib/thumb/v7-m\libc_nano.a(lib_a-mlock.o)
                0x000000000800829c                __malloc_lock
 .text.__malloc_unlock
                0x000000000800829e        0x2 c:/st/stm32cubeide_1.0.2/stm32cubeide/plugins/com.st.stm32cube.ide.mcu.externaltools.gnu-tools-for-stm32.7-2018-q2-update.win32_1.0.0.201904181610/tools/bin/../lib/gcc/arm-none-eabi/7.3.1/../../../../arm-none-eabi/lib/thumb/v7-m\libc_nano.a(lib_a-mlock.o)
                0x000000000800829e                __malloc_unlock
 .text._malloc_usable_size_r
                0x00000000080082a0       0x10 c:/st/stm32cubeide_1.0.2/stm32cubeide/plugins/com.st.stm32cube.ide.mcu.externaltools.gnu-tools-for-stm32.7-2018-q2-update.win32_1.0.0.201904181610/tools/bin/../lib/gcc/arm-none-eabi/7.3.1/../../../../arm-none-eabi/lib/thumb/v7-m\libc_nano.a(lib_a-nano-msizer.o)
                0x00000000080082a0                _malloc_usable_size_r
 .text._sbrk    0x00000000080082b0       0x1c c:/st/stm32cubeide_1.0.2/stm32cubeide/plugins/com.st.stm32cube.ide.mcu.externaltools.gnu-tools-for-stm32.7-2018-q2-update.win32_1.0.0.201904181610/tools/bin/../lib/gcc/arm-none-eabi/7.3.1/../../../../arm-none-eabi/lib/thumb/v7-m\libnosys.a(sbrk.o)
                0x00000000080082b0                _sbrk
 *(.glue_7)
 .glue_7        0x00000000080082cc        0x0 linker stubs
 *(.glue_7t)
 .glue_7t       0x00000000080082cc        0x0 linker stubs
 *(.eh_frame)
 .eh_frame      0x00000000080082cc        0x0 c:/st/stm32cubeide_1.0.2/stm32cubeide/plugins/com.st.stm32cube.ide.mcu.externaltools.gnu-tools-for-stm32.7-2018-q2-update.win32_1.0.0.201904181610/tools/bin/../lib/gcc/arm-none-eabi/7.3.1/thumb/v7-m/crtbegin.o
 *(.init)
 .init          0x00000000080082cc        0x4 c:/st/stm32cubeide_1.0.2/stm32cubeide/plugins/com.st.stm32cube.ide.mcu.externaltools.gnu-tools-for-stm32.7-2018-q2-update.win32_1.0.0.201904181610/tools/bin/../lib/gcc/arm-none-eabi/7.3.1/thumb/v7-m/crti.o
                0x00000000080082cc                _init
 .init          0x00000000080082d0        0x8 c:/st/stm32cubeide_1.0.2/stm32cubeide/plugins/com.st.stm32cube.ide.mcu.externaltools.gnu-tools-for-stm32.7-2018-q2-update.win32_1.0.0.201904181610/tools/bin/../lib/gcc/arm-none-eabi/7.3.1/thumb/v7-m/crtn.o
 *(.fini)
 .fini          0x00000000080082d8        0x4 c:/st/stm32cubeide_1.0.2/stm32cubeide/plugins/com.st.stm32cube.ide.mcu.externaltools.gnu-tools-for-stm32.7-2018-q2-update.win32_1.0.0.201904181610/tools/bin/../lib/gcc/arm-none-eabi/7.3.1/thumb/v7-m/crti.o
                0x00000000080082d8                _fini
 .fini          0x00000000080082dc        0x8 c:/st/stm32cubeide_1.0.2/stm32cubeide/plugins/com.st.stm32cube.ide.mcu.externaltools.gnu-tools-for-stm32.7-2018-q2-update.win32_1.0.0.201904181610/tools/bin/../lib/gcc/arm-none-eabi/7.3.1/thumb/v7-m/crtn.o
                0x00000000080082e4                . = ALIGN (0x4)
                0x00000000080082e4                _etext = .

.vfp11_veneer   0x00000000080082e4        0x0
 .vfp11_veneer  0x00000000080082e4        0x0 linker stubs

.v4_bx          0x00000000080082e4        0x0
 .v4_bx         0x00000000080082e4        0x0 linker stubs

.iplt           0x00000000080082e4        0x0
 .iplt          0x00000000080082e4        0x0 c:/st/stm32cubeide_1.0.2/stm32cubeide/plugins/com.st.stm32cube.ide.mcu.externaltools.gnu-tools-for-stm32.7-2018-q2-update.win32_1.0.0.201904181610/tools/bin/../lib/gcc/arm-none-eabi/7.3.1/thumb/v7-m/crtbegin.o

.rodata         0x00000000080082e4      0x224
                0x00000000080082e4                . = ALIGN (0x4)
 *(.rodata)
 .rodata        0x00000000080082e4       0x12 Drivers/STM32F1xx_HAL_Driver/Src/stm32f1xx_hal_rcc.o
 *fill*         0x00000000080082f6        0x2 
 .rodata        0x00000000080082f8       0x12 Drivers/STM32F1xx_HAL_Driver/Src/stm32f1xx_hal_rcc_ex.o
 *fill*         0x000000000800830a        0x2 
 .rodata        0x000000000800830c       0x18 Src/system_stm32f1xx.o
                0x000000000800830c                AHBPrescTable
                0x000000000800831c                APBPrescTable
 .rodata        0x0000000008008324       0xb4 Src/decadriver/deca_params_init.o
                0x0000000008008324                lde_replicaCoeff
                0x0000000008008358                digital_bb_config
                0x0000000008008378                dtune1
                0x000000000800837c                sftsh
                0x0000000008008388                dwnsSFDlen
                0x000000000800838c                agc_config
                0x0000000008008394                rx_config
                0x0000000008008398                fs_pll_tune
                0x00000000080083a0                fs_pll_cfg
                0x00000000080083b8                tx_config
                0x00000000080083d0                chan_idx
 .rodata        0x00000000080083d8       0x30 UWB/Pos_functions.o
 *(.rodata*)
 .rodata.str1.4
                0x0000000008008408       0x4e Src/main.o
 *fill*         0x0000000008008456        0x2 
 .rodata.str1.4
                0x0000000008008458       0x56 Src/usbd_desc.o
 *fill*         0x00000000080084ae        0x2 
 .rodata.str1.4
                0x00000000080084b0       0x24 UWB/Pos_functions.o
                                         0x21 (size before relaxing)
 .rodata._svfprintf_r.str1.1
                0x00000000080084d4       0x11 c:/st/stm32cubeide_1.0.2/stm32cubeide/plugins/com.st.stm32cube.ide.mcu.externaltools.gnu-tools-for-stm32.7-2018-q2-update.win32_1.0.0.201904181610/tools/bin/../lib/gcc/arm-none-eabi/7.3.1/../../../../arm-none-eabi/lib/thumb/v7-m\libc_nano.a(lib_a-nano-svfprintf.o)
 .rodata._printf_i.str1.1
                0x00000000080084e5       0x22 c:/st/stm32cubeide_1.0.2/stm32cubeide/plugins/com.st.stm32cube.ide.mcu.externaltools.gnu-tools-for-stm32.7-2018-q2-update.win32_1.0.0.201904181610/tools/bin/../lib/gcc/arm-none-eabi/7.3.1/../../../../arm-none-eabi/lib/thumb/v7-m\libc_nano.a(lib_a-nano-vfprintf_i.o)
                0x0000000008008508                . = ALIGN (0x4)
 *fill*         0x0000000008008507        0x1 

.ARM.extab
 *(.ARM.extab* .gnu.linkonce.armextab.*)

.ARM            0x0000000008008508        0x8
                0x0000000008008508                __exidx_start = .
 *(.ARM.exidx*)
 .ARM.exidx     0x0000000008008508        0x8 c:/st/stm32cubeide_1.0.2/stm32cubeide/plugins/com.st.stm32cube.ide.mcu.externaltools.gnu-tools-for-stm32.7-2018-q2-update.win32_1.0.0.201904181610/tools/bin/../lib/gcc/arm-none-eabi/7.3.1/thumb/v7-m\libgcc.a(_udivmoddi4.o)
                0x0000000008008510                __exidx_end = .

.rel.dyn        0x0000000008008510        0x0
 .rel.iplt      0x0000000008008510        0x0 c:/st/stm32cubeide_1.0.2/stm32cubeide/plugins/com.st.stm32cube.ide.mcu.externaltools.gnu-tools-for-stm32.7-2018-q2-update.win32_1.0.0.201904181610/tools/bin/../lib/gcc/arm-none-eabi/7.3.1/thumb/v7-m/crtbegin.o

.preinit_array  0x0000000008008510        0x0
                0x0000000008008510                PROVIDE (__preinit_array_start = .)
 *(.preinit_array*)
                0x0000000008008510                PROVIDE (__preinit_array_end = .)

.init_array     0x0000000008008510        0x4
                0x0000000008008510                PROVIDE (__init_array_start = .)
 *(SORT_BY_NAME(.init_array.*))
 *(.init_array*)
 .init_array    0x0000000008008510        0x4 c:/st/stm32cubeide_1.0.2/stm32cubeide/plugins/com.st.stm32cube.ide.mcu.externaltools.gnu-tools-for-stm32.7-2018-q2-update.win32_1.0.0.201904181610/tools/bin/../lib/gcc/arm-none-eabi/7.3.1/thumb/v7-m/crtbegin.o
                0x0000000008008514                PROVIDE (__init_array_end = .)

.fini_array     0x0000000008008514        0x4
                [!provide]                        PROVIDE (__fini_array_start = .)
 *(SORT_BY_NAME(.fini_array.*))
 *(.fini_array*)
 .fini_array    0x0000000008008514        0x4 c:/st/stm32cubeide_1.0.2/stm32cubeide/plugins/com.st.stm32cube.ide.mcu.externaltools.gnu-tools-for-stm32.7-2018-q2-update.win32_1.0.0.201904181610/tools/bin/../lib/gcc/arm-none-eabi/7.3.1/thumb/v7-m/crtbegin.o
                [!provide]                        PROVIDE (__fini_array_end = .)
                0x0000000008008518                _sidata = LOADADDR (.data)

.data           0x0000000020000000      0x21c load address 0x0000000008008518
                0x0000000020000000                . = ALIGN (0x4)
                0x0000000020000000                _sdata = .
 *(.data)
 .data          0x0000000020000000        0x8 Drivers/STM32F1xx_HAL_Driver/Src/stm32f1xx_hal.o
                0x0000000020000000                uwTickFreq
                0x0000000020000004                uwTickPrio
 .data          0x0000000020000008      0x110 Middlewares/ST/STM32_USB_Device_Library/Class/CDC/Src/usbd_cdc.o
                0x0000000020000008                USBD_CDC_CfgFSDesc
                0x000000002000004c                USBD_CDC_CfgHSDesc
                0x0000000020000090                USBD_CDC_OtherSpeedCfgDesc
                0x00000000200000e0                USBD_CDC
 .data          0x0000000020000118       0x20 Src/main.o
                0x0000000020000118                currentAnchor
                0x0000000020000119                delayVar
                0x000000002000011c                testBuf
                0x0000000020000130                timeoutToWrite
                0x0000000020000134                debugError
 .data          0x0000000020000138        0x4 Src/system_stm32f1xx.o
                0x0000000020000138                SystemCoreClock
 .data          0x000000002000013c       0x10 Src/usbd_cdc_if.o
                0x000000002000013c                USBD_Interface_fops_FS
 .data          0x000000002000014c       0x34 Src/usbd_desc.o
                0x000000002000014c                USBD_FS_DeviceDesc
                0x0000000020000160                USBD_LangIDDesc
                0x0000000020000164                FS_Desc
 .data          0x0000000020000180        0x4 Src/decadriver/deca_device.o
 .data          0x0000000020000184       0x34 UWB/Pos_functions.o
 *(.data*)
 .data._impure_ptr
                0x00000000200001b8        0x4 c:/st/stm32cubeide_1.0.2/stm32cubeide/plugins/com.st.stm32cube.ide.mcu.externaltools.gnu-tools-for-stm32.7-2018-q2-update.win32_1.0.0.201904181610/tools/bin/../lib/gcc/arm-none-eabi/7.3.1/../../../../arm-none-eabi/lib/thumb/v7-m\libc_nano.a(lib_a-impure.o)
                0x00000000200001b8                _impure_ptr
 .data.impure_data
                0x00000000200001bc       0x60 c:/st/stm32cubeide_1.0.2/stm32cubeide/plugins/com.st.stm32cube.ide.mcu.externaltools.gnu-tools-for-stm32.7-2018-q2-update.win32_1.0.0.201904181610/tools/bin/../lib/gcc/arm-none-eabi/7.3.1/../../../../arm-none-eabi/lib/thumb/v7-m\libc_nano.a(lib_a-impure.o)
                0x000000002000021c                . = ALIGN (0x4)
                0x000000002000021c                _edata = .

.igot.plt       0x000000002000021c        0x0 load address 0x0000000008008734
 .igot.plt      0x000000002000021c        0x0 c:/st/stm32cubeide_1.0.2/stm32cubeide/plugins/com.st.stm32cube.ide.mcu.externaltools.gnu-tools-for-stm32.7-2018-q2-update.win32_1.0.0.201904181610/tools/bin/../lib/gcc/arm-none-eabi/7.3.1/thumb/v7-m/crtbegin.o
                0x000000002000021c                . = ALIGN (0x4)

.bss            0x0000000020000220     0x166c load address 0x0000000008008734
                0x0000000020000220                _sbss = .
                0x0000000020000220                __bss_start__ = _sbss
 *(.bss)
 .bss           0x0000000020000220       0x1c c:/st/stm32cubeide_1.0.2/stm32cubeide/plugins/com.st.stm32cube.ide.mcu.externaltools.gnu-tools-for-stm32.7-2018-q2-update.win32_1.0.0.201904181610/tools/bin/../lib/gcc/arm-none-eabi/7.3.1/thumb/v7-m/crtbegin.o
 .bss           0x000000002000023c        0x1 Middlewares/ST/STM32_USB_Device_Library/Class/CDC/Src/usbd_cdc.o
 .bss           0x000000002000023d        0x1 Middlewares/ST/STM32_USB_Device_Library/Core/Src/usbd_ctlreq.o
 *fill*         0x000000002000023e        0x2 
 .bss           0x0000000020000240       0x38 Src/main.o
                0x0000000020000240                deviceID
                0x0000000020000244                usbRxFlag
                0x0000000020000245                transmitEnable
                0x0000000020000248                debugTimer
                0x000000002000024c                TPH_state
                0x000000002000024e                distCnt
                0x0000000020000250                distanceAccu64
                0x0000000020000258                distanceAvg64
                0x0000000020000260                distanceAvg
                0x0000000020000268                distanceAccu
                0x0000000020000270                debugCmd
                0x0000000020000274                debugMsg
 .bss           0x0000000020000278      0x220 Src/usbd_conf.o
 .bss           0x0000000020000498       0x38 Src/decadriver/deca_device.o
 .bss           0x00000000200004d0        0x8 Src/platform/port.o
                0x00000000200004d0                port_deca_isr
 .bss           0x00000000200004d8       0x38 UWB/Pos_functions.o
 *(.bss*)
 .bss.__malloc_free_list
                0x0000000020000510        0x4 c:/st/stm32cubeide_1.0.2/stm32cubeide/plugins/com.st.stm32cube.ide.mcu.externaltools.gnu-tools-for-stm32.7-2018-q2-update.win32_1.0.0.201904181610/tools/bin/../lib/gcc/arm-none-eabi/7.3.1/../../../../arm-none-eabi/lib/thumb/v7-m\libc_nano.a(lib_a-nano-mallocr.o)
                0x0000000020000510                __malloc_free_list
 .bss.__malloc_sbrk_start
                0x0000000020000514        0x4 c:/st/stm32cubeide_1.0.2/stm32cubeide/plugins/com.st.stm32cube.ide.mcu.externaltools.gnu-tools-for-stm32.7-2018-q2-update.win32_1.0.0.201904181610/tools/bin/../lib/gcc/arm-none-eabi/7.3.1/../../../../arm-none-eabi/lib/thumb/v7-m\libc_nano.a(lib_a-nano-mallocr.o)
                0x0000000020000514                __malloc_sbrk_start
 .bss.heap_end.4102
                0x0000000020000518        0x4 c:/st/stm32cubeide_1.0.2/stm32cubeide/plugins/com.st.stm32cube.ide.mcu.externaltools.gnu-tools-for-stm32.7-2018-q2-update.win32_1.0.0.201904181610/tools/bin/../lib/gcc/arm-none-eabi/7.3.1/../../../../arm-none-eabi/lib/thumb/v7-m\libnosys.a(sbrk.o)
 *(COMMON)
 COMMON         0x000000002000051c        0x4 Drivers/STM32F1xx_HAL_Driver/Src/stm32f1xx_hal.o
                0x000000002000051c                uwTick
 COMMON         0x0000000020000520      0x170 Src/config.o
                0x0000000020000520                hspi2
                0x0000000020000578                huart3
                0x00000000200005b8                hi2c1
                0x000000002000060c                hadc1
                0x000000002000063c                hrtc
                0x0000000020000650                htim2
 COMMON         0x0000000020000690      0x1a4 Src/main.o
                0x0000000020000690                rxdiag
                0x00000000200006a0                b
                0x00000000200006a4                oldTxDelay
                0x00000000200006a8                whoamI
                0x00000000200006ac                TPHdata
                0x00000000200006b8                accel
                0x00000000200006c0                globalUWBData
                0x00000000200006e0                testTagDist
                0x00000000200006e8                intBuf
                0x000000002000074c                gyro
                0x0000000020000754                c
                0x0000000020000758                globalTof
                0x0000000020000760                result32
                0x0000000020000768                globalDistance
                0x0000000020000770                d
                0x0000000020000774                newTxDelay
                0x0000000020000778                intBufAux
                0x00000000200007ac                TPHdevice
                0x00000000200007ec                IMU_Readout
                0x0000000020000800                a
                0x0000000020000804                mag
                0x000000002000080c                usbRxBuffer
 COMMON         0x0000000020000834      0x224 Src/usb_device.o
                0x0000000020000834                hUsbDeviceFS
 COMMON         0x0000000020000a58      0x7d0 Src/usbd_cdc_if.o
                0x0000000020000a58                UserRxBufferFS
                0x0000000020000e40                UserTxBufferFS
 COMMON         0x0000000020001228      0x460 Src/usbd_conf.o
                0x0000000020001228                hpcd_USB_FS
 COMMON         0x0000000020001688      0x200 Src/usbd_desc.o
                0x0000000020001688                USBD_StrDesc
 COMMON         0x0000000020001888        0x4 c:/st/stm32cubeide_1.0.2/stm32cubeide/plugins/com.st.stm32cube.ide.mcu.externaltools.gnu-tools-for-stm32.7-2018-q2-update.win32_1.0.0.201904181610/tools/bin/../lib/gcc/arm-none-eabi/7.3.1/../../../../arm-none-eabi/lib/thumb/v7-m\libc_nano.a(lib_a-reent.o)
                0x0000000020001888                errno
                0x000000002000188c                . = ALIGN (0x4)
                0x000000002000188c                _ebss = .
                0x000000002000188c                __bss_end__ = _ebss

._user_heap_stack
                0x000000002000188c      0x604 load address 0x0000000008008734
                0x0000000020001890                . = ALIGN (0x8)
 *fill*         0x000000002000188c        0x4 
                0x0000000020001890                PROVIDE (end = .)
                [!provide]                        PROVIDE (_end = .)
                0x0000000020001a90                . = (. + _Min_Heap_Size)
 *fill*         0x0000000020001890      0x200 
                0x0000000020001e90                . = (. + _Min_Stack_Size)
 *fill*         0x0000000020001a90      0x400 
                0x0000000020001e90                . = ALIGN (0x8)

/DISCARD/
 libc.a(*)
 libm.a(*)
 libgcc.a(*)

.ARM.attributes
                0x0000000000000000       0x29
 *(.ARM.attributes)
 .ARM.attributes
                0x0000000000000000       0x1d c:/st/stm32cubeide_1.0.2/stm32cubeide/plugins/com.st.stm32cube.ide.mcu.externaltools.gnu-tools-for-stm32.7-2018-q2-update.win32_1.0.0.201904181610/tools/bin/../lib/gcc/arm-none-eabi/7.3.1/thumb/v7-m/crti.o
 .ARM.attributes
                0x000000000000001d       0x2d c:/st/stm32cubeide_1.0.2/stm32cubeide/plugins/com.st.stm32cube.ide.mcu.externaltools.gnu-tools-for-stm32.7-2018-q2-update.win32_1.0.0.201904181610/tools/bin/../lib/gcc/arm-none-eabi/7.3.1/thumb/v7-m/crtbegin.o
 .ARM.attributes
                0x000000000000004a       0x33 Drivers/STM32F1xx_HAL_Driver/Src/stm32f1xx_hal.o
 .ARM.attributes
                0x000000000000007d       0x33 Drivers/STM32F1xx_HAL_Driver/Src/stm32f1xx_hal_adc.o
 .ARM.attributes
                0x00000000000000b0       0x33 Drivers/STM32F1xx_HAL_Driver/Src/stm32f1xx_hal_cortex.o
 .ARM.attributes
                0x00000000000000e3       0x33 Drivers/STM32F1xx_HAL_Driver/Src/stm32f1xx_hal_dma.o
 .ARM.attributes
                0x0000000000000116       0x33 Drivers/STM32F1xx_HAL_Driver/Src/stm32f1xx_hal_gpio.o
 .ARM.attributes
                0x0000000000000149       0x33 Drivers/STM32F1xx_HAL_Driver/Src/stm32f1xx_hal_i2c.o
 .ARM.attributes
                0x000000000000017c       0x33 Drivers/STM32F1xx_HAL_Driver/Src/stm32f1xx_hal_pcd.o
 .ARM.attributes
                0x00000000000001af       0x33 Drivers/STM32F1xx_HAL_Driver/Src/stm32f1xx_hal_pcd_ex.o
 .ARM.attributes
                0x00000000000001e2       0x33 Drivers/STM32F1xx_HAL_Driver/Src/stm32f1xx_hal_pwr.o
 .ARM.attributes
                0x0000000000000215       0x33 Drivers/STM32F1xx_HAL_Driver/Src/stm32f1xx_hal_rcc.o
 .ARM.attributes
                0x0000000000000248       0x33 Drivers/STM32F1xx_HAL_Driver/Src/stm32f1xx_hal_rcc_ex.o
 .ARM.attributes
                0x000000000000027b       0x33 Drivers/STM32F1xx_HAL_Driver/Src/stm32f1xx_hal_rtc.o
 .ARM.attributes
                0x00000000000002ae       0x33 Drivers/STM32F1xx_HAL_Driver/Src/stm32f1xx_hal_rtc_ex.o
 .ARM.attributes
                0x00000000000002e1       0x33 Drivers/STM32F1xx_HAL_Driver/Src/stm32f1xx_hal_spi.o
 .ARM.attributes
                0x0000000000000314       0x33 Drivers/STM32F1xx_HAL_Driver/Src/stm32f1xx_hal_spi_ex.o
 .ARM.attributes
                0x0000000000000347       0x33 Drivers/STM32F1xx_HAL_Driver/Src/stm32f1xx_hal_tim.o
 .ARM.attributes