Archive member included to satisfy reference by file (symbol)

c:/users/hotwater/.p2/pool/plugins/fr.ac6.mcu.externaltools.arm-none.win32_1.13.2.201703061525/tools/compiler/bin/../lib/gcc/arm-none-eabi/5.4.1/armv7-m\libgcc.a(_arm_addsubdf3.o)
                              Src/decadriver/deca_device.o (__aeabi_dadd)
c:/users/hotwater/.p2/pool/plugins/fr.ac6.mcu.externaltools.arm-none.win32_1.13.2.201703061525/tools/compiler/bin/../lib/gcc/arm-none-eabi/5.4.1/armv7-m\libgcc.a(_arm_muldivdf3.o)
                              Src/decadriver/deca_device.o (__aeabi_dmul)
c:/users/hotwater/.p2/pool/plugins/fr.ac6.mcu.externaltools.arm-none.win32_1.13.2.201703061525/tools/compiler/bin/../lib/gcc/arm-none-eabi/5.4.1/armv7-m\libgcc.a(_arm_fixdfsi.o)
                              Src/platform/deca_range_tables.o (__aeabi_d2iz)
c:/users/hotwater/.p2/pool/plugins/fr.ac6.mcu.externaltools.arm-none.win32_1.13.2.201703061525/tools/compiler/bin/../lib/gcc/arm-none-eabi/5.4.1/armv7-m\libgcc.a(_arm_fixunsdfsi.o)
                              Src/decadriver/deca_device.o (__aeabi_d2uiz)
c:/users/hotwater/.p2/pool/plugins/fr.ac6.mcu.externaltools.arm-none.win32_1.13.2.201703061525/tools/compiler/bin/../lib/gcc/arm-none-eabi/5.4.1/armv7-m\libgcc.a(_arm_truncdfsf2.o)
                              Src/decadriver/deca_device.o (__aeabi_d2f)
c:/users/hotwater/.p2/pool/plugins/fr.ac6.mcu.externaltools.arm-none.win32_1.13.2.201703061525/tools/compiler/bin/../lib/gcc/arm-none-eabi/5.4.1/armv7-m\libgcc.a(_arm_addsubsf3.o)
                              Src/main.o (__aeabi_fadd)
c:/users/hotwater/.p2/pool/plugins/fr.ac6.mcu.externaltools.arm-none.win32_1.13.2.201703061525/tools/compiler/bin/../lib/gcc/arm-none-eabi/5.4.1/armv7-m\libgcc.a(_arm_muldivsf3.o)
                              Src/main.o (__aeabi_fmul)
c:/users/hotwater/.p2/pool/plugins/fr.ac6.mcu.externaltools.arm-none.win32_1.13.2.201703061525/tools/compiler/bin/../lib/gcc/arm-none-eabi/5.4.1/armv7-m\libgcc.a(_aeabi_ldivmod.o)
                              Src/main.o (__aeabi_ldivmod)
c:/users/hotwater/.p2/pool/plugins/fr.ac6.mcu.externaltools.arm-none.win32_1.13.2.201703061525/tools/compiler/bin/../lib/gcc/arm-none-eabi/5.4.1/armv7-m\libgcc.a(_udivmoddi4.o)
                              c:/users/hotwater/.p2/pool/plugins/fr.ac6.mcu.externaltools.arm-none.win32_1.13.2.201703061525/tools/compiler/bin/../lib/gcc/arm-none-eabi/5.4.1/armv7-m\libgcc.a(_aeabi_ldivmod.o) (__udivmoddi4)
c:/users/hotwater/.p2/pool/plugins/fr.ac6.mcu.externaltools.arm-none.win32_1.13.2.201703061525/tools/compiler/bin/../lib/gcc/arm-none-eabi/5.4.1/armv7-m\libgcc.a(_dvmd_tls.o)
                              c:/users/hotwater/.p2/pool/plugins/fr.ac6.mcu.externaltools.arm-none.win32_1.13.2.201703061525/tools/compiler/bin/../lib/gcc/arm-none-eabi/5.4.1/armv7-m\libgcc.a(_aeabi_ldivmod.o) (__aeabi_ldiv0)
c:/users/hotwater/.p2/pool/plugins/fr.ac6.mcu.externaltools.arm-none.win32_1.13.2.201703061525/tools/compiler/bin/../lib/gcc/arm-none-eabi/5.4.1/../../../../arm-none-eabi/lib/armv7-m\libc_nano.a(lib_a-atoi.o)
                              Src/main.o (atoi)
c:/users/hotwater/.p2/pool/plugins/fr.ac6.mcu.externaltools.arm-none.win32_1.13.2.201703061525/tools/compiler/bin/../lib/gcc/arm-none-eabi/5.4.1/../../../../arm-none-eabi/lib/armv7-m\libc_nano.a(lib_a-exit.o)
                              c:/users/hotwater/.p2/pool/plugins/fr.ac6.mcu.externaltools.arm-none.win32_1.13.2.201703061525/tools/compiler/bin/../lib/gcc/arm-none-eabi/5.4.1/../../../../arm-none-eabi/lib/armv7-m/crt0.o (exit)
c:/users/hotwater/.p2/pool/plugins/fr.ac6.mcu.externaltools.arm-none.win32_1.13.2.201703061525/tools/compiler/bin/../lib/gcc/arm-none-eabi/5.4.1/../../../../arm-none-eabi/lib/armv7-m\libc_nano.a(lib_a-impure.o)
                              c:/users/hotwater/.p2/pool/plugins/fr.ac6.mcu.externaltools.arm-none.win32_1.13.2.201703061525/tools/compiler/bin/../lib/gcc/arm-none-eabi/5.4.1/../../../../arm-none-eabi/lib/armv7-m\libc_nano.a(lib_a-exit.o) (_global_impure_ptr)
c:/users/hotwater/.p2/pool/plugins/fr.ac6.mcu.externaltools.arm-none.win32_1.13.2.201703061525/tools/compiler/bin/../lib/gcc/arm-none-eabi/5.4.1/../../../../arm-none-eabi/lib/armv7-m\libc_nano.a(lib_a-init.o)
                              c:/users/hotwater/.p2/pool/plugins/fr.ac6.mcu.externaltools.arm-none.win32_1.13.2.201703061525/tools/compiler/bin/../lib/gcc/arm-none-eabi/5.4.1/../../../../arm-none-eabi/lib/armv7-m/crt0.o (__libc_init_array)
c:/users/hotwater/.p2/pool/plugins/fr.ac6.mcu.externaltools.arm-none.win32_1.13.2.201703061525/tools/compiler/bin/../lib/gcc/arm-none-eabi/5.4.1/../../../../arm-none-eabi/lib/armv7-m\libc_nano.a(lib_a-memcmp.o)
                              UWB/Pos_functions.o (memcmp)
c:/users/hotwater/.p2/pool/plugins/fr.ac6.mcu.externaltools.arm-none.win32_1.13.2.201703061525/tools/compiler/bin/../lib/gcc/arm-none-eabi/5.4.1/../../../../arm-none-eabi/lib/armv7-m\libc_nano.a(lib_a-memset.o)
[...]
Memory Configuration

Name             Origin             Length             Attributes
RAM              0x20000000         0x00005000         xrw
FLASH            0x08000000         0x00020000         xr
*default*        0x00000000         0xffffffff

Linker script and memory map

LOAD c:/users/hotwater/.p2/pool/plugins/fr.ac6.mcu.externaltools.arm-none.win32_1.13.2.201703061525/tools/compiler/bin/../lib/gcc/arm-none-eabi/5.4.1/armv7-m/crti.o
LOAD c:/users/hotwater/.p2/pool/plugins/fr.ac6.mcu.externaltools.arm-none.win32_1.13.2.201703061525/tools/compiler/bin/../lib/gcc/arm-none-eabi/5.4.1/armv7-m/crtbegin.o
LOAD c:/users/hotwater/.p2/pool/plugins/fr.ac6.mcu.externaltools.arm-none.win32_1.13.2.201703061525/tools/compiler/bin/../lib/gcc/arm-none-eabi/5.4.1/../../../../arm-none-eabi/lib/armv7-m/crt0.o
LOAD c:/users/hotwater/.p2/pool/plugins/fr.ac6.mcu.externaltools.arm-none.win32_1.13.2.201703061525/tools/compiler/bin/../lib/gcc/arm-none-eabi/5.4.1/../../../../arm-none-eabi/lib/armv7-m\libm.a
LOAD Drivers/STM32F1xx_HAL_Driver/Src/stm32f1xx_hal.o
LOAD Drivers/STM32F1xx_HAL_Driver/Src/stm32f1xx_hal_adc.o
LOAD Drivers/STM32F1xx_HAL_Driver/Src/stm32f1xx_hal_adc_ex.o
LOAD Drivers/STM32F1xx_HAL_Driver/Src/stm32f1xx_hal_cortex.o
LOAD Drivers/STM32F1xx_HAL_Driver/Src/stm32f1xx_hal_dma.o
LOAD Drivers/STM32F1xx_HAL_Driver/Src/stm32f1xx_hal_flash.o
LOAD Drivers/STM32F1xx_HAL_Driver/Src/stm32f1xx_hal_flash_ex.o
LOAD Drivers/STM32F1xx_HAL_Driver/Src/stm32f1xx_hal_gpio.o
LOAD Drivers/STM32F1xx_HAL_Driver/Src/stm32f1xx_hal_gpio_ex.o
LOAD Drivers/STM32F1xx_HAL_Driver/Src/stm32f1xx_hal_i2c.o
LOAD Drivers/STM32F1xx_HAL_Driver/Src/stm32f1xx_hal_pcd.o
LOAD Drivers/STM32F1xx_HAL_Driver/Src/stm32f1xx_hal_pcd_ex.o
LOAD Drivers/STM32F1xx_HAL_Driver/Src/stm32f1xx_hal_pwr.o
LOAD Drivers/STM32F1xx_HAL_Driver/Src/stm32f1xx_hal_rcc.o
LOAD Drivers/STM32F1xx_HAL_Driver/Src/stm32f1xx_hal_rcc_ex.o
LOAD Drivers/STM32F1xx_HAL_Driver/Src/stm32f1xx_hal_rtc.o
LOAD Drivers/STM32F1xx_HAL_Driver/Src/stm32f1xx_hal_rtc_ex.o
LOAD Drivers/STM32F1xx_HAL_Driver/Src/stm32f1xx_hal_spi.o
LOAD Drivers/STM32F1xx_HAL_Driver/Src/stm32f1xx_hal_spi_ex.o
LOAD Drivers/STM32F1xx_HAL_Driver/Src/stm32f1xx_hal_tim.o
LOAD Drivers/STM32F1xx_HAL_Driver/Src/stm32f1xx_hal_tim_ex.o
LOAD Drivers/STM32F1xx_HAL_Driver/Src/stm32f1xx_hal_uart.o
LOAD Drivers/STM32F1xx_HAL_Driver/Src/stm32f1xx_ll_usb.o
LOAD Middlewares/ST/STM32_USB_Device_Library/Class/CDC/Src/usbd_cdc.o
LOAD Middlewares/ST/STM32_USB_Device_Library/Core/Src/usbd_core.o
LOAD Middlewares/ST/STM32_USB_Device_Library/Core/Src/usbd_ctlreq.o
LOAD Middlewares/ST/STM32_USB_Device_Library/Core/Src/usbd_ioreq.o
LOAD Src/config.o
LOAD Src/main.o
LOAD Src/sensors.o
LOAD Src/stm32f1xx_hal_msp.o
LOAD Src/stm32f1xx_it.o
LOAD Src/system_stm32f1xx.o
LOAD Src/usb_device.o
LOAD Src/usbd_cdc_if.o
LOAD Src/usbd_conf.o
LOAD Src/usbd_desc.o
LOAD Src/decadriver/deca_device.o
LOAD Src/decadriver/deca_params_init.o
LOAD Src/platform/deca_mutex.o
LOAD Src/platform/deca_range_tables.o
LOAD Src/platform/deca_sleep.o
LOAD Src/platform/deca_spi.o
LOAD Src/platform/lcd.o
LOAD Src/platform/port.o
LOAD UWB/Pos_functions.o
LOAD startup/startup_stm32f103xb.o
START GROUP
LOAD c:/users/hotwater/.p2/pool/plugins/fr.ac6.mcu.externaltools.arm-none.win32_1.13.2.201703061525/tools/compiler/bin/../lib/gcc/arm-none-eabi/5.4.1/armv7-m\libgcc.a
LOAD c:/users/hotwater/.p2/pool/plugins/fr.ac6.mcu.externaltools.arm-none.win32_1.13.2.201703061525/tools/compiler/bin/../lib/gcc/arm-none-eabi/5.4.1/../../../../arm-none-eabi/lib/armv7-m\libc_nano.a
END GROUP
START GROUP
LOAD c:/users/hotwater/.p2/pool/plugins/fr.ac6.mcu.externaltools.arm-none.win32_1.13.2.201703061525/tools/compiler/bin/../lib/gcc/arm-none-eabi/5.4.1/armv7-m\libgcc.a
LOAD c:/users/hotwater/.p2/pool/plugins/fr.ac6.mcu.externaltools.arm-none.win32_1.13.2.201703061525/tools/compiler/bin/../lib/gcc/arm-none-eabi/5.4.1/../../../../arm-none-eabi/lib/armv7-m\libc_nano.a
LOAD c:/users/hotwater/.p2/pool/plugins/fr.ac6.mcu.externaltools.arm-none.win32_1.13.2.201703061525/tools/compiler/bin/../lib/gcc/arm-none-eabi/5.4.1/../../../../arm-none-eabi/lib/armv7-m\libnosys.a
END GROUP
START GROUP
LOAD c:/users/hotwater/.p2/pool/plugins/fr.ac6.mcu.externaltools.arm-none.win32_1.13.2.201703061525/tools/compiler/bin/../lib/gcc/arm-none-eabi/5.4.1/armv7-m\libgcc.a
LOAD c:/users/hotwater/.p2/pool/plugins/fr.ac6.mcu.externaltools.arm-none.win32_1.13.2.201703061525/tools/compiler/bin/../lib/gcc/arm-none-eabi/5.4.1/../../../../arm-none-eabi/lib/armv7-m\libc_nano.a
LOAD c:/users/hotwater/.p2/pool/plugins/fr.ac6.mcu.externaltools.arm-none.win32_1.13.2.201703061525/tools/compiler/bin/../lib/gcc/arm-none-eabi/5.4.1/../../../../arm-none-eabi/lib/armv7-m\libnosys.a
END GROUP
LOAD c:/users/hotwater/.p2/pool/plugins/fr.ac6.mcu.externaltools.arm-none.win32_1.13.2.201703061525/tools/compiler/bin/../lib/gcc/arm-none-eabi/5.4.1/armv7-m/crtend.o
LOAD c:/users/hotwater/.p2/pool/plugins/fr.ac6.mcu.externaltools.arm-none.win32_1.13.2.201703061525/tools/compiler/bin/../lib/gcc/arm-none-eabi/5.4.1/armv7-m/crtn.o
                0x20005000                _estack = 0x20005000
                0x00000200                _Min_Heap_Size = 0x200
                0x00000400                _Min_Stack_Size = 0x400

.isr_vector     0x08000000      0x10c
                0x08000000                . = ALIGN (0x4)
 *(.isr_vector)
 .isr_vector    0x08000000      0x10c startup/startup_stm32f103xb.o
                0x08000000                g_pfnVectors
                0x0800010c                . = ALIGN (0x4)

.text           0x0800010c     0x742c
                0x0800010c                . = ALIGN (0x4)
 *(.text)
 .text          0x0800010c       0x5c c:/users/hotwater/.p2/pool/plugins/fr.ac6.mcu.externaltools.arm-none.win32_1.13.2.201703061525/tools/compiler/bin/../lib/gcc/arm-none-eabi/5.4.1/armv7-m/crtbegin.o
 *(.text*)
 .text.HAL_InitTick
                0x08000168       0x48 Drivers/STM32F1xx_HAL_Driver/Src/stm32f1xx_hal.o
                0x08000168                HAL_InitTick
 .text.HAL_Init
                0x080001b0       0x24 Drivers/STM32F1xx_HAL_Driver/Src/stm32f1xx_hal.o
                0x080001b0                HAL_Init
 .text.HAL_IncTick
                0x080001d4       0x18 Drivers/STM32F1xx_HAL_Driver/Src/stm32f1xx_hal.o
                0x080001d4                HAL_IncTick
 .text.HAL_GetTick
                0x080001ec        0xc Drivers/STM32F1xx_HAL_Driver/Src/stm32f1xx_hal.o
                0x080001ec                HAL_GetTick
 .text.HAL_Delay
                0x080001f8       0x28 Drivers/STM32F1xx_HAL_Driver/Src/stm32f1xx_hal.o
                0x080001f8                HAL_Delay
 .text.HAL_ADC_ConfigChannel
                0x08000220      0x138 Drivers/STM32F1xx_HAL_Driver/Src/stm32f1xx_hal_adc.o
                0x08000220                HAL_ADC_ConfigChannel
 .text.ADC_ConversionStop_Disable
                0x08000358       0x50 Drivers/STM32F1xx_HAL_Driver/Src/stm32f1xx_hal_adc.o
                0x08000358                ADC_ConversionStop_Disable
 .text.HAL_ADC_Init
                0x080003a8      0x10c Drivers/STM32F1xx_HAL_Driver/Src/stm32f1xx_hal_adc.o
                0x080003a8                HAL_ADC_Init
 .text.HAL_NVIC_SetPriorityGrouping
                0x080004b4       0x24 Drivers/STM32F1xx_HAL_Driver/Src/stm32f1xx_hal_cortex.o
                0x080004b4                HAL_NVIC_SetPriorityGrouping
 .text.HAL_NVIC_SetPriority
                0x080004d8       0x64 Drivers/STM32F1xx_HAL_Driver/Src/stm32f1xx_hal_cortex.o
                0x080004d8                HAL_NVIC_SetPriority
 .text.HAL_NVIC_EnableIRQ
                0x0800053c       0x18 Drivers/STM32F1xx_HAL_Driver/Src/stm32f1xx_hal_cortex.o
                0x0800053c                HAL_NVIC_EnableIRQ
 .text.HAL_NVIC_DisableIRQ
                0x08000554       0x1c Drivers/STM32F1xx_HAL_Driver/Src/stm32f1xx_hal_cortex.o
                0x08000554                HAL_NVIC_DisableIRQ
 .text.HAL_SYSTICK_Config
                0x08000570       0x2c Drivers/STM32F1xx_HAL_Driver/Src/stm32f1xx_hal_cortex.o
                0x08000570                HAL_SYSTICK_Config
 .text.HAL_DMA_Abort_IT
                0x0800059c       0x98 Drivers/STM32F1xx_HAL_Driver/Src/stm32f1xx_hal_dma.o
                0x0800059c                HAL_DMA_Abort_IT
 .text.HAL_GPIO_Init
                0x08000634      0x1d8 Drivers/STM32F1xx_HAL_Driver/Src/stm32f1xx_hal_gpio.o
                0x08000634                HAL_GPIO_Init
 .text.HAL_GPIO_ReadPin
                0x0800080c       0x10 Drivers/STM32F1xx_HAL_Driver/Src/stm32f1xx_hal_gpio.o
                0x0800080c                HAL_GPIO_ReadPin
 .text.HAL_GPIO_WritePin
                0x0800081c        0xc Drivers/STM32F1xx_HAL_Driver/Src/stm32f1xx_hal_gpio.o
                0x0800081c                HAL_GPIO_WritePin
 .text.HAL_GPIO_TogglePin
                0x08000828        0x8 Drivers/STM32F1xx_HAL_Driver/Src/stm32f1xx_hal_gpio.o
                0x08000828                HAL_GPIO_TogglePin
 .text.HAL_GPIO_EXTI_IRQHandler
                0x08000830       0x18 Drivers/STM32F1xx_HAL_Driver/Src/stm32f1xx_hal_gpio.o
                0x08000830                HAL_GPIO_EXTI_IRQHandler
 .text.I2C_Master_SB
                0x08000848       0x84 Drivers/STM32F1xx_HAL_Driver/Src/stm32f1xx_hal_i2c.o
 .text.I2C_Master_ADD10
                0x080008cc        0xc Drivers/STM32F1xx_HAL_Driver/Src/stm32f1xx_hal_i2c.o
 .text.I2C_Master_ADDR
                0x080008d8      0x1d8 Drivers/STM32F1xx_HAL_Driver/Src/stm32f1xx_hal_i2c.o
 .text.I2C_SlaveTransmit_BTF
                0x08000ab0       0x20 Drivers/STM32F1xx_HAL_Driver/Src/stm32f1xx_hal_i2c.o
 .text.I2C_SlaveReceive_BTF
                0x08000ad0       0x20 Drivers/STM32F1xx_HAL_Driver/Src/stm32f1xx_hal_i2c.o
 .text.HAL_I2C_Init
                0x08000af0      0x168 Drivers/STM32F1xx_HAL_Driver/Src/stm32f1xx_hal_i2c.o
                0x08000af0                HAL_I2C_Init
 .text.HAL_I2C_MasterTxCpltCallback
                0x08000c58        0x4 Drivers/STM32F1xx_HAL_Driver/Src/stm32f1xx_hal_i2c.o
                0x08000c58                HAL_I2C_MasterTxCpltCallback
 .text.HAL_I2C_MasterRxCpltCallback
                0x08000c5c        0x4 Drivers/STM32F1xx_HAL_Driver/Src/stm32f1xx_hal_i2c.o
                0x08000c5c                HAL_I2C_MasterRxCpltCallback
 .text.HAL_I2C_SlaveTxCpltCallback
                0x08000c60        0x4 Drivers/STM32F1xx_HAL_Driver/Src/stm32f1xx_hal_i2c.o
                0x08000c60                HAL_I2C_SlaveTxCpltCallback
 .text.I2C_SlaveTransmit_TXE
                0x08000c64       0x50 Drivers/STM32F1xx_HAL_Driver/Src/stm32f1xx_hal_i2c.o
 .text.HAL_I2C_SlaveRxCpltCallback
                0x08000cb4        0x4 Drivers/STM32F1xx_HAL_Driver/Src/stm32f1xx_hal_i2c.o
                0x08000cb4                HAL_I2C_SlaveRxCpltCallback
 .text.I2C_SlaveReceive_RXNE
                0x08000cb8       0x4c Drivers/STM32F1xx_HAL_Driver/Src/stm32f1xx_hal_i2c.o
 .text.HAL_I2C_AddrCallback
                0x08000d04        0x4 Drivers/STM32F1xx_HAL_Driver/Src/stm32f1xx_hal_i2c.o
                0x08000d04                HAL_I2C_AddrCallback
 .text.I2C_Slave_ADDR
                0x08000d08       0x28 Drivers/STM32F1xx_HAL_Driver/Src/stm32f1xx_hal_i2c.o
 .text.HAL_I2C_ListenCpltCallback
                0x08000d30        0x4 Drivers/STM32F1xx_HAL_Driver/Src/stm32f1xx_hal_i2c.o
                0x08000d30                HAL_I2C_ListenCpltCallback
 .text.I2C_Slave_AF
                0x08000d34       0x94 Drivers/STM32F1xx_HAL_Driver/Src/stm32f1xx_hal_i2c.o
 .text.HAL_I2C_MemTxCpltCallback
                0x08000dc8        0x4 Drivers/STM32F1xx_HAL_Driver/Src/stm32f1xx_hal_i2c.o
                0x08000dc8                HAL_I2C_MemTxCpltCallback
 .text.I2C_MasterTransmit_TXE
                0x08000dcc      0x14c Drivers/STM32F1xx_HAL_Driver/Src/stm32f1xx_hal_i2c.o
 .text.I2C_MasterTransmit_BTF
                0x08000f18       0x9c Drivers/STM32F1xx_HAL_Driver/Src/stm32f1xx_hal_i2c.o
 .text.HAL_I2C_MemRxCpltCallback
                0x08000fb4        0x4 Drivers/STM32F1xx_HAL_Driver/Src/stm32f1xx_hal_i2c.o
                0x08000fb4                HAL_I2C_MemRxCpltCallback
 .text.I2C_MasterReceive_RXNE
                0x08000fb8       0xd0 Drivers/STM32F1xx_HAL_Driver/Src/stm32f1xx_hal_i2c.o
 .text.I2C_MasterReceive_BTF
                0x08001088      0x100 Drivers/STM32F1xx_HAL_Driver/Src/stm32f1xx_hal_i2c.o
 .text.HAL_I2C_ErrorCallback
                0x08001188        0x4 Drivers/STM32F1xx_HAL_Driver/Src/stm32f1xx_hal_i2c.o
                0x08001188                HAL_I2C_ErrorCallback
 .text.HAL_I2C_AbortCpltCallback
                0x0800118c        0x4 Drivers/STM32F1xx_HAL_Driver/Src/stm32f1xx_hal_i2c.o
                0x0800118c                HAL_I2C_AbortCpltCallback
 .text.I2C_ITError
                0x08001190      0x148 Drivers/STM32F1xx_HAL_Driver/Src/stm32f1xx_hal_i2c.o
 .text.I2C_Slave_STOPF
                0x080012d8      0x104 Drivers/STM32F1xx_HAL_Driver/Src/stm32f1xx_hal_i2c.o
 .text.HAL_I2C_EV_IRQHandler
                0x080013dc      0x160 Drivers/STM32F1xx_HAL_Driver/Src/stm32f1xx_hal_i2c.o
                0x080013dc                HAL_I2C_EV_IRQHandler
 .text.HAL_I2C_ER_IRQHandler
                0x0800153c       0xd8 Drivers/STM32F1xx_HAL_Driver/Src/stm32f1xx_hal_i2c.o
                0x0800153c                HAL_I2C_ER_IRQHandler
 .text.I2C_DMAAbort
                0x08001614       0x60 Drivers/STM32F1xx_HAL_Driver/Src/stm32f1xx_hal_i2c.o
 .text.HAL_PCD_Init
                0x08001674       0xdc Drivers/STM32F1xx_HAL_Driver/Src/stm32f1xx_hal_pcd.o
                0x08001674                HAL_PCD_Init
 .text.HAL_PCD_Start
                0x08001750       0x30 Drivers/STM32F1xx_HAL_Driver/Src/stm32f1xx_hal_pcd.o
                0x08001750                HAL_PCD_Start
 .text.HAL_PCD_SetAddress
                0x08001780       0x28 Drivers/STM32F1xx_HAL_Driver/Src/stm32f1xx_hal_pcd.o
                0x08001780                HAL_PCD_SetAddress
 .text.HAL_PCD_EP_Open
                0x080017a8       0x54 Drivers/STM32F1xx_HAL_Driver/Src/stm32f1xx_hal_pcd.o
                0x080017a8                HAL_PCD_EP_Open
 .text.HAL_PCD_EP_Close
                0x080017fc       0x50 Drivers/STM32F1xx_HAL_Driver/Src/stm32f1xx_hal_pcd.o
                0x080017fc                HAL_PCD_EP_Close
 .text.HAL_PCD_EP_Receive
                0x0800184c       0x40 Drivers/STM32F1xx_HAL_Driver/Src/stm32f1xx_hal_pcd.o
                0x0800184c                HAL_PCD_EP_Receive
 .text.HAL_PCD_EP_GetRxCount
                0x0800188c       0x10 Drivers/STM32F1xx_HAL_Driver/Src/stm32f1xx_hal_pcd.o
                0x0800188c                HAL_PCD_EP_GetRxCount
 .text.HAL_PCD_EP_Transmit
                0x0800189c       0x3c Drivers/STM32F1xx_HAL_Driver/Src/stm32f1xx_hal_pcd.o
                0x0800189c                HAL_PCD_EP_Transmit
 .text.PCD_EP_ISR_Handler
                0x080018d8      0x45c Drivers/STM32F1xx_HAL_Driver/Src/stm32f1xx_hal_pcd.o
 .text.HAL_PCD_IRQHandler
                0x08001d34      0x15c Drivers/STM32F1xx_HAL_Driver/Src/stm32f1xx_hal_pcd.o
                0x08001d34                HAL_PCD_IRQHandler
 .text.HAL_PCD_EP_SetStall
                0x08001e90       0x5c Drivers/STM32F1xx_HAL_Driver/Src/stm32f1xx_hal_pcd.o
                0x08001e90                HAL_PCD_EP_SetStall
 .text.HAL_PCD_EP_ClrStall
                0x08001eec       0x50 Drivers/STM32F1xx_HAL_Driver/Src/stm32f1xx_hal_pcd.o
                0x08001eec                HAL_PCD_EP_ClrStall
 .text.HAL_PCDEx_PMAConfig
                0x08001f3c       0x38 Drivers/STM32F1xx_HAL_Driver/Src/stm32f1xx_hal_pcd_ex.o
                0x08001f3c                HAL_PCDEx_PMAConfig
 .text.HAL_PWR_EnableBkUpAccess
                0x08001f74        0xc Drivers/STM32F1xx_HAL_Driver/Src/stm32f1xx_hal_pwr.o
                0x08001f74                HAL_PWR_EnableBkUpAccess
 .text.HAL_PWR_DisableWakeUpPin
                0x08001f80       0x18 Drivers/STM32F1xx_HAL_Driver/Src/stm32f1xx_hal_pwr.o
                0x08001f80                HAL_PWR_DisableWakeUpPin
 .text.RCC_Delay
                0x08001f98       0x2c Drivers/STM32F1xx_HAL_Driver/Src/stm32f1xx_hal_rcc.o
 .text.HAL_RCC_OscConfig
                0x08001fc4      0x400 Drivers/STM32F1xx_HAL_Driver/Src/stm32f1xx_hal_rcc.o
                0x08001fc4                HAL_RCC_OscConfig
 .text.HAL_RCC_GetSysClockFreq
                0x080023c4       0x70 Drivers/STM32F1xx_HAL_Driver/Src/stm32f1xx_hal_rcc.o
                0x080023c4                HAL_RCC_GetSysClockFreq
 .text.HAL_RCC_ClockConfig
                0x08002434      0x1a8 Drivers/STM32F1xx_HAL_Driver/Src/stm32f1xx_hal_rcc.o
                0x08002434                HAL_RCC_ClockConfig
 .text.HAL_RCC_GetHCLKFreq
                0x080025dc        0xc Drivers/STM32F1xx_HAL_Driver/Src/stm32f1xx_hal_rcc.o
                0x080025dc                HAL_RCC_GetHCLKFreq
 .text.HAL_RCC_GetPCLK1Freq
                0x080025e8       0x20 Drivers/STM32F1xx_HAL_Driver/Src/stm32f1xx_hal_rcc.o
                0x080025e8                HAL_RCC_GetPCLK1Freq
 .text.HAL_RCC_GetPCLK2Freq
                0x08002608       0x20 Drivers/STM32F1xx_HAL_Driver/Src/stm32f1xx_hal_rcc.o
                0x08002608                HAL_RCC_GetPCLK2Freq
 .text.HAL_RCCEx_PeriphCLKConfig
                0x08002628      0x114 Drivers/STM32F1xx_HAL_Driver/Src/stm32f1xx_hal_rcc_ex.o
                0x08002628                HAL_RCCEx_PeriphCLKConfig
 .text.HAL_RCCEx_GetPeriphCLKFreq
                0x0800273c      0x108 Drivers/STM32F1xx_HAL_Driver/Src/stm32f1xx_hal_rcc_ex.o
                0x0800273c                HAL_RCCEx_GetPeriphCLKFreq
 .text.RTC_ReadTimeCounter
                0x08002844       0x28 Drivers/STM32F1xx_HAL_Driver/Src/stm32f1xx_hal_rtc.o
 .text.RTC_ReadAlarmCounter
                0x0800286c       0x10 Drivers/STM32F1xx_HAL_Driver/Src/stm32f1xx_hal_rtc.o
 .text.RTC_Bcd2ToByte
                0x0800287c       0x14 Drivers/STM32F1xx_HAL_Driver/Src/stm32f1xx_hal_rtc.o
 .text.RTC_WeekDayNum
                0x08002890       0x9c Drivers/STM32F1xx_HAL_Driver/Src/stm32f1xx_hal_rtc.o
 .text.RTC_EnterInitMode
                0x0800292c       0x34 Drivers/STM32F1xx_HAL_Driver/Src/stm32f1xx_hal_rtc.o
 .text.RTC_ExitInitMode
                0x08002960       0x34 Drivers/STM32F1xx_HAL_Driver/Src/stm32f1xx_hal_rtc.o
 .text.RTC_WriteTimeCounter
                0x08002994       0x2c Drivers/STM32F1xx_HAL_Driver/Src/stm32f1xx_hal_rtc.o
 .text.RTC_WriteAlarmCounter
                0x080029c0       0x2c Drivers/STM32F1xx_HAL_Driver/Src/stm32f1xx_hal_rtc.o
 .text.HAL_RTC_SetTime
                0x080029ec       0xc0 Drivers/STM32F1xx_HAL_Driver/Src/stm32f1xx_hal_rtc.o
                0x080029ec                HAL_RTC_SetTime
 .text.HAL_RTC_SetDate
                0x08002aac       0xd8 Drivers/STM32F1xx_HAL_Driver/Src/stm32f1xx_hal_rtc.o
                0x08002aac                HAL_RTC_SetDate
 .text.HAL_RTC_WaitForSynchro
                0x08002b84       0x3c Drivers/STM32F1xx_HAL_Driver/Src/stm32f1xx_hal_rtc.o
                0x08002b84                HAL_RTC_WaitForSynchro
 .text.HAL_RTC_Init
                0x08002bc0       0xc8 Drivers/STM32F1xx_HAL_Driver/Src/stm32f1xx_hal_rtc.o
                0x08002bc0                HAL_RTC_Init
 .text.HAL_RTCEx_RTCEventCallback
                0x08002c88        0x4 Drivers/STM32F1xx_HAL_Driver/Src/stm32f1xx_hal_rtc_ex.o
                0x08002c88                HAL_RTCEx_RTCEventCallback
 .text.HAL_RTCEx_RTCEventErrorCallback
                0x08002c8c        0x4 Drivers/STM32F1xx_HAL_Driver/Src/stm32f1xx_hal_rtc_ex.o
                0x08002c8c                HAL_RTCEx_RTCEventErrorCallback
 .text.HAL_RTCEx_RTCIRQHandler
                0x08002c90       0x44 Drivers/STM32F1xx_HAL_Driver/Src/stm32f1xx_hal_rtc_ex.o
                0x08002c90                HAL_RTCEx_RTCIRQHandler
 .text.SPI_WaitFlagStateUntilTimeout
                0x08002cd4       0x94 Drivers/STM32F1xx_HAL_Driver/Src/stm32f1xx_hal_spi.o
 .text.SPI_CheckFlag_BSY
                0x08002d68       0x28 Drivers/STM32F1xx_HAL_Driver/Src/stm32f1xx_hal_spi.o
 .text.HAL_SPI_Transmit
                0x08002d90      0x1b0 Drivers/STM32F1xx_HAL_Driver/Src/stm32f1xx_hal_spi.o
                0x08002d90                HAL_SPI_Transmit
 .text.HAL_SPI_ErrorCallback
                0x08002f40        0x4 Drivers/STM32F1xx_HAL_Driver/Src/stm32f1xx_hal_spi.o
                0x08002f40                HAL_SPI_ErrorCallback
 .text.HAL_SPI_IRQHandler
                0x08002f44       0xec Drivers/STM32F1xx_HAL_Driver/Src/stm32f1xx_hal_spi.o
                0x08002f44                HAL_SPI_IRQHandler
 .text.SPI_DMAAbortOnError
                0x08003030       0x10 Drivers/STM32F1xx_HAL_Driver/Src/stm32f1xx_hal_spi.o
 .text.HAL_SPI_GetState
                0x08003040        0x8 Drivers/STM32F1xx_HAL_Driver/Src/stm32f1xx_hal_spi.o
                0x08003040                HAL_SPI_GetState
 .text.HAL_SPI_Init
                0x08003048       0x84 Drivers/STM32F1xx_HAL_Driver/Src/stm32f1xx_hal_spi_ex.o
                0x08003048                HAL_SPI_Init
 .text.TIM_TI1_ConfigInputStage
                0x080030cc       0x24 Drivers/STM32F1xx_HAL_Driver/Src/stm32f1xx_hal_tim.o
 .text.TIM_TI2_ConfigInputStage
                0x080030f0       0x28 Drivers/STM32F1xx_HAL_Driver/Src/stm32f1xx_hal_tim.o
 .text.TIM_ITRx_SetConfig
                0x08003118       0x10 Drivers/STM32F1xx_HAL_Driver/Src/stm32f1xx_hal_tim.o
 .text.TIM_ETR_SetConfig
                0x08003128       0x18 Drivers/STM32F1xx_HAL_Driver/Src/stm32f1xx_hal_tim.o
 .text.HAL_TIM_Base_Start
                0x08003140       0x1c Drivers/STM32F1xx_HAL_Driver/Src/stm32f1xx_hal_tim.o
                0x08003140                HAL_TIM_Base_Start
 .text.HAL_TIM_Base_Stop
                0x0800315c       0x30 Drivers/STM32F1xx_HAL_Driver/Src/stm32f1xx_hal_tim.o
                0x0800315c                HAL_TIM_Base_Stop
 .text.HAL_TIM_ConfigClockSource
                0x0800318c      0x114 Drivers/STM32F1xx_HAL_Driver/Src/stm32f1xx_hal_tim.o
                0x0800318c                HAL_TIM_ConfigClockSource
 .text.TIM_Base_SetConfig
                0x080032a0       0x70 Drivers/STM32F1xx_HAL_Driver/Src/stm32f1xx_hal_tim.o
                0x080032a0                TIM_Base_SetConfig
 .text.HAL_TIM_Base_Init
                0x08003310       0x38 Drivers/STM32F1xx_HAL_Driver/Src/stm32f1xx_hal_tim.o
                0x08003310                HAL_TIM_Base_Init
 .text.HAL_TIMEx_MasterConfigSynchronization
                0x08003348       0x54 Drivers/STM32F1xx_HAL_Driver/Src/stm32f1xx_hal_tim_ex.o
                0x08003348                HAL_TIMEx_MasterConfigSynchronization
 .text.UART_EndRxTransfer
                0x0800339c       0x1c Drivers/STM32F1xx_HAL_Driver/Src/stm32f1xx_hal_uart.o
 .text.UART_Transmit_IT
                0x080033b8       0x6c Drivers/STM32F1xx_HAL_Driver/Src/stm32f1xx_hal_uart.o
 .text.UART_SetConfig
                0x08003424      0x1bc Drivers/STM32F1xx_HAL_Driver/Src/stm32f1xx_hal_uart.o
 .text.UART_WaitOnFlagUntilTimeout
                0x080035e0       0x68 Drivers/STM32F1xx_HAL_Driver/Src/stm32f1xx_hal_uart.o
 .text.HAL_UART_Init
                0x08003648       0x64 Drivers/STM32F1xx_HAL_Driver/Src/stm32f1xx_hal_uart.o
                0x08003648                HAL_UART_Init
 .text.HAL_UART_Transmit
                0x080036ac       0xe4 Drivers/STM32F1xx_HAL_Driver/Src/stm32f1xx_hal_uart.o
                0x080036ac                HAL_UART_Transmit
 .text.HAL_UART_TxCpltCallback
                0x08003790        0x4 Drivers/STM32F1xx_HAL_Driver/Src/stm32f1xx_hal_uart.o
                0x08003790                HAL_UART_TxCpltCallback
 .text.UART_EndTransmit_IT
                0x08003794       0x1c Drivers/STM32F1xx_HAL_Driver/Src/stm32f1xx_hal_uart.o
 .text.HAL_UART_RxCpltCallback
                0x080037b0        0x4 Drivers/STM32F1xx_HAL_Driver/Src/stm32f1xx_hal_uart.o
                0x080037b0                HAL_UART_RxCpltCallback
 .text.UART_Receive_IT
                0x080037b4       0xa0 Drivers/STM32F1xx_HAL_Driver/Src/stm32f1xx_hal_uart.o
 .text.HAL_UART_ErrorCallback
                0x08003854        0x4 Drivers/STM32F1xx_HAL_Driver/Src/stm32f1xx_hal_uart.o
                0x08003854                HAL_UART_ErrorCallback
 .text.HAL_UART_IRQHandler
                0x08003858      0x11c Drivers/STM32F1xx_HAL_Driver/Src/stm32f1xx_hal_uart.o
                0x08003858                HAL_UART_IRQHandler
 .text.UART_DMAAbortOnError
                0x08003974       0x10 Drivers/STM32F1xx_HAL_Driver/Src/stm32f1xx_hal_uart.o
 .text.USB_CoreInit
                0x08003984       0x10 Drivers/STM32F1xx_HAL_Driver/Src/stm32f1xx_ll_usb.o
                0x08003984                USB_CoreInit
 .text.USB_EnableGlobalInt
                0x08003994       0x14 Drivers/STM32F1xx_HAL_Driver/Src/stm32f1xx_ll_usb.o
                0x08003994                USB_EnableGlobalInt
 .text.USB_DisableGlobalInt
                0x080039a8       0x14 Drivers/STM32F1xx_HAL_Driver/Src/stm32f1xx_ll_usb.o
                0x080039a8                USB_DisableGlobalInt
 .text.USB_SetCurrentMode
                0x080039bc        0x4 Drivers/STM32F1xx_HAL_Driver/Src/stm32f1xx_ll_usb.o
                0x080039bc                USB_SetCurrentMode
 .text.USB_DevInit
                0x080039c0       0x2c Drivers/STM32F1xx_HAL_Driver/Src/stm32f1xx_ll_usb.o
                0x080039c0                USB_DevInit
 .text.USB_ActivateEndpoint
                0x080039ec      0x33c Drivers/STM32F1xx_HAL_Driver/Src/stm32f1xx_ll_usb.o
                0x080039ec                USB_ActivateEndpoint
 .text.USB_DeactivateEndpoint
                0x08003d28      0x1d0 Drivers/STM32F1xx_HAL_Driver/Src/stm32f1xx_ll_usb.o
                0x08003d28                USB_DeactivateEndpoint
 .text.USB_EPSetStall
                0x08003ef8       0x70 Drivers/STM32F1xx_HAL_Driver/Src/stm32f1xx_ll_usb.o
                0x08003ef8                USB_EPSetStall
 .text.USB_EPClearStall
                0x08003f68       0x98 Drivers/STM32F1xx_HAL_Driver/Src/stm32f1xx_ll_usb.o
                0x08003f68                USB_EPClearStall
 .text.USB_SetDevAddress
                0x08004000        0xc Drivers/STM32F1xx_HAL_Driver/Src/stm32f1xx_ll_usb.o
                0x08004000                USB_SetDevAddress
 .text.USB_DevConnect
                0x0800400c        0x4 Drivers/STM32F1xx_HAL_Driver/Src/stm32f1xx_ll_usb.o
                0x0800400c                USB_DevConnect
 .text.USB_DevDisconnect
                0x08004010        0x4 Drivers/STM32F1xx_HAL_Driver/Src/stm32f1xx_ll_usb.o
                0x08004010                USB_DevDisconnect
 .text.USB_ReadInterrupts
                0x08004014        0x8 Drivers/STM32F1xx_HAL_Driver/Src/stm32f1xx_ll_usb.o
                0x08004014                USB_ReadInterrupts
 .text.USB_EP0_OutStart
                0x0800401c        0x4 Drivers/STM32F1xx_HAL_Driver/Src/stm32f1xx_ll_usb.o
                0x0800401c                USB_EP0_OutStart
 .text.USB_WritePMA
                0x08004020       0x28 Drivers/STM32F1xx_HAL_Driver/Src/stm32f1xx_ll_usb.o
                0x08004020                USB_WritePMA
 .text.USB_EPStartXfer
                0x08004048      0x2e8 Drivers/STM32F1xx_HAL_Driver/Src/stm32f1xx_ll_usb.o
                0x08004048                USB_EPStartXfer
 .text.USB_ReadPMA
                0x08004330       0x20 Drivers/STM32F1xx_HAL_Driver/Src/stm32f1xx_ll_usb.o
                0x08004330                USB_ReadPMA
 .text.USBD_CDC_DataIn
                0x08004350       0x14 Middlewares/ST/STM32_USB_Device_Library/Class/CDC/Src/usbd_cdc.o
 .text.USBD_CDC_EP0_RxReady
                0x08004364       0x28 Middlewares/ST/STM32_USB_Device_Library/Class/CDC/Src/usbd_cdc.o
 .text.USBD_CDC_GetFSCfgDesc
                0x0800438c        0xc Middlewares/ST/STM32_USB_Device_Library/Class/CDC/Src/usbd_cdc.o
 .text.USBD_CDC_GetHSCfgDesc
                0x08004398        0xc Middlewares/ST/STM32_USB_Device_Library/Class/CDC/Src/usbd_cdc.o
 .text.USBD_CDC_GetOtherSpeedCfgDesc
                0x080043a4        0xc Middlewares/ST/STM32_USB_Device_Library/Class/CDC/Src/usbd_cdc.o
 .text.USBD_CDC_GetDeviceQualifierDescriptor
                0x080043b0        0xc Middlewares/ST/STM32_USB_Device_Library/Class/CDC/Src/usbd_cdc.o
                0x080043b0                USBD_CDC_GetDeviceQualifierDescriptor
 .text.USBD_CDC_DataOut
                0x080043bc       0x30 Middlewares/ST/STM32_USB_Device_Library/Class/CDC/Src/usbd_cdc.o
 .text.USBD_CDC_Setup
                0x080043ec       0x74 Middlewares/ST/STM32_USB_Device_Library/Class/CDC/Src/usbd_cdc.o
 .text.USBD_CDC_DeInit
                0x08004460       0x3c Middlewares/ST/STM32_USB_Device_Library/Class/CDC/Src/usbd_cdc.o
 .text.USBD_CDC_Init
                0x0800449c       0x98 Middlewares/ST/STM32_USB_Device_Library/Class/CDC/Src/usbd_cdc.o
 .text.USBD_CDC_RegisterInterface
                0x08004534       0x10 Middlewares/ST/STM32_USB_Device_Library/Class/CDC/Src/usbd_cdc.o
                0x08004534                USBD_CDC_RegisterInterface
 .text.USBD_CDC_SetTxBuffer
                0x08004544       0x10 Middlewares/ST/STM32_USB_Device_Library/Class/CDC/Src/usbd_cdc.o
                0x08004544                USBD_CDC_SetTxBuffer
 .text.USBD_CDC_SetRxBuffer
                0x08004554        0xc Middlewares/ST/STM32_USB_Device_Library/Class/CDC/Src/usbd_cdc.o
                0x08004554                USBD_CDC_SetRxBuffer
 .text.USBD_CDC_TransmitPacket
                0x08004560       0x30 Middlewares/ST/STM32_USB_Device_Library/Class/CDC/Src/usbd_cdc.o
                0x08004560                USBD_CDC_TransmitPacket
 .text.USBD_CDC_ReceivePacket
                0x08004590       0x34 Middlewares/ST/STM32_USB_Device_Library/Class/CDC/Src/usbd_cdc.o
                0x08004590                USBD_CDC_ReceivePacket
 .text.USBD_Init
                0x080045c4       0x30 Middlewares/ST/STM32_USB_Device_Library/Core/Src/usbd_core.o
                0x080045c4                USBD_Init
 .text.USBD_RegisterClass
                0x080045f4       0x10 Middlewares/ST/STM32_USB_Device_Library/Core/Src/usbd_core.o
                0x080045f4                USBD_RegisterClass
 .text.USBD_Start
                0x08004604        0xc Middlewares/ST/STM32_USB_Device_Library/Core/Src/usbd_core.o
                0x08004604                USBD_Start
 .text.USBD_SetClassConfig
                0x08004610       0x1c Middlewares/ST/STM32_USB_Device_Library/Core/Src/usbd_core.o
                0x08004610                USBD_SetClassConfig
 .text.USBD_ClrClassConfig
                0x0800462c       0x10 Middlewares/ST/STM32_USB_Device_Library/Core/Src/usbd_core.o
                0x0800462c                USBD_ClrClassConfig
 .text.USBD_LL_SetupStage
                0x0800463c       0x5c Middlewares/ST/STM32_USB_Device_Library/Core/Src/usbd_core.o
                0x0800463c                USBD_LL_SetupStage
 .text.USBD_LL_DataOutStage
                0x08004698       0x68 Middlewares/ST/STM32_USB_Device_Library/Core/Src/usbd_core.o
                0x08004698                USBD_LL_DataOutStage
 .text.USBD_LL_DataInStage
                0x08004700       0xac Middlewares/ST/STM32_USB_Device_Library/Core/Src/usbd_core.o
                0x08004700                USBD_LL_DataInStage
 .text.USBD_LL_Reset
                0x080047ac       0x40 Middlewares/ST/STM32_USB_Device_Library/Core/Src/usbd_core.o
                0x080047ac                USBD_LL_Reset
 .text.USBD_LL_SetSpeed
                0x080047ec        0x8 Middlewares/ST/STM32_USB_Device_Library/Core/Src/usbd_core.o
                0x080047ec                USBD_LL_SetSpeed
 .text.USBD_LL_Suspend
                0x080047f4       0x14 Middlewares/ST/STM32_USB_Device_Library/Core/Src/usbd_core.o
                0x080047f4                USBD_LL_Suspend
 .text.USBD_LL_Resume
                0x08004808        0xc Middlewares/ST/STM32_USB_Device_Library/Core/Src/usbd_core.o
                0x08004808                USBD_LL_Resume
 .text.USBD_LL_SOF
                0x08004814       0x18 Middlewares/ST/STM32_USB_Device_Library/Core/Src/usbd_core.o
                0x08004814                USBD_LL_SOF
 .text.USBD_GetLen
                0x0800482c       0x14 Middlewares/ST/STM32_USB_Device_Library/Core/Src/usbd_ctlreq.o
 .text.USBD_SetFeature
                0x08004840       0x20 Middlewares/ST/STM32_USB_Device_Library/Core/Src/usbd_ctlreq.o
 .text.USBD_ParseSetupRequest
                0x08004860       0x28 Middlewares/ST/STM32_USB_Device_Library/Core/Src/usbd_ctlreq.o
                0x08004860                USBD_ParseSetupRequest
 .text.USBD_CtlError
                0x08004888       0x14 Middlewares/ST/STM32_USB_Device_Library/Core/Src/usbd_ctlreq.o
                0x08004888                USBD_CtlError
 .text.USBD_GetDescriptor
                0x0800489c      0x130 Middlewares/ST/STM32_USB_Device_Library/Core/Src/usbd_ctlreq.o
 .text.USBD_SetAddress
                0x080049cc       0x4c Middlewares/ST/STM32_USB_Device_Library/Core/Src/usbd_ctlreq.o
 .text.USBD_SetConfig
                0x08004a18       0xa8 Middlewares/ST/STM32_USB_Device_Library/Core/Src/usbd_ctlreq.o
 .text.USBD_GetConfig
                0x08004ac0       0x3c Middlewares/ST/STM32_USB_Device_Library/Core/Src/usbd_ctlreq.o
 .text.USBD_GetStatus
                0x08004afc       0x2c Middlewares/ST/STM32_USB_Device_Library/Core/Src/usbd_ctlreq.o
 .text.USBD_ClrFeature
                0x08004b28       0x30 Middlewares/ST/STM32_USB_Device_Library/Core/Src/usbd_ctlreq.o
 .text.USBD_StdDevReq
                0x08004b58       0x48 Middlewares/ST/STM32_USB_Device_Library/Core/Src/usbd_ctlreq.o
                0x08004b58                USBD_StdDevReq
 .text.USBD_StdItfReq
                0x08004ba0       0x38 Middlewares/ST/STM32_USB_Device_Library/Core/Src/usbd_ctlreq.o
                0x08004ba0                USBD_StdItfReq
 .text.USBD_StdEPReq
                0x08004bd8      0x11c Middlewares/ST/STM32_USB_Device_Library/Core/Src/usbd_ctlreq.o
                0x08004bd8                USBD_StdEPReq
 .text.USBD_GetString
                0x08004cf4       0x3c Middlewares/ST/STM32_USB_Device_Library/Core/Src/usbd_ctlreq.o
                0x08004cf4                USBD_GetString
 .text.USBD_CtlSendData
                0x08004d30       0x1c Middlewares/ST/STM32_USB_Device_Library/Core/Src/usbd_ioreq.o
                0x08004d30                USBD_CtlSendData
 .text.USBD_CtlContinueSendData
                0x08004d4c       0x10 Middlewares/ST/STM32_USB_Device_Library/Core/Src/usbd_ioreq.o
                0x08004d4c                USBD_CtlContinueSendData
 .text.USBD_CtlPrepareRx
                0x08004d5c       0x20 Middlewares/ST/STM32_USB_Device_Library/Core/Src/usbd_ioreq.o
                0x08004d5c                USBD_CtlPrepareRx
 .text.USBD_CtlContinueRx
                0x08004d7c       0x10 Middlewares/ST/STM32_USB_Device_Library/Core/Src/usbd_ioreq.o
                0x08004d7c                USBD_CtlContinueRx
 .text.USBD_CtlSendStatus
                0x08004d8c       0x18 Middlewares/ST/STM32_USB_Device_Library/Core/Src/usbd_ioreq.o
                0x08004d8c                USBD_CtlSendStatus
 .text.USBD_CtlReceiveStatus
                0x08004da4       0x18 Middlewares/ST/STM32_USB_Device_Library/Core/Src/usbd_ioreq.o
                0x08004da4                USBD_CtlReceiveStatus
 .text.SystemClock_Config
                0x08004dbc       0x80 Src/config.o
                0x08004dbc                SystemClock_Config
 .text.MX_ADC1_Init
                0x08004e3c       0x48 Src/config.o
                0x08004e3c                MX_ADC1_Init
 .text.MX_I2C1_Init
                0x08004e84       0x34 Src/config.o
                0x08004e84                MX_I2C1_Init
 .text.MX_RTC_Init
                0x08004eb8       0x64 Src/config.o
                0x08004eb8                MX_RTC_Init
 .text.MX_SPI2_Init
                0x08004f1c       0x3c Src/config.o
                0x08004f1c                MX_SPI2_Init
 .text.MX_TIM2_Init
                0x08004f58       0x58 Src/config.o
                0x08004f58                MX_TIM2_Init
 .text.MX_USART3_UART_Init
                0x08004fb0       0x2c Src/config.o
                0x08004fb0                MX_USART3_UART_Init
 .text.MX_GPIO_Init
                0x08004fdc      0x110 Src/config.o
                0x08004fdc                MX_GPIO_Init
 .text.Error_Handler
                0x080050ec        0x4 Src/config.o
                0x080050ec                Error_Handler
 .text.Start_Measuring_Time
                0x080050f0       0x18 Src/main.o
                0x080050f0                Start_Measuring_Time
 .text.Stop_Measuring_Time
                0x08005108       0x14 Src/main.o
                0x08005108                Stop_Measuring_Time
 .text.main     0x0800511c      0x180 Src/main.o
                0x0800511c                main
 .text.HAL_MspInit
                0x0800529c       0x40 Src/stm32f1xx_hal_msp.o
                0x0800529c                HAL_MspInit
 .text.HAL_ADC_MspInit
                0x080052dc       0x5c Src/stm32f1xx_hal_msp.o
                0x080052dc                HAL_ADC_MspInit
 .text.HAL_I2C_MspInit
                0x08005338       0x80 Src/stm32f1xx_hal_msp.o
                0x08005338                HAL_I2C_MspInit
 .text.HAL_RTC_MspInit
                0x080053b8       0x4c Src/stm32f1xx_hal_msp.o
                0x080053b8                HAL_RTC_MspInit
 .text.HAL_SPI_MspInit
                0x08005404       0x88 Src/stm32f1xx_hal_msp.o
                0x08005404                HAL_SPI_MspInit
 .text.HAL_TIM_Base_MspInit
                0x0800548c       0x24 Src/stm32f1xx_hal_msp.o
                0x0800548c                HAL_TIM_Base_MspInit
 .text.HAL_UART_MspInit
                0x080054b0       0x88 Src/stm32f1xx_hal_msp.o
                0x080054b0                HAL_UART_MspInit
 .text.NMI_Handler
                0x08005538        0x4 Src/stm32f1xx_it.o
                0x08005538                NMI_Handler
 .text.HardFault_Handler
                0x0800553c        0x4 Src/stm32f1xx_it.o
                0x0800553c                HardFault_Handler
 .text.MemManage_Handler
                0x08005540        0x4 Src/stm32f1xx_it.o
                0x08005540                MemManage_Handler
 .text.BusFault_Handler
                0x08005544        0x4 Src/stm32f1xx_it.o
                0x08005544                BusFault_Handler
 .text.UsageFault_Handler
                0x08005548        0x4 Src/stm32f1xx_it.o
                0x08005548                UsageFault_Handler
 .text.SVC_Handler
                0x0800554c        0x4 Src/stm32f1xx_it.o
                0x0800554c                SVC_Handler
 .text.DebugMon_Handler
                0x08005550        0x4 Src/stm32f1xx_it.o
                0x08005550                DebugMon_Handler
 .text.PendSV_Handler
                0x08005554        0x4 Src/stm32f1xx_it.o
                0x08005554                PendSV_Handler
 .text.SysTick_Handler
                0x08005558        0x8 Src/stm32f1xx_it.o
                0x08005558                SysTick_Handler
 .text.RTC_IRQHandler
                0x08005560       0x10 Src/stm32f1xx_it.o
                0x08005560                RTC_IRQHandler
 .text.EXTI0_IRQHandler
                0x08005570        0xc Src/stm32f1xx_it.o
                0x08005570                EXTI0_IRQHandler
 .text.USB_LP_CAN1_RX0_IRQHandler
                0x0800557c       0x10 Src/stm32f1xx_it.o
                0x0800557c                USB_LP_CAN1_RX0_IRQHandler
 .text.I2C1_EV_IRQHandler
                0x0800558c       0x10 Src/stm32f1xx_it.o
                0x0800558c                I2C1_EV_IRQHandler
 .text.I2C1_ER_IRQHandler
                0x0800559c       0x10 Src/stm32f1xx_it.o
                0x0800559c                I2C1_ER_IRQHandler
 .text.SPI2_IRQHandler
                0x080055ac       0x10 Src/stm32f1xx_it.o
                0x080055ac                SPI2_IRQHandler
 .text.USART3_IRQHandler
                0x080055bc       0x10 Src/stm32f1xx_it.o
                0x080055bc                USART3_IRQHandler
 .text.SystemInit
                0x080055cc       0x4c Src/system_stm32f1xx.o
                0x080055cc                SystemInit
 .text.MX_USB_DEVICE_Init
                0x08005618       0x38 Src/usb_device.o
                0x08005618                MX_USB_DEVICE_Init
 .text.CDC_DeInit_FS
                0x08005650        0x4 Src/usbd_cdc_if.o
 .text.CDC_Control_FS
                0x08005654        0x4 Src/usbd_cdc_if.o
 .text.CDC_Receive_FS
                0x08005658       0x4c Src/usbd_cdc_if.o
 .text.CDC_Init_FS
                0x080056a4       0x28 Src/usbd_cdc_if.o
 .text.CDC_Transmit_FS
                0x080056cc       0x2c Src/usbd_cdc_if.o
                0x080056cc                CDC_Transmit_FS
 .text.HAL_PCD_MspInit
                0x080056f8       0x40 Src/usbd_conf.o
                0x080056f8                HAL_PCD_MspInit
 .text.HAL_PCD_SetupStageCallback
                0x08005738       0x10 Src/usbd_conf.o
                0x08005738                HAL_PCD_SetupStageCallback
 .text.HAL_PCD_DataOutStageCallback
                0x08005748       0x14 Src/usbd_conf.o
                0x08005748                HAL_PCD_DataOutStageCallback
 .text.HAL_PCD_DataInStageCallback
                0x0800575c       0x14 Src/usbd_conf.o
                0x0800575c                HAL_PCD_DataInStageCallback
 .text.HAL_PCD_SOFCallback
                0x08005770        0xc Src/usbd_conf.o
                0x08005770                HAL_PCD_SOFCallback
 .text.HAL_PCD_ResetCallback
                0x0800577c       0x18 Src/usbd_conf.o
                0x0800577c                HAL_PCD_ResetCallback
 .text.HAL_PCD_SuspendCallback
                0x08005794       0x20 Src/usbd_conf.o
                0x08005794                HAL_PCD_SuspendCallback
 .text.HAL_PCD_ResumeCallback
                0x080057b4        0xc Src/usbd_conf.o
                0x080057b4                HAL_PCD_ResumeCallback
 .text.USBD_LL_Init
                0x080057c0       0x88 Src/usbd_conf.o
                0x080057c0                USBD_LL_Init
 .text.USBD_LL_Start
                0x08005848       0x20 Src/usbd_conf.o
                0x08005848                USBD_LL_Start
 .text.USBD_LL_OpenEP
                0x08005868       0x24 Src/usbd_conf.o
                0x08005868                USBD_LL_OpenEP
 .text.USBD_LL_CloseEP
                0x0800588c       0x20 Src/usbd_conf.o
                0x0800588c                USBD_LL_CloseEP
 .text.USBD_LL_StallEP
                0x080058ac       0x20 Src/usbd_conf.o
                0x080058ac                USBD_LL_StallEP
 .text.USBD_LL_ClearStallEP
                0x080058cc       0x20 Src/usbd_conf.o
                0x080058cc                USBD_LL_ClearStallEP
 .text.USBD_LL_IsStallEP
                0x080058ec       0x28 Src/usbd_conf.o
                0x080058ec                USBD_LL_IsStallEP
 .text.USBD_LL_SetUSBAddress
                0x08005914       0x20 Src/usbd_conf.o
                0x08005914                USBD_LL_SetUSBAddress
 .text.USBD_LL_Transmit
                0x08005934       0x20 Src/usbd_conf.o
                0x08005934                USBD_LL_Transmit
 .text.USBD_LL_PrepareReceive
                0x08005954       0x20 Src/usbd_conf.o
                0x08005954                USBD_LL_PrepareReceive
 .text.USBD_LL_GetRxDataSize
                0x08005974        0xc Src/usbd_conf.o
                0x08005974                USBD_LL_GetRxDataSize
 .text.USBD_static_malloc
                0x08005980        0x8 Src/usbd_conf.o
                0x08005980                USBD_static_malloc
 .text.USBD_static_free
                0x08005988        0x4 Src/usbd_conf.o
                0x08005988                USBD_static_free
 .text.HAL_PCDEx_SetConnectionState
                0x0800598c        0x4 Src/usbd_conf.o
                0x0800598c                HAL_PCDEx_SetConnectionState
 .text.USBD_FS_DeviceDescriptor
                0x08005990        0xc Src/usbd_desc.o
                0x08005990                USBD_FS_DeviceDescriptor
 .text.USBD_FS_LangIDStrDescriptor
                0x0800599c        0xc Src/usbd_desc.o
                0x0800599c                USBD_FS_LangIDStrDescriptor
 .text.USBD_FS_ProductStrDescriptor
                0x080059a8       0x24 Src/usbd_desc.o
                0x080059a8                USBD_FS_ProductStrDescriptor
 .text.USBD_FS_ManufacturerStrDescriptor
                0x080059cc       0x1c Src/usbd_desc.o
                0x080059cc                USBD_FS_ManufacturerStrDescriptor
 .text.USBD_FS_SerialStrDescriptor
                0x080059e8       0x24 Src/usbd_desc.o
                0x080059e8                USBD_FS_SerialStrDescriptor
 .text.USBD_FS_ConfigStrDescriptor
                0x08005a0c       0x24 Src/usbd_desc.o
                0x08005a0c                USBD_FS_ConfigStrDescriptor
 .text.USBD_FS_InterfaceStrDescriptor
                0x08005a30       0x24 Src/usbd_desc.o
                0x08005a30                USBD_FS_InterfaceStrDescriptor
 .text.dwt_writetodevice
                0x08005a54       0x44 Src/decadriver/deca_device.o
                0x08005a54                dwt_writetodevice
 .text.dwt_writetxdata
                0x08005a98       0x24 Src/decadriver/deca_device.o
                0x08005a98                dwt_writetxdata
 .text.dwt_readfromdevice
                0x08005abc       0x40 Src/decadriver/deca_device.o
                0x08005abc                dwt_readfromdevice
 .text.dwt_readrxdata
                0x08005afc       0x14 Src/decadriver/deca_device.o
                0x08005afc                dwt_readrxdata
 .text.dwt_readtxtimestamp
                0x08005b10       0x10 Src/decadriver/deca_device.o
                0x08005b10                dwt_readtxtimestamp
 .text.dwt_readrxtimestamp
                0x08005b20       0x10 Src/decadriver/deca_device.o
                0x08005b20                dwt_readrxtimestamp
 .text.dwt_read32bitoffsetreg
                0x08005b30       0x30 Src/decadriver/deca_device.o
                0x08005b30                dwt_read32bitoffsetreg
 .text.dwt_readdevid
                0x08005b60        0xc Src/decadriver/deca_device.o
                0x08005b60                dwt_readdevid
 .text.dwt_read16bitoffsetreg
                0x08005b6c       0x24 Src/decadriver/deca_device.o
                0x08005b6c                dwt_read16bitoffsetreg
 .text.dwt_readdiagnostics
                0x08005b90       0x40 Src/decadriver/deca_device.o
                0x08005b90                dwt_readdiagnostics
 .text.dwt_read8bitoffsetreg
                0x08005bd0       0x1c Src/decadriver/deca_device.o
                0x08005bd0                dwt_read8bitoffsetreg
 .text.dwt_write8bitoffsetreg
                0x08005bec       0x1c Src/decadriver/deca_device.o
                0x08005bec                dwt_write8bitoffsetreg
 .text.dwt_write16bitoffsetreg
                0x08005c08       0x20 Src/decadriver/deca_device.o
                0x08005c08                dwt_write16bitoffsetreg
 .text.dwt_setrxantennadelay
                0x08005c28       0x10 Src/decadriver/deca_device.o
                0x08005c28                dwt_setrxantennadelay
 .text.dwt_settxantennadelay
                0x08005c38       0x10 Src/decadriver/deca_device.o
                0x08005c38                dwt_settxantennadelay
 .text.dwt_write32bitoffsetreg
                0x08005c48       0x28 Src/decadriver/deca_device.o
                0x08005c48                dwt_write32bitoffsetreg
 .text.dwt_writetxfctrl
                0x08005c70       0x20 Src/decadriver/deca_device.o
                0x08005c70                dwt_writetxfctrl
 .text._dwt_otpread
                0x08005c90       0x2c Src/decadriver/deca_device.o
                0x08005c90                _dwt_otpread
 .text._dwt_aonarrayupload
                0x08005cbc       0x18 Src/decadriver/deca_device.o
                0x08005cbc                _dwt_aonarrayupload
 .text._dwt_configlde
                0x08005cd4       0x34 Src/decadriver/deca_device.o
                0x08005cd4                _dwt_configlde
 .text.dwt_configure
                0x08005d08      0x210 Src/decadriver/deca_device.o
                0x08005d08                dwt_configure
 .text.dwt_setrxaftertxdelay
                0x08005f18       0x20 Src/decadriver/deca_device.o
                0x08005f18                dwt_setrxaftertxdelay
 .text.dwt_setleds
                0x08005f38       0x7c Src/decadriver/deca_device.o
                0x08005f38                dwt_setleds
 .text._dwt_enableclocks
                0x08005fb4       0xf4 Src/decadriver/deca_device.o
                0x08005fb4                _dwt_enableclocks
 .text._dwt_loaducodefromrom
                0x080060a8       0x24 Src/decadriver/deca_device.o
                0x080060a8                _dwt_loaducodefromrom
 .text._dwt_disablesequencing
                0x080060cc       0x14 Src/decadriver/deca_device.o
                0x080060cc                _dwt_disablesequencing
 .text.dwt_setdelayedtrxtime
                0x080060e0       0x10 Src/decadriver/deca_device.o
                0x080060e0                dwt_setdelayedtrxtime
 .text.dwt_starttx
                0x080060f0       0x60 Src/decadriver/deca_device.o
                0x080060f0                dwt_starttx
 .text.dwt_setrxtimeout
                0x08006150       0x54 Src/decadriver/deca_device.o
                0x08006150                dwt_setrxtimeout
 .text.dwt_setpreambledetecttimeout
                0x080061a4       0x10 Src/decadriver/deca_device.o
                0x080061a4                dwt_setpreambledetecttimeout
 .text.dwt_rxreset
                0x080061b4       0x18 Src/decadriver/deca_device.o
                0x080061b4                dwt_rxreset
 .text.dwt_softreset
                0x080061cc       0x48 Src/decadriver/deca_device.o
                0x080061cc                dwt_softreset
 .text.dwt_setxtaltrim
                0x08006214       0x14 Src/decadriver/deca_device.o
                0x08006214                dwt_setxtaltrim
 .text.dwt_initialise
                0x08006228      0x1b0 Src/decadriver/deca_device.o
                0x08006228                dwt_initialise
 .text.decamutexon
                0x080063d8       0x14 Src/platform/deca_mutex.o
                0x080063d8                decamutexon
 .text.decamutexoff
                0x080063ec        0xc Src/platform/deca_mutex.o
                0x080063ec                decamutexoff
 .text.deca_sleep
                0x080063f8        0x8 Src/platform/deca_sleep.o
                0x080063f8                deca_sleep
 .text.writetospi
                0x08006400       0x68 Src/platform/deca_spi.o
                0x08006400                writetospi
 .text.readfromspi
                0x08006468       0x88 Src/platform/deca_spi.o
                0x08006468                readfromspi
 .text.NVIC_EnableIRQ
                0x080064f0       0x18 Src/platform/port.o
 .text.NVIC_DisableIRQ
                0x08006508       0x1c Src/platform/port.o
 .text.usleep   0x08006524       0x54 Src/platform/port.o
                0x08006524                usleep
 .text.Sleep    0x08006578       0x18 Src/platform/port.o
                0x08006578                Sleep
 .text.EXTI_GetITEnStatus
                0x08006590       0x38 Src/platform/port.o
                0x08006590                EXTI_GetITEnStatus
 .text.reset_DW1000
                0x080065c8       0x48 Src/platform/port.o
                0x080065c8                reset_DW1000
 .text.setup_DW1000RSTnIRQ
                0x08006610       0x7c Src/platform/port.o
                0x08006610                setup_DW1000RSTnIRQ
 .text.port_set_dw1000_slowrate
                0x0800668c       0x18 Src/platform/port.o
                0x0800668c                port_set_dw1000_slowrate
 .text.port_set_dw1000_fastrate
                0x080066a4       0x18 Src/platform/port.o
                0x080066a4                port_set_dw1000_fastrate
 .text.HAL_GPIO_EXTI_Callback
                0x080066bc       0x30 Src/platform/port.o
                0x080066bc                HAL_GPIO_EXTI_Callback
 .text.process_deca_irq
                0x080066ec       0x20 Src/platform/port.o
                0x080066ec                process_deca_irq
 .text.port_DisableEXT_IRQ
                0x0800670c       0x10 Src/platform/port.o
                0x0800670c                port_DisableEXT_IRQ
 .text.port_EnableEXT_IRQ
                0x0800671c       0x10 Src/platform/port.o
                0x0800671c                port_EnableEXT_IRQ
 .text.port_GetEXT_IRQStatus
                0x0800672c       0x10 Src/platform/port.o
                0x0800672c                port_GetEXT_IRQStatus
 .text.port_CheckEXT_IRQ
                0x0800673c       0x18 Src/platform/port.o
                0x0800673c                port_CheckEXT_IRQ
 .text.final_msg_set_ts
                0x08006754       0x18 UWB/Pos_functions.o
 .text.get_tx_timestamp_u64
                0x0800676c       0x34 UWB/Pos_functions.o
 .text.get_rx_timestamp_u64
                0x080067a0       0x34 UWB/Pos_functions.o
 .text.UWB_Anchor_Init
                0x080067d4       0x54 UWB/Pos_functions.o
                0x080067d4                UWB_Anchor_Init
 .text.UWB_Anchor_Get_Distance
                0x08006828      0x204 UWB/Pos_functions.o
                0x08006828                UWB_Anchor_Get_Distance
 .text.Reset_Handler
                0x08006a2c       0x48 startup/startup_stm32f103xb.o
                0x08006a2c                Reset_Handler
 .text.Default_Handler
                0x08006a74        0x2 startup/startup_stm32f103xb.o
                0x08006a74                RTC_Alarm_IRQHandler
                0x08006a74                EXTI2_IRQHandler
                0x08006a74                TIM1_CC_IRQHandler
                0x08006a74                PVD_IRQHandler
                0x08006a74                EXTI3_IRQHandler
                0x08006a74                I2C2_EV_IRQHandler
                0x08006a74                ADC1_2_IRQHandler
                0x08006a74                SPI1_IRQHandler
                0x08006a74                TAMPER_IRQHandler
                0x08006a74                DMA1_Channel4_IRQHandler
                0x08006a74                DMA1_Channel7_IRQHandler
                0x08006a74                CAN1_RX1_IRQHandler
                0x08006a74                TIM4_IRQHandler
                0x08006a74                DMA1_Channel6_IRQHandler
                0x08006a74                TIM3_IRQHandler
                0x08006a74                RCC_IRQHandler
                0x08006a74                TIM1_TRG_COM_IRQHandler
                0x08006a74                DMA1_Channel1_IRQHandler
                0x08006a74                Default_Handler
                0x08006a74                EXTI15_10_IRQHandler
                0x08006a74                EXTI9_5_IRQHandler
                0x08006a74                DMA1_Channel5_IRQHandler
                0x08006a74                EXTI4_IRQHandler
                0x08006a74                USB_HP_CAN1_TX_IRQHandler
                0x08006a74                DMA1_Channel3_IRQHandler
                0x08006a74                TIM1_UP_IRQHandler
                0x08006a74                WWDG_IRQHandler
                0x08006a74                TIM2_IRQHandler
                0x08006a74                TIM1_BRK_IRQHandler
                0x08006a74                EXTI1_IRQHandler
                0x08006a74                USART2_IRQHandler
                0x08006a74                I2C2_ER_IRQHandler
                0x08006a74                DMA1_Channel2_IRQHandler
                0x08006a74                CAN1_SCE_IRQHandler
                0x08006a74                FLASH_IRQHandler
                0x08006a74                USART1_IRQHandler
                0x08006a74                USBWakeUp_IRQHandler
 .text.atoi     0x08006a76        0x8 c:/users/hotwater/.p2/pool/plugins/fr.ac6.mcu.externaltools.arm-none.win32_1.13.2.201703061525/tools/compiler/bin/../lib/gcc/arm-none-eabi/5.4.1/../../../../arm-none-eabi/lib/armv7-m\libc_nano.a(lib_a-atoi.o)
                0x08006a76                atoi
 *fill*         0x08006a7e        0x2 
 .text.__libc_init_array
                0x08006a80       0x4c c:/users/hotwater/.p2/pool/plugins/fr.ac6.mcu.externaltools.arm-none.win32_1.13.2.201703061525/tools/compiler/bin/../lib/gcc/arm-none-eabi/5.4.1/../../../../arm-none-eabi/lib/armv7-m\libc_nano.a(lib_a-init.o)
                0x08006a80                __libc_init_array
 .text.memcmp   0x08006acc       0x1e c:/users/hotwater/.p2/pool/plugins/fr.ac6.mcu.externaltools.arm-none.win32_1.13.2.201703061525/tools/compiler/bin/../lib/gcc/arm-none-eabi/5.4.1/../../../../arm-none-eabi/lib/armv7-m\libc_nano.a(lib_a-memcmp.o)
                0x08006acc                memcmp
 .text.memset   0x08006aea       0x10 c:/users/hotwater/.p2/pool/plugins/fr.ac6.mcu.externaltools.arm-none.win32_1.13.2.201703061525/tools/compiler/bin/../lib/gcc/arm-none-eabi/5.4.1/../../../../arm-none-eabi/lib/armv7-m\libc_nano.a(lib_a-memset.o)
                0x08006aea                memset
 *fill*         0x08006afa        0x2 
 .text.sprintf  0x08006afc       0x48 c:/users/hotwater/.p2/pool/plugins/fr.ac6.mcu.externaltools.arm-none.win32_1.13.2.201703061525/tools/compiler/bin/../lib/gcc/arm-none-eabi/5.4.1/../../../../arm-none-eabi/lib/armv7-m\libc_nano.a(lib_a-sprintf.o)
                0x08006afc                siprintf
                0x08006afc                sprintf
 .text.strlcpy  0x08006b44       0x2a c:/users/hotwater/.p2/pool/plugins/fr.ac6.mcu.externaltools.arm-none.win32_1.13.2.201703061525/tools/compiler/bin/../lib/gcc/arm-none-eabi/5.4.1/../../../../arm-none-eabi/lib/armv7-m\libc_nano.a(lib_a-strlcpy.o)
                0x08006b44                strlcpy
 .text._strtol_l.isra.0
                0x08006b6e      0x110 c:/users/hotwater/.p2/pool/plugins/fr.ac6.mcu.externaltools.arm-none.win32_1.13.2.201703061525/tools/compiler/bin/../lib/gcc/arm-none-eabi/5.4.1/../../../../arm-none-eabi/lib/armv7-m\libc_nano.a(lib_a-strtol.o)
 *fill*         0x08006c7e        0x2 
 .text.strtol   0x08006c80       0x2c c:/users/hotwater/.p2/pool/plugins/fr.ac6.mcu.externaltools.arm-none.win32_1.13.2.201703061525/tools/compiler/bin/../lib/gcc/arm-none-eabi/5.4.1/../../../../arm-none-eabi/lib/armv7-m\libc_nano.a(lib_a-strtol.o)
                0x08006c80                strtol
 .text.__locale_ctype_ptr_l
                0x08006cac        0x6 c:/users/hotwater/.p2/pool/plugins/fr.ac6.mcu.externaltools.arm-none.win32_1.13.2.201703061525/tools/compiler/bin/../lib/gcc/arm-none-eabi/5.4.1/../../../../arm-none-eabi/lib/armv7-m\libc_nano.a(lib_a-locale.o)
                0x08006cac                __locale_ctype_ptr_l
 .text.__ascii_mbtowc
                0x08006cb2       0x24 c:/users/hotwater/.p2/pool/plugins/fr.ac6.mcu.externaltools.arm-none.win32_1.13.2.201703061525/tools/compiler/bin/../lib/gcc/arm-none-eabi/5.4.1/../../../../arm-none-eabi/lib/armv7-m\libc_nano.a(lib_a-mbtowc_r.o)
                0x08006cb2                __ascii_mbtowc
 .text.__ssputs_r
                0x08006cd6       0xb2 c:/users/hotwater/.p2/pool/plugins/fr.ac6.mcu.externaltools.arm-none.win32_1.13.2.201703061525/tools/compiler/bin/../lib/gcc/arm-none-eabi/5.4.1/../../../../arm-none-eabi/lib/armv7-m\libc_nano.a(lib_a-nano-svfprintf.o)
                0x08006cd6                __ssputs_r
 .text._svfprintf_r
                0x08006d88      0x1e8 c:/users/hotwater/.p2/pool/plugins/fr.ac6.mcu.externaltools.arm-none.win32_1.13.2.201703061525/tools/compiler/bin/../lib/gcc/arm-none-eabi/5.4.1/../../../../arm-none-eabi/lib/armv7-m\libc_nano.a(lib_a-nano-svfprintf.o)
                0x08006d88                _svfiprintf_r
                0x08006d88                _svfprintf_r
 .text._printf_common
                0x08006f70       0xec c:/users/hotwater/.p2/pool/plugins/fr.ac6.mcu.externaltools.arm-none.win32_1.13.2.201703061525/tools/compiler/bin/../lib/gcc/arm-none-eabi/5.4.1/../../../../arm-none-eabi/lib/armv7-m\libc_nano.a(lib_a-nano-vfprintf_i.o)
                0x08006f70                _printf_common
 .text._printf_i
                0x0800705c      0x24c c:/users/hotwater/.p2/pool/plugins/fr.ac6.mcu.externaltools.arm-none.win32_1.13.2.201703061525/tools/compiler/bin/../lib/gcc/arm-none-eabi/5.4.1/../../../../arm-none-eabi/lib/armv7-m\libc_nano.a(lib_a-nano-vfprintf_i.o)
                0x0800705c                _printf_i
 .text.__ascii_wctomb
                0x080072a8       0x1a c:/users/hotwater/.p2/pool/plugins/fr.ac6.mcu.externaltools.arm-none.win32_1.13.2.201703061525/tools/compiler/bin/../lib/gcc/arm-none-eabi/5.4.1/../../../../arm-none-eabi/lib/armv7-m\libc_nano.a(lib_a-wctomb_r.o)
                0x080072a8                __ascii_wctomb
 .text.memchr   0x080072c2       0x1c c:/users/hotwater/.p2/pool/plugins/fr.ac6.mcu.externaltools.arm-none.win32_1.13.2.201703061525/tools/compiler/bin/../lib/gcc/arm-none-eabi/5.4.1/../../../../arm-none-eabi/lib/armv7-m\libc_nano.a(lib_a-memchr-stub.o)
                0x080072c2                memchr
 .text.memcpy   0x080072de       0x16 c:/users/hotwater/.p2/pool/plugins/fr.ac6.mcu.externaltools.arm-none.win32_1.13.2.201703061525/tools/compiler/bin/../lib/gcc/arm-none-eabi/5.4.1/../../../../arm-none-eabi/lib/armv7-m\libc_nano.a(lib_a-memcpy-stub.o)
                0x080072de                memcpy
 .text.memmove  0x080072f4       0x36 c:/users/hotwater/.p2/pool/plugins/fr.ac6.mcu.externaltools.arm-none.win32_1.13.2.201703061525/tools/compiler/bin/../lib/gcc/arm-none-eabi/5.4.1/../../../../arm-none-eabi/lib/armv7-m\libc_nano.a(lib_a-memmove.o)
                0x080072f4                memmove
 *fill*         0x0800732a        0x2 
 .text._free_r  0x0800732c       0x98 c:/users/hotwater/.p2/pool/plugins/fr.ac6.mcu.externaltools.arm-none.win32_1.13.2.201703061525/tools/compiler/bin/../lib/gcc/arm-none-eabi/5.4.1/../../../../arm-none-eabi/lib/armv7-m\libc_nano.a(lib_a-nano-freer.o)
                0x0800732c                _free_r
 .text._malloc_r
                0x080073c4       0xbc c:/users/hotwater/.p2/pool/plugins/fr.ac6.mcu.externaltools.arm-none.win32_1.13.2.201703061525/tools/compiler/bin/../lib/gcc/arm-none-eabi/5.4.1/../../../../arm-none-eabi/lib/armv7-m\libc_nano.a(lib_a-nano-mallocr.o)
                0x080073c4                _malloc_r
 .text._realloc_r
                0x08007480       0x4c c:/users/hotwater/.p2/pool/plugins/fr.ac6.mcu.externaltools.arm-none.win32_1.13.2.201703061525/tools/compiler/bin/../lib/gcc/arm-none-eabi/5.4.1/../../../../arm-none-eabi/lib/armv7-m\libc_nano.a(lib_a-nano-reallocr.o)
                0x08007480                _realloc_r
 .text._sbrk_r  0x080074cc       0x20 c:/users/hotwater/.p2/pool/plugins/fr.ac6.mcu.externaltools.arm-none.win32_1.13.2.201703061525/tools/compiler/bin/../lib/gcc/arm-none-eabi/5.4.1/../../../../arm-none-eabi/lib/armv7-m\libc_nano.a(lib_a-sbrkr.o)
                0x080074cc                _sbrk_r
 .text.__malloc_lock
                0x080074ec        0x2 c:/users/hotwater/.p2/pool/plugins/fr.ac6.mcu.externaltools.arm-none.win32_1.13.2.201703061525/tools/compiler/bin/../lib/gcc/arm-none-eabi/5.4.1/../../../../arm-none-eabi/lib/armv7-m\libc_nano.a(lib_a-mlock.o)
                0x080074ec                __malloc_lock
 .text.__malloc_unlock
                0x080074ee        0x2 c:/users/hotwater/.p2/pool/plugins/fr.ac6.mcu.externaltools.arm-none.win32_1.13.2.201703061525/tools/compiler/bin/../lib/gcc/arm-none-eabi/5.4.1/../../../../arm-none-eabi/lib/armv7-m\libc_nano.a(lib_a-mlock.o)
                0x080074ee                __malloc_unlock
 .text._malloc_usable_size_r
                0x080074f0       0x14 c:/users/hotwater/.p2/pool/plugins/fr.ac6.mcu.externaltools.arm-none.win32_1.13.2.201703061525/tools/compiler/bin/../lib/gcc/arm-none-eabi/5.4.1/../../../../arm-none-eabi/lib/armv7-m\libc_nano.a(lib_a-nano-msizer.o)
                0x080074f0                _malloc_usable_size_r
 .text._sbrk    0x08007504       0x1c c:/users/hotwater/.p2/pool/plugins/fr.ac6.mcu.externaltools.arm-none.win32_1.13.2.201703061525/tools/compiler/bin/../lib/gcc/arm-none-eabi/5.4.1/../../../../arm-none-eabi/lib/armv7-m\libnosys.a(sbrk.o)
                0x08007504                _sbrk
 *(.glue_7)
 .glue_7        0x08007520        0x0 linker stubs
 *(.glue_7t)
 .glue_7t       0x08007520        0x0 linker stubs
 *(.eh_frame)
 .eh_frame      0x08007520        0x0 c:/users/hotwater/.p2/pool/plugins/fr.ac6.mcu.externaltools.arm-none.win32_1.13.2.201703061525/tools/compiler/bin/../lib/gcc/arm-none-eabi/5.4.1/armv7-m/crtbegin.o
 *(.init)
 .init          0x08007520        0x4 c:/users/hotwater/.p2/pool/plugins/fr.ac6.mcu.externaltools.arm-none.win32_1.13.2.201703061525/tools/compiler/bin/../lib/gcc/arm-none-eabi/5.4.1/armv7-m/crti.o
                0x08007520                _init
 .init          0x08007524        0x8 c:/users/hotwater/.p2/pool/plugins/fr.ac6.mcu.externaltools.arm-none.win32_1.13.2.201703061525/tools/compiler/bin/../lib/gcc/arm-none-eabi/5.4.1/armv7-m/crtn.o
 *(.fini)
 .fini          0x0800752c        0x4 c:/users/hotwater/.p2/pool/plugins/fr.ac6.mcu.externaltools.arm-none.win32_1.13.2.201703061525/tools/compiler/bin/../lib/gcc/arm-none-eabi/5.4.1/armv7-m/crti.o
                0x0800752c                _fini
 .fini          0x08007530        0x8 c:/users/hotwater/.p2/pool/plugins/fr.ac6.mcu.externaltools.arm-none.win32_1.13.2.201703061525/tools/compiler/bin/../lib/gcc/arm-none-eabi/5.4.1/armv7-m/crtn.o
                0x08007538                . = ALIGN (0x4)
                0x08007538                _etext = .

.vfp11_veneer   0x08007538        0x0
 .vfp11_veneer  0x08007538        0x0 linker stubs

.v4_bx          0x08007538        0x0
 .v4_bx         0x08007538        0x0 linker stubs

.iplt           0x08007538        0x0
 .iplt          0x08007538        0x0 c:/users/hotwater/.p2/pool/plugins/fr.ac6.mcu.externaltools.arm-none.win32_1.13.2.201703061525/tools/compiler/bin/../lib/gcc/arm-none-eabi/5.4.1/armv7-m/crtbegin.o

.rodata         0x08007538      0x2f0
                0x08007538                . = ALIGN (0x4)
 *(.rodata)
 .rodata        0x08007538       0x12 Drivers/STM32F1xx_HAL_Driver/Src/stm32f1xx_hal_rcc.o
 *fill*         0x0800754a        0x2 
 .rodata        0x0800754c       0x12 Drivers/STM32F1xx_HAL_Driver/Src/stm32f1xx_hal_rcc_ex.o
 *fill*         0x0800755e        0x2 
 .rodata        0x08007560       0x18 Src/system_stm32f1xx.o
                0x08007560                AHBPrescTable
                0x08007570                APBPrescTable
 .rodata        0x08007578       0xb4 Src/decadriver/deca_params_init.o
                0x08007578                lde_replicaCoeff
                0x080075ac                digital_bb_config
                0x080075cc                dtune1
                0x080075d0                sftsh
                0x080075dc                dwnsSFDlen
                0x080075e0                agc_config
                0x080075e8                rx_config
                0x080075ec                fs_pll_tune
                0x080075f4                fs_pll_cfg
                0x0800760c                tx_config
                0x08007624                chan_idx
 .rodata        0x0800762c       0x30 UWB/Pos_functions.o
 *(.rodata*)
 .rodata.str1.4
                0x0800765c       0x32 Src/main.o
 *fill*         0x0800768e        0x2 
 .rodata.str1.4
                0x08007690       0x58 Src/usbd_desc.o
                                 0x56 (size before relaxing)
 .rodata.str1.1
                0x080076e8        0xa c:/users/hotwater/.p2/pool/plugins/fr.ac6.mcu.externaltools.arm-none.win32_1.13.2.201703061525/tools/compiler/bin/../lib/gcc/arm-none-eabi/5.4.1/../../../../arm-none-eabi/lib/armv7-m\libc_nano.a(lib_a-locale.o)
                                  0xb (size before relaxing)
 .rodata.str1.1
                0x080076f2       0x11 c:/users/hotwater/.p2/pool/plugins/fr.ac6.mcu.externaltools.arm-none.win32_1.13.2.201703061525/tools/compiler/bin/../lib/gcc/arm-none-eabi/5.4.1/../../../../arm-none-eabi/lib/armv7-m\libc_nano.a(lib_a-nano-svfprintf.o)
 .rodata.str1.1
                0x08007703       0x22 c:/users/hotwater/.p2/pool/plugins/fr.ac6.mcu.externaltools.arm-none.win32_1.13.2.201703061525/tools/compiler/bin/../lib/gcc/arm-none-eabi/5.4.1/../../../../arm-none-eabi/lib/armv7-m\libc_nano.a(lib_a-nano-vfprintf_i.o)
 .rodata._ctype_
                0x08007725      0x101 c:/users/hotwater/.p2/pool/plugins/fr.ac6.mcu.externaltools.arm-none.win32_1.13.2.201703061525/tools/compiler/bin/../lib/gcc/arm-none-eabi/5.4.1/../../../../arm-none-eabi/lib/armv7-m\libc_nano.a(lib_a-ctype_.o)
                0x08007725                _ctype_
                0x08007828                . = ALIGN (0x4)
 *fill*         0x08007826        0x2 

.rel.dyn        0x08007828        0x0
 .rel.iplt      0x08007828        0x0 c:/users/hotwater/.p2/pool/plugins/fr.ac6.mcu.externaltools.arm-none.win32_1.13.2.201703061525/tools/compiler/bin/../lib/gcc/arm-none-eabi/5.4.1/armv7-m/crtbegin.o

.ARM.extab
 *(.ARM.extab* .gnu.linkonce.armextab.*)

.ARM            0x08007828        0x0
                0x08007828                __exidx_start = .
 *(.ARM.exidx*)
                0x08007828                __exidx_end = .

.preinit_array  0x08007828        0x0
                0x08007828                PROVIDE (__preinit_array_start, .)
 *(.preinit_array*)
                0x08007828                PROVIDE (__preinit_array_end, .)

.init_array     0x08007828        0x4
                0x08007828                PROVIDE (__init_array_start, .)
 *(SORT(.init_array.*))
 *(.init_array*)
 .init_array    0x08007828        0x4 c:/users/hotwater/.p2/pool/plugins/fr.ac6.mcu.externaltools.arm-none.win32_1.13.2.201703061525/tools/compiler/bin/../lib/gcc/arm-none-eabi/5.4.1/armv7-m/crtbegin.o
                0x0800782c                PROVIDE (__init_array_end, .)

.fini_array     0x0800782c        0x4
                [!provide]                PROVIDE (__fini_array_start, .)
 *(SORT(.fini_array.*))
 *(.fini_array*)
 .fini_array    0x0800782c        0x4 c:/users/hotwater/.p2/pool/plugins/fr.ac6.mcu.externaltools.arm-none.win32_1.13.2.201703061525/tools/compiler/bin/../lib/gcc/arm-none-eabi/5.4.1/armv7-m/crtbegin.o
                [!provide]                PROVIDE (__fini_array_end, .)
                0x08007830                _sidata = LOADADDR (.data)

.data           0x20000000      0x368 load address 0x08007830
                0x20000000                . = ALIGN (0x4)
                0x20000000                _sdata = .
 *(.data)
 .data          0x20000000        0x8 Drivers/STM32F1xx_HAL_Driver/Src/stm32f1xx_hal.o
                0x20000000                uwTickFreq
                0x20000004                uwTickPrio
 .data          0x20000008      0x110 Middlewares/ST/STM32_USB_Device_Library/Class/CDC/Src/usbd_cdc.o
                0x20000008                USBD_CDC_CfgFSDesc
                0x2000004c                USBD_CDC_CfgHSDesc
                0x20000090                USBD_CDC_OtherSpeedCfgDesc
                0x200000e0                USBD_CDC
 .data          0x20000118        0x4 Src/system_stm32f1xx.o
                0x20000118                SystemCoreClock
 .data          0x2000011c       0x10 Src/usbd_cdc_if.o
                0x2000011c                USBD_Interface_fops_FS
 .data          0x2000012c       0x34 Src/usbd_desc.o
                0x2000012c                USBD_FS_DeviceDesc
                0x20000140                USBD_LangIDDesc
                0x20000144                FS_Desc
 .data          0x20000160        0x4 Src/decadriver/deca_device.o
 .data          0x20000164       0x34 UWB/Pos_functions.o
 *(.data*)
 .data.impure_data
                0x20000198       0x60 c:/users/hotwater/.p2/pool/plugins/fr.ac6.mcu.externaltools.arm-none.win32_1.13.2.201703061525/tools/compiler/bin/../lib/gcc/arm-none-eabi/5.4.1/../../../../arm-none-eabi/lib/armv7-m\libc_nano.a(lib_a-impure.o)
 .data._impure_ptr
                0x200001f8        0x4 c:/users/hotwater/.p2/pool/plugins/fr.ac6.mcu.externaltools.arm-none.win32_1.13.2.201703061525/tools/compiler/bin/../lib/gcc/arm-none-eabi/5.4.1/../../../../arm-none-eabi/lib/armv7-m\libc_nano.a(lib_a-impure.o)
                0x200001f8                _impure_ptr
 .data.__global_locale
                0x200001fc      0x16c c:/users/hotwater/.p2/pool/plugins/fr.ac6.mcu.externaltools.arm-none.win32_1.13.2.201703061525/tools/compiler/bin/../lib/gcc/arm-none-eabi/5.4.1/../../../../arm-none-eabi/lib/armv7-m\libc_nano.a(lib_a-locale.o)
                0x200001fc                __global_locale
                0x20000368                . = ALIGN (0x4)
                0x20000368                _edata = .

.jcr            0x20000368        0x0 load address 0x08007b98
 .jcr           0x20000368        0x0 c:/users/hotwater/.p2/pool/plugins/fr.ac6.mcu.externaltools.arm-none.win32_1.13.2.201703061525/tools/compiler/bin/../lib/gcc/arm-none-eabi/5.4.1/armv7-m/crtbegin.o

.igot.plt       0x20000368        0x0 load address 0x08007b98
 .igot.plt      0x20000368        0x0 c:/users/hotwater/.p2/pool/plugins/fr.ac6.mcu.externaltools.arm-none.win32_1.13.2.201703061525/tools/compiler/bin/../lib/gcc/arm-none-eabi/5.4.1/armv7-m/crtbegin.o
                0x20000368                . = ALIGN (0x4)

.bss            0x20000368     0x1664 load address 0x08007b98
                0x20000368                _sbss = .
                0x20000368                __bss_start__ = _sbss
 *(.bss)
 .bss           0x20000368       0x1c c:/users/hotwater/.p2/pool/plugins/fr.ac6.mcu.externaltools.arm-none.win32_1.13.2.201703061525/tools/compiler/bin/../lib/gcc/arm-none-eabi/5.4.1/armv7-m/crtbegin.o
 .bss           0x20000384        0x1 Middlewares/ST/STM32_USB_Device_Library/Class/CDC/Src/usbd_cdc.o
 .bss           0x20000385        0x1 Middlewares/ST/STM32_USB_Device_Library/Core/Src/usbd_ctlreq.o
 *fill*         0x20000386        0x2 
 .bss           0x20000388       0x38 Src/main.o
                0x20000388                deviceID
                0x2000038c                usbRxFlag
                0x20000390                debugTimer
                0x20000394                TPH_state
                0x20000395                transmitEnable
                0x20000396                distCnt
                0x20000398                distanceAccu64
                0x200003a0                distanceAvg64
                0x200003a8                distanceAvg
                0x200003b0                distanceAccu
                0x200003b8                debugCmd
                0x200003bc                debugMsg
 .bss           0x200003c0      0x220 Src/usbd_conf.o
 .bss           0x200005e0       0x38 Src/decadriver/deca_device.o
 .bss           0x20000618        0x8 Src/platform/port.o
                0x20000618                port_deca_isr
 .bss           0x20000620       0x30 UWB/Pos_functions.o
 *(.bss*)
 .bss.__malloc_sbrk_start
                0x20000650        0x4 c:/users/hotwater/.p2/pool/plugins/fr.ac6.mcu.externaltools.arm-none.win32_1.13.2.201703061525/tools/compiler/bin/../lib/gcc/arm-none-eabi/5.4.1/../../../../arm-none-eabi/lib/armv7-m\libc_nano.a(lib_a-nano-mallocr.o)
                0x20000650                __malloc_sbrk_start
 .bss.__malloc_free_list
                0x20000654        0x4 c:/users/hotwater/.p2/pool/plugins/fr.ac6.mcu.externaltools.arm-none.win32_1.13.2.201703061525/tools/compiler/bin/../lib/gcc/arm-none-eabi/5.4.1/../../../../arm-none-eabi/lib/armv7-m\libc_nano.a(lib_a-nano-mallocr.o)
                0x20000654                __malloc_free_list
 .bss.heap_end.4167
                0x20000658        0x4 c:/users/hotwater/.p2/pool/plugins/fr.ac6.mcu.externaltools.arm-none.win32_1.13.2.201703061525/tools/compiler/bin/../lib/gcc/arm-none-eabi/5.4.1/../../../../arm-none-eabi/lib/armv7-m\libnosys.a(sbrk.o)
 *(COMMON)
 COMMON         0x2000065c        0x4 Drivers/STM32F1xx_HAL_Driver/Src/stm32f1xx_hal.o
                0x2000065c                uwTick
 COMMON         0x20000660      0x170 Src/config.o
                0x20000660                hspi2
                0x200006b8                huart3
                0x200006f8                hi2c1
                0x2000074c                hadc1
                0x2000077c                hrtc
                0x20000790                htim2
 COMMON         0x200007d0      0x1a4 Src/main.o
                0x200007d0                rxdiag
                0x200007e0                b
                0x200007e4                oldTxDelay
                0x200007e8                whoamI
                0x200007ec                TPHdata
                0x200007f8                accel
                0x20000800                globalUWBData
                0x20000820                testTagDist
                0x20000828                intBuf
                0x2000088c                gyro
                0x20000894                c
                0x20000898                globalTof
                0x200008a0                result32
                0x200008a8                globalDistance
                0x200008b0                d
                0x200008b4                newTxDelay
                0x200008b8                intBufAux
                0x200008ec                TPHdevice
                0x2000092c                IMU_Readout
                0x20000940                a
                0x20000944                mag
                0x2000094c                usbRxBuffer
 COMMON         0x20000974      0x224 Src/usb_device.o
                0x20000974                hUsbDeviceFS
 COMMON         0x20000b98      0x7d0 Src/usbd_cdc_if.o
                0x20000b98                UserRxBufferFS
                0x20000f80                UserTxBufferFS
 COMMON         0x20001368      0x460 Src/usbd_conf.o
                0x20001368                hpcd_USB_FS
 COMMON         0x200017c8      0x200 Src/usbd_desc.o
                0x200017c8                USBD_StrDesc
 COMMON         0x200019c8        0x4 c:/users/hotwater/.p2/pool/plugins/fr.ac6.mcu.externaltools.arm-none.win32_1.13.2.201703061525/tools/compiler/bin/../lib/gcc/arm-none-eabi/5.4.1/../../../../arm-none-eabi/lib/armv7-m\libc_nano.a(lib_a-reent.o)
                0x200019c8                errno
                0x200019cc                . = ALIGN (0x4)
                0x200019cc                _ebss = .
                0x200019cc                __bss_end__ = _ebss

._user_heap_stack
                0x200019cc      0x604 load address 0x08007b98
                0x200019d0                . = ALIGN (0x8)
 *fill*         0x200019cc        0x4 
                0x200019d0                PROVIDE (end, .)
                [!provide]                PROVIDE (_end, .)
                0x20001bd0                . = (. + _Min_Heap_Size)
 *fill*         0x200019d0      0x200 
                0x20001fd0                . = (. + _Min_Stack_Size)
 *fill*         0x20001bd0      0x400 
                0x20001fd0                . = ALIGN (0x8)

/DISCARD/
 libc.a(*)
 libm.a(*)
 libgcc.a(*)

.ARM.attributes
                0x00000000       0x29
 *(.ARM.attributes)
 .ARM.attributes
                0x00000000       0x1d c:/users/hotwater/.p2/pool/plugins/fr.ac6.mcu.externaltools.arm-none.win32_1.13.2.201703061525/tools/compiler/bin/../lib/gcc/arm-none-eabi/5.4.1/armv7-m/crti.o
 .ARM.attributes
                0x0000001d       0x2d c:/users/hotwater/.p2/pool/plugins/fr.ac6.mcu.externaltools.arm-none.win32_1.13.2.201703061525/tools/compiler/bin/../lib/gcc/arm-none-eabi/5.4.1/armv7-m/crtbegin.o
 .ARM.attributes
                0x0000004a       0x33 Drivers/STM32F1xx_HAL_Driver/Src/stm32f1xx_hal.o
 .ARM.attributes
                0x0000007d       0x33 Drivers/STM32F1xx_HAL_Driver/Src/stm32f1xx_hal_adc.o
 .ARM.attributes
                0x000000b0       0x33 Drivers/STM32F1xx_HAL_Driver/Src/stm32f1xx_hal_cortex.o
 .ARM.attributes
                0x000000e3       0x33 Drivers/STM32F1xx_HAL_Driver/Src/stm32f1xx_hal_dma.o
 .ARM.attributes
                0x00000116       0x33 Drivers/STM32F1xx_HAL_Driver/Src/stm32f1xx_hal_gpio.o
 .ARM.attributes
                0x00000149       0x33 Drivers/STM32F1xx_HAL_Driver/Src/stm32f1xx_hal_i2c.o
 .ARM.attributes
                0x0000017c       0x33 Drivers/STM32F1xx_HAL_Driver/Src/stm32f1xx_hal_pcd.o
 .ARM.attributes
                0x000001af       0x33 Drivers/STM32F1xx_HAL_Driver/Src/stm32f1xx_hal_pcd_ex.o
 .ARM.attributes
                0x000001e2       0x33 Drivers/STM32F1xx_HAL_Driver/Src/stm32f1xx_hal_pwr.o
 .ARM.attributes
                0x00000215       0x33 Drivers/STM32F1xx_HAL_Driver/Src/stm32f1xx_hal_rcc.o
 .ARM.attributes
                0x00000248       0x33 Drivers/STM32F1xx_HAL_Driver/Src/stm32f1xx_hal_rcc_ex.o
 .ARM.attributes
                0x0000027b       0x33 Drivers/STM32F1xx_HAL_Driver/Src/stm32f1xx_hal_rtc.o
 .ARM.attributes
                0x000002ae       0x33 Drivers/STM32F1xx_HAL_Driver/Src/stm32f1xx_hal_rtc_ex.o
 .ARM.attributes
                0x000002e1       0x33 Drivers/STM32F1xx_HAL_Driver/Src/stm32f1xx_hal_spi.o
 .ARM.attributes
                0x00000314       0x33 Drivers/STM32F1xx_HAL_Driver/Src/stm32f1xx_hal_spi_ex.o
 .ARM.attributes
                0x00000347       0x33 Drivers/STM32F1xx_HAL_Driver/Src/stm32f1xx_hal_tim.o
 .ARM.attributes
                0x0000037a       0x33 Drivers/STM32F1xx_HAL_Driver/Src/stm32f1xx_hal_tim_ex.o
 .ARM.attributes
                0x000003ad       0x33 Drivers/STM32F1xx_HAL_Driver/Src/stm32f1xx_hal_uart.o
 .ARM.attributes
                0x000003e0       0x33 Drivers/STM32F1xx_HAL_Driver/Src/stm32f1xx_ll_usb.o
 .ARM.attributes
                0x00000413       0x33 Middlewares/ST/STM32_USB_Device_Library/Class/CDC/Src/usbd_cdc.o
 .ARM.attributes
                0x00000446       0x33 Middlewares/ST/STM32_USB_Device_Library/Core/Src/usbd_core.o
 .ARM.attributes
                0x00000479       0x33 Middlewares/ST/STM32_USB_Device_Library/Core/Src/usbd_ctlreq.o
 .ARM.attributes
                0x000004ac       0x33 Middlewares/ST/STM32_USB_Device_Library/Core/Src/usbd_ioreq.o
 .ARM.attributes
                0x000004df       0x33 Src/config.o
 .ARM.attributes
                0x00000512       0x33 Src/main.o
 .ARM.attributes
                0x00000545       0x33 Src/stm32f1xx_hal_msp.o
 .ARM.attributes
                0x00000578       0x33 Src/stm32f1xx_it.o
 .ARM.attributes
                0x000005ab       0x33 Src/system_stm32f1xx.o
 .ARM.attributes
                0x000005de       0x33 Src/usb_device.o
 .ARM.attributes
                0x00000611       0x33 Src/usbd_cdc_if.o
 .ARM.attributes
                0x00000644       0x33 Src/usbd_conf.o
 .ARM.attributes
                0x00000677       0x33 Src/usbd_desc.o
 .ARM.attributes
                0x000006aa       0x33 Src/decadriver/deca_device.o
 .ARM.attributes
                0x000006dd       0x33 Src/decadriver/deca_params_init.o
 .ARM.attributes
                0x00000710       0x33 Src/platform/deca_mutex.o
 .ARM.attributes
                0x00000743       0x33 Src/platform/deca_sleep.o
 .ARM.attributes
                0x00000776       0x33 Src/platform/deca_spi.o
 .ARM.attributes
                0x000007a9       0x33 Src/platform/port.o
 .ARM.attributes
                0x000007dc       0x33 UWB/Pos_functions.o
 .ARM.attributes
                0x0000080f       0x21 startup/startup_stm32f103xb.o
 .ARM.attributes
                0x00000830       0x2d c:/users/hotwater/.p2/pool/plugins/fr.ac6.mcu.externaltools.arm-none.win32_1.13.2.201703061525/tools/compiler/bin/../lib/gcc/arm-none-eabi/5.4.1/../../../../arm-none-eabi/lib/armv7-m\libc_nano.a(lib_a-atoi.o)
 .ARM.attributes
                0x0000085d       0x2d c:/users/hotwater/.p2/pool/plugins/fr.ac6.mcu.externaltools.arm-none.win32_1.13.2.201703061525/tools/compiler/bin/../lib/gcc/arm-none-eabi/5.4.1/../../../../arm-none-eabi/lib/armv7-m\libc_nano.a(lib_a-impure.o)
 .ARM.attributes
                0x0000088a       0x2d c:/users/hotwater/.p2/pool/plugins/fr.ac6.mcu.externaltools.arm-none.win32_1.13.2.201703061525/tools/compiler/bin/../lib/gcc/arm-none-eabi/5.4.1/../../../../arm-none-eabi/lib/armv7-m\libc_nano.a(lib_a-init.o)
 .ARM.attributes
                0x000008b7       0x2d c:/users/hotwater/.p2/pool/plugins/fr.ac6.mcu.externaltools.arm-none.win32_1.13.2.201703061525/tools/compiler/bin/../lib/gcc/arm-none-eabi/5.4.1/../../../../arm-none-eabi/lib/armv7-m\libc_nano.a(lib_a-memcmp.o)
 .ARM.attributes
                0x000008e4       0x2d c:/users/hotwater/.p2/pool/plugins/fr.ac6.mcu.externaltools.arm-none.win32_1.13.2.201703061525/tools/compiler/bin/../lib/gcc/arm-none-eabi/5.4.1/../../../../arm-none-eabi/lib/armv7-m\libc_nano.a(lib_a-memset.o)
 .ARM.attributes
                0x00000911       0x2d c:/users/hotwater/.p2/pool/plugins/fr.ac6.mcu.externaltools.arm-none.win32_1.13.2.201703061525/tools/compiler/bin/../lib/gcc/arm-none-eabi/5.4.1/../../../../arm-none-eabi/lib/armv7-m\libc_nano.a(lib_a-sprintf.o)
 .ARM.attributes
                0x0000093e       0x2d c:/users/hotwater/.p2/pool/plugins/fr.ac6.mcu.externaltools.arm-none.win32_1.13.2.201703061525/tools/compiler/bin/../lib/gcc/arm-none-eabi/5.4.1/../../../../arm-none-eabi/lib/armv7-m\libc_nano.a(lib_a-strlcpy.o)
 .ARM.attributes
                0x0000096b       0x2d c:/users/hotwater/.p2/pool/plugins/fr.ac6.mcu.externaltools.arm-none.win32_1.13.2.201703061525/tools/compiler/bin/../lib/gcc/arm-none-eabi/5.4.1/../../../../arm-none-eabi/lib/armv7-m\libc_nano.a(lib_a-strtol.o)
 .ARM.attributes
                0x00000998       0x2d c:/users/hotwater/.p2/pool/plugins/fr.ac6.mcu.externaltools.arm-none.win32_1.13.2.201703061525/tools/compiler/bin/../lib/gcc/arm-none-eabi/5.4.1/../../../../arm-none-eabi/lib/armv7-m\libc_nano.a(lib_a-locale.o)
 .ARM.attributes
                0x000009c5       0x2d c:/users/hotwater/.p2/pool/plugins/fr.ac6.mcu.externaltools.arm-none.win32_1.13.2.201703061525/tools/compiler/bin/../lib/gcc/arm-none-eabi/5.4.1/../../../../arm-none-eabi/lib/armv7-m\libc_nano.a(lib_a-mbtowc_r.o)
 .ARM.attributes
                0x000009f2       0x2d c:/users/hotwater/.p2/pool/plugins/fr.ac6.mcu.externaltools.arm-none.win32_1.13.2.201703061525/tools/compiler/bin/../lib/gcc/arm-none-eabi/5.4.1/../../../../arm-none-eabi/lib/armv7-m\libc_nano.a(lib_a-nano-svfprintf.o)
 .ARM.attributes
                0x00000a1f       0x2d c:/users/hotwater/.p2/pool/plugins/fr.ac6.mcu.externaltools.arm-none.win32_1.13.2.201703061525/tools/compiler/bin/../lib/gcc/arm-none-eabi/5.4.1/../../../../arm-none-eabi/lib/armv7-m\libc_nano.a(lib_a-nano-vfprintf_i.o)
 .ARM.attributes
                0x00000a4c       0x2d c:/users/hotwater/.p2/pool/plugins/fr.ac6.mcu.externaltools.arm-none.win32_1.13.2.201703061525/tools/compiler/bin/../lib/gcc/arm-none-eabi/5.4.1/../../../../arm-none-eabi/lib/armv7-m\libc_nano.a(lib_a-wctomb_r.o)
 .ARM.attributes
                0x00000a79       0x2d c:/users/hotwater/.p2/pool/plugins/fr.ac6.mcu.externaltools.arm-none.win32_1.13.2.201703061525/tools/compiler/bin/../lib/gcc/arm-none-eabi/5.4.1/../../../../arm-none-eabi/lib/armv7-m\libc_nano.a(lib_a-ctype_.o)
 .ARM.attributes
                0x00000aa6       0x2d c:/users/hotwater/.p2/pool/plugins/fr.ac6.mcu.externaltools.arm-none.win32_1.13.2.201703061525/tools/compiler/bin/../lib/gcc/arm-none-eabi/5.4.1/../../../../arm-none-eabi/lib/armv7-m\libc_nano.a(lib_a-memchr-stub.o)
 .ARM.attributes
                0x00000ad3       0x2d c:/users/hotwater/.p2/pool/plugins/fr.ac6.mcu.externaltools.arm-none.win32_1.13.2.201703061525/tools/compiler/bin/../lib/gcc/arm-none-eabi/5.4.1/../../../../arm-none-eabi/lib/armv7-m\libc_nano.a(lib_a-memcpy-stub.o)
 .ARM.attributes
                0x00000b00       0x2d c:/users/hotwater/.p2/pool/plugins/fr.ac6.mcu.externaltools.arm-none.win32_1.13.2.201703061525/tools/compiler/bin/../lib/gcc/arm-none-eabi/5.4.1/../../../../arm-none-eabi/lib/armv7-m\libc_nano.a(lib_a-memmove.o)
 .ARM.attributes
                0x00000b2d       0x2d c:/users/hotwater/.p2/pool/plugins/fr.ac6.mcu.externaltools.arm-none.win32_1.13.2.201703061525/tools/compiler/bin/../lib/gcc/arm-none-eabi/5.4.1/../../../../arm-none-eabi/lib/armv7-m\libc_nano.a(lib_a-nano-freer.o)
 .ARM.attributes
                0x00000b5a       0x2d c:/users/hotwater/.p2/pool/plugins/fr.ac6.mcu.externaltools.arm-none.win32_1.13.2.201703061525/tools/compiler/bin/../lib/gcc/arm-none-eabi/5.4.1/../../../../arm-none-eabi/lib/armv7-m\libc_nano.a(lib_a-nano-mallocr.o)
 .ARM.attributes
                0x00000b87       0x2d c:/users/hotwater/.p2/pool/plugins/fr.ac6.mcu.externaltools.arm-none.win32_1.13.2.201703061525/tools/compiler/bin/../lib/gcc/arm-none-eabi/5.4.1/../../../../arm-none-eabi/lib/armv7-m\libc_nano.a(lib_a-nano-reallocr.o)
 .ARM.attributes
                0x00000bb4       0x2d c:/users/hotwater/.p2/pool/plugins/fr.ac6.mcu.externaltools.arm-none.win32_1.13.2.201703061525/tools/compiler/bin/../lib/gcc/arm-none-eabi/5.4.1/../../../../arm-none-eabi/lib/armv7-m\libc_nano.a(lib_a-sbrkr.o)
 .ARM.attributes
                0x00000be1       0x2d c:/users/hotwater/.p2/pool/plugins/fr.ac6.mcu.externaltools.arm-none.win32_1.13.2.201703061525/tools/compiler/bin/../lib/gcc/arm-none-eabi/5.4.1/../../../../arm-none-eabi/lib/armv7-m\libc_nano.a(lib_a-mlock.o)
 .ARM.attributes
                0x00000c0e       0x2d c:/users/hotwater/.p2/pool/plugins/fr.ac6.mcu.externaltools.arm-none.win32_1.13.2.201703061525/tools/compiler/bin/../lib/gcc/arm-none-eabi/5.4.1/../../../../arm-none-eabi/lib/armv7-m\libc_nano.a(lib_a-nano-msizer.o)
 .ARM.attributes
                0x00000c3b       0x2d c:/users/hotwater/.p2/pool/plugins/fr.ac6.mcu.externaltools.arm-none.win32_1.13.2.201703061525/tools/compiler/bin/../lib/gcc/arm-none-eabi/5.4.1/../../../../arm-none-eabi/lib/armv7-m\libc_nano.a(lib_a-reent.o)
 .ARM.attributes
                0x00000c68       0x2d c:/users/hotwater/.p2/pool/plugins/fr.ac6.mcu.externaltools.arm-none.win32_1.13.2.201703061525/tools/compiler/bin/../lib/gcc/arm-none-eabi/5.4.1/../../../../arm-none-eabi/lib/armv7-m\libnosys.a(sbrk.o)
 .ARM.attributes
                0x00000c95       0x1d c:/users/hotwater/.p2/pool/plugins/fr.ac6.mcu.externaltools.arm-none.win32_1.13.2.201703061525/tools/compiler/bin/../lib/gcc/arm-none-eabi/5.4.1/armv7-m/crtn.o
OUTPUT(DW_Prime.elf elf32-littlearm)

.debug_info     0x00000000    0x2eb6a
 .debug_info    0x00000000      0x730 Drivers/STM32F1xx_HAL_Driver/Src/stm32f1xx_hal.o
 .debug_info    0x00000730      0xdb7 Drivers/STM32F1xx_HAL_Driver/Src/stm32f1xx_hal_adc.o
 .debug_info    0x000014e7      0xc2a Drivers/STM32F1xx_HAL_Driver/Src/stm32f1xx_hal_cortex.o
 .debug_info    0x00002111      0x7be Drivers/STM32F1xx_HAL_Driver/Src/stm32f1xx_hal_dma.o
 .debug_info    0x000028cf      0x604 Drivers/STM32F1xx_HAL_Driver/Src/stm32f1xx_hal_gpio.o
 .debug_info    0x00002ed3     0x2f44 Drivers/STM32F1xx_HAL_Driver/Src/stm32f1xx_hal_i2c.o
 .debug_info    0x00005e17     0x1173 Drivers/STM32F1xx_HAL_Driver/Src/stm32f1xx_hal_pcd.o
 .debug_info    0x00006f8a      0x5a4 Drivers/STM32F1xx_HAL_Driver/Src/stm32f1xx_hal_pcd_ex.o
 .debug_info    0x0000752e      0x6f9 Drivers/STM32F1xx_HAL_Driver/Src/stm32f1xx_hal_pwr.o
 .debug_info    0x00007c27      0x9d9 Drivers/STM32F1xx_HAL_Driver/Src/stm32f1xx_hal_rcc.o
 .debug_info    0x00008600      0x416 Drivers/STM32F1xx_HAL_Driver/Src/stm32f1xx_hal_rcc_ex.o
 .debug_info    0x00008a16     0x1139 Drivers/STM32F1xx_HAL_Driver/Src/stm32f1xx_hal_rtc.o
 .debug_info    0x00009b4f      0x72c Drivers/STM32F1xx_HAL_Driver/Src/stm32f1xx_hal_rtc_ex.o
 .debug_info    0x0000a27b     0x192c Drivers/STM32F1xx_HAL_Driver/Src/stm32f1xx_hal_spi.o
 .debug_info    0x0000bba7      0x5c2 Drivers/STM32F1xx_HAL_Driver/Src/stm32f1xx_hal_spi_ex.o
 .debug_info    0x0000c169     0x2de0 Drivers/STM32F1xx_HAL_Driver/Src/stm32f1xx_hal_tim.o
 .debug_info    0x0000ef49     0x1224 Drivers/STM32F1xx_HAL_Driver/Src/stm32f1xx_hal_tim_ex.o
 .debug_info    0x0001016d     0x1611 Drivers/STM32F1xx_HAL_Driver/Src/stm32f1xx_hal_uart.o
 .debug_info    0x0001177e      0xef9 Drivers/STM32F1xx_HAL_Driver/Src/stm32f1xx_ll_usb.o
 .debug_info    0x00012677      0xd03 Middlewares/ST/STM32_USB_Device_Library/Class/CDC/Src/usbd_cdc.o
 .debug_info    0x0001337a      0xc3e Middlewares/ST/STM32_USB_Device_Library/Core/Src/usbd_core.o
 .debug_info    0x00013fb8      0xdf7 Middlewares/ST/STM32_USB_Device_Library/Core/Src/usbd_ctlreq.o
 .debug_info    0x00014daf      0x761 Middlewares/ST/STM32_USB_Device_Library/Core/Src/usbd_ioreq.o
 .debug_info    0x00015510     0x19f4 Src/config.o
 .debug_info    0x00016f04     0xaaa1 Src/main.o
 .debug_info    0x000219a5     0x18cc Src/stm32f1xx_hal_msp.o
 .debug_info    0x00023271     0x1117 Src/stm32f1xx_it.o
 .debug_info    0x00024388      0x3e7 Src/system_stm32f1xx.o
 .debug_info    0x0002476f      0x612 Src/usb_device.o
 .debug_info    0x00024d81      0x8a0 Src/usbd_cdc_if.o
 .debug_info    0x00025621     0x17de Src/usbd_conf.o
 .debug_info    0x00026dff      0x4cb Src/usbd_desc.o
 .debug_info    0x000272ca     0x4054 Src/decadriver/deca_device.o
 .debug_info    0x0002b31e      0x273 Src/decadriver/deca_params_init.o
 .debug_info    0x0002b591      0x15d Src/platform/deca_mutex.o
 .debug_info    0x0002b6ee      0x10c Src/platform/deca_sleep.o
 .debug_info    0x0002b7fa      0x89b Src/platform/deca_spi.o
 .debug_info    0x0002c095      0xf8b Src/platform/port.o
 .debug_info    0x0002d020     0x1ad2 UWB/Pos_functions.o
 .debug_info    0x0002eaf2       0x78 startup/startup_stm32f103xb.o

.debug_abbrev   0x00000000     0x4e24
 .debug_abbrev  0x00000000      0x1f2 Drivers/STM32F1xx_HAL_Driver/Src/stm32f1xx_hal.o
 .debug_abbrev  0x000001f2      0x1df Drivers/STM32F1xx_HAL_Driver/Src/stm32f1xx_hal_adc.o
 .debug_abbrev  0x000003d1      0x2d6 Drivers/STM32F1xx_HAL_Driver/Src/stm32f1xx_hal_cortex.o
 .debug_abbrev  0x000006a7      0x1fe Drivers/STM32F1xx_HAL_Driver/Src/stm32f1xx_hal_dma.o
 .debug_abbrev  0x000008a5      0x1ca Drivers/STM32F1xx_HAL_Driver/Src/stm32f1xx_hal_gpio.o
 .debug_abbrev  0x00000a6f      0x241 Drivers/STM32F1xx_HAL_Driver/Src/stm32f1xx_hal_i2c.o
 .debug_abbrev  0x00000cb0      0x289 Drivers/STM32F1xx_HAL_Driver/Src/stm32f1xx_hal_pcd.o
 .debug_abbrev  0x00000f39      0x16b Drivers/STM32F1xx_HAL_Driver/Src/stm32f1xx_hal_pcd_ex.o