core_cm3.h:1452:22:NVIC_EnableIRQ	0	static
core_cm3.h:1463:22:NVIC_DisableIRQ	0	static
port.c:51:1:portGetTickCnt	8	static
port.c:61:5:usleep	24	static,ignoring_inline_asm
port.c:82:1:Sleep	16	static
port.c:101:5:peripherals_init	4	static
port.c:130:10:EXTI_GetITEnStatus	16	static
port.c:153:6:reset_DW1000	24	static
port.c:182:6:setup_DW1000RSTnIRQ	32	static
port.c:217:5:port_is_boot1_low	8	static
port.c:226:5:port_is_boot1_on	16	static
port.c:313:6:port_wakeup_dw1000	8	static
port.c:326:6:port_wakeup_dw1000_fast	16	static
port.c:359:6:port_set_dw1000_slowrate	8	static
port.c:369:6:port_set_dw1000_fastrate	8	static
port.c:427:6:HAL_GPIO_EXTI_Callback	16	static
port.c:447:15:process_deca_irq	8	static
port.c:462:15:port_DisableEXT_IRQ	8	static
port.c:471:15:port_EnableEXT_IRQ	8	static
port.c:480:19:port_GetEXT_IRQStatus	8	static
port.c:489:19:port_CheckEXT_IRQ	8	static
port.c:648:6:port_set_deca_isr	24	static
