bme280.c:887:13:fill_filter_settings	0	static
bme280.c:896:13:fill_standby_settings	0	static
bme280.c:905:13:fill_osr_press_settings	0	static
bme280.c:914:13:fill_osr_temp_settings	0	static
bme280.c:924:13:parse_device_settings	0	static
bme280.c:1121:16:compensate_temperature	4	static
bme280.c:1154:17:compensate_pressure	48	static
bme280.c:1263:17:compensate_humidity	4	static
bme280.c:1338:13:interleave_reg_addr	12	static
bme280.c:1353:13:parse_temp_press_calib_data	0	static
bme280.c:1376:13:parse_humidity_calib_data	0	static
bme280.c:1399:16:are_settings_changed	0	static
bme280.c:1421:15:null_ptr_check	0	static
bme280_selftest.c:127:16:crc_calculate	16	static
platform_I2C.c:14:6:TPH_I2C_Init	8	static
platform_I2C.c:22:6:TPH_Delay	8	static
platform_I2C.c:29:8:TPH_I2C_Read	24	static
platform_I2C.c:40:8:TPH_I2C_Write	24	static
platform_I2C.c:50:6:IMU_I2C_Init	8	static
platform_I2C.c:58:9:IMU_I2C_Read	24	static
platform_I2C.c:69:9:IMU_I2C_Write	24	static
bme280.c:409:8:bme280_get_regs	24	static
bme280.c:1302:15:get_calib_data	48	static
bme280.c:442:8:bme280_set_regs	48	static
bme280.c:793:15:set_osr_humidity_settings	16	static
bme280.c:825:15:set_osr_press_temp_settings	24	static
bme280.c:772:15:set_osr_settings	16	static
bme280.c:856:15:set_filter_standby_settings	24	static
bme280.c:986:15:reload_device_settings	16	static
bme280.c:936:15:write_power_mode	24	static
bme280.c:554:8:bme280_get_sensor_settings	24	static
bme280.c:610:8:bme280_get_sensor_mode	16	static
bme280.c:631:8:bme280_soft_reset	24	static
bme280.c:357:8:bme280_init	24	static
bme280.c:962:15:put_device_to_sleep	24	static
bme280.c:511:8:bme280_set_sensor_settings	24	static
bme280.c:578:8:bme280_set_sensor_mode	24	static
bme280.c:699:6:bme280_parse_sensor_data	4	static
bme280.c:729:8:bme280_compensate_data	24	static
bme280.c:660:8:bme280_get_sensor_data	40	static
bme280_selftest.c:76:8:bme280_crc_selftest	80	static
lsm9ds1_reg.c:65:9:lsm9ds1_read_reg	8	static
lsm9ds1_reg.c:83:9:lsm9ds1_write_reg	8	static
lsm9ds1_reg.c:103:9:lsm9ds1_from_fs2g_to_mg	8	static
lsm9ds1_reg.c:108:9:lsm9ds1_from_fs4g_to_mg	8	static
lsm9ds1_reg.c:113:9:lsm9ds1_from_fs8g_to_mg	8	static
lsm9ds1_reg.c:118:9:lsm9ds1_from_fs16g_to_mg	8	static
lsm9ds1_reg.c:123:9:lsm9ds1_from_fs245dps_to_mdps	8	static
lsm9ds1_reg.c:128:9:lsm9ds1_from_fs500dps_to_mdps	8	static
lsm9ds1_reg.c:133:9:lsm9ds1_from_fs2000dps_to_mdps	8	static
lsm9ds1_reg.c:138:9:lsm9ds1_from_fs4gauss_to_mG	8	static
lsm9ds1_reg.c:143:9:lsm9ds1_from_fs8gauss_to_mG	8	static
lsm9ds1_reg.c:148:9:lsm9ds1_from_fs12gauss_to_mG	8	static
lsm9ds1_reg.c:153:9:lsm9ds1_from_fs16gauss_to_mG	8	static
lsm9ds1_reg.c:158:9:lsm9ds1_from_lsb_to_celsius	8	static
lsm9ds1_reg.c:184:9:lsm9ds1_gy_full_scale_set	24	static
lsm9ds1_reg.c:206:9:lsm9ds1_gy_full_scale_get	16	static
lsm9ds1_reg.c:238:9:lsm9ds1_imu_data_rate_set	32	static
lsm9ds1_reg.c:282:9:lsm9ds1_imu_data_rate_get	32	static
lsm9ds1_reg.c:391:9:lsm9ds1_gy_orient_set	24	static
lsm9ds1_reg.c:416:9:lsm9ds1_gy_orient_get	16	static
lsm9ds1_reg.c:439:9:lsm9ds1_xl_flag_data_ready_get	16	static
lsm9ds1_reg.c:458:9:lsm9ds1_gy_flag_data_ready_get	16	static
lsm9ds1_reg.c:477:9:lsm9ds1_temp_flag_data_ready_get	16	static
lsm9ds1_reg.c:496:9:lsm9ds1_gy_axis_set	24	static
lsm9ds1_reg.c:519:9:lsm9ds1_gy_axis_get	16	static
lsm9ds1_reg.c:540:9:lsm9ds1_xl_axis_set	24	static
lsm9ds1_reg.c:564:9:lsm9ds1_xl_axis_get	16	static
lsm9ds1_reg.c:586:9:lsm9ds1_xl_decimation_set	24	static
lsm9ds1_reg.c:609:9:lsm9ds1_xl_decimation_get	16	static
lsm9ds1_reg.c:644:9:lsm9ds1_xl_full_scale_set	24	static
lsm9ds1_reg.c:667:9:lsm9ds1_xl_full_scale_get	16	static
lsm9ds1_reg.c:703:9:lsm9ds1_block_data_update_set	24	static
lsm9ds1_reg.c:738:9:lsm9ds1_block_data_update_get	24	static
lsm9ds1_reg.c:763:9:lsm9ds1_mag_offset_set	8	static
lsm9ds1_reg.c:780:9:lsm9ds1_mag_offset_get	8	static
lsm9ds1_reg.c:795:9:lsm9ds1_mag_data_rate_set	32	static
lsm9ds1_reg.c:840:9:lsm9ds1_mag_data_rate_get	24	static
lsm9ds1_reg.c:982:9:lsm9ds1_mag_full_scale_set	24	static
lsm9ds1_reg.c:1004:9:lsm9ds1_mag_full_scale_get	16	static
lsm9ds1_reg.c:1038:9:lsm9ds1_mag_flag_data_ready_get	16	static
lsm9ds1_reg.c:1071:9:lsm9ds1_temperature_raw_get	8	static
lsm9ds1_reg.c:1087:9:lsm9ds1_angular_rate_raw_get	8	static
lsm9ds1_reg.c:1103:9:lsm9ds1_acceleration_raw_get	8	static
lsm9ds1_reg.c:1119:9:lsm9ds1_magnetic_raw_get	8	static
lsm9ds1_reg.c:1134:9:lsm9ds1_magnetic_overflow_get	16	static
lsm9ds1_reg.c:1166:9:lsm9ds1_dev_id_get	16	static
lsm9ds1_reg.c:1188:9:lsm9ds1_dev_status_get	16	static
lsm9ds1_reg.c:1212:9:lsm9ds1_dev_reset_set	24	static
lsm9ds1_reg.c:1247:9:lsm9ds1_dev_reset_get	24	static
lsm9ds1_reg.c:1272:9:lsm9ds1_dev_data_format_set	24	static
lsm9ds1_reg.c:1308:9:lsm9ds1_dev_data_format_get	24	static
lsm9ds1_reg.c:1344:9:lsm9ds1_dev_boot_set	24	static
lsm9ds1_reg.c:1379:9:lsm9ds1_dev_boot_get	24	static
lsm9ds1_reg.c:1416:9:lsm9ds1_gy_filter_reference_set	8	static
lsm9ds1_reg.c:1431:9:lsm9ds1_gy_filter_reference_get	8	static
lsm9ds1_reg.c:1446:9:lsm9ds1_gy_filter_lp_bandwidth_set	24	static
lsm9ds1_reg.c:1469:9:lsm9ds1_gy_filter_lp_bandwidth_get	16	static
lsm9ds1_reg.c:1504:9:lsm9ds1_gy_filter_out_path_set	24	static
lsm9ds1_reg.c:1539:9:lsm9ds1_gy_filter_out_path_get	24	static
lsm9ds1_reg.c:1581:9:lsm9ds1_gy_filter_int_path_set	24	static
lsm9ds1_reg.c:1615:9:lsm9ds1_gy_filter_int_path_get	24	static
lsm9ds1_reg.c:1656:9:lsm9ds1_gy_filter_hp_bandwidth_set	24	static
lsm9ds1_reg.c:1679:9:lsm9ds1_gy_filter_hp_bandwidth_get	16	static
lsm9ds1_reg.c:1733:9:lsm9ds1_xl_filter_aalias_bandwidth_set	24	static
lsm9ds1_reg.c:1758:9:lsm9ds1_xl_filter_aalias_bandwidth_get	16	static
lsm9ds1_reg.c:1797:9:lsm9ds1_xl_filter_int_path_set	24	static
lsm9ds1_reg.c:1821:9:lsm9ds1_xl_filter_int_path_get	16	static
lsm9ds1_reg.c:1851:9:lsm9ds1_xl_filter_out_path_set	24	static
lsm9ds1_reg.c:1875:9:lsm9ds1_xl_filter_out_path_get	16	static
lsm9ds1_reg.c:1906:9:lsm9ds1_xl_filter_lp_bandwidth_set	24	static
lsm9ds1_reg.c:1932:9:lsm9ds1_xl_filter_lp_bandwidth_get	16	static
lsm9ds1_reg.c:1972:9:lsm9ds1_xl_filter_hp_bandwidth_set	24	static
lsm9ds1_reg.c:1997:9:lsm9ds1_xl_filter_hp_bandwidth_get	16	static
lsm9ds1_reg.c:2034:9:lsm9ds1_filter_settling_mask_set	24	static
lsm9ds1_reg.c:2055:9:lsm9ds1_filter_settling_mask_get	16	static
lsm9ds1_reg.c:2088:9:lsm9ds1_auto_increment_set	24	static
lsm9ds1_reg.c:2110:9:lsm9ds1_auto_increment_get	16	static
lsm9ds1_reg.c:2129:9:lsm9ds1_spi_mode_set	24	static
lsm9ds1_reg.c:2162:9:lsm9ds1_spi_mode_get	24	static
lsm9ds1_reg.c:2197:9:lsm9ds1_i2c_interface_set	24	static
lsm9ds1_reg.c:2232:9:lsm9ds1_i2c_interface_get	24	static
lsm9ds1_reg.c:2280:9:lsm9ds1_pin_logic_set	24	static
lsm9ds1_reg.c:2314:9:lsm9ds1_pin_logic_get	24	static
lsm9ds1_reg.c:2348:9:lsm9ds1_pin_int1_route_set	24	static
lsm9ds1_reg.c:2377:9:lsm9ds1_pin_int1_route_get	16	static
lsm9ds1_reg.c:2405:9:lsm9ds1_pin_int2_route_set	24	static
lsm9ds1_reg.c:2433:9:lsm9ds1_pin_int2_route_get	16	static
lsm9ds1_reg.c:2460:9:lsm9ds1_pin_notification_set	32	static
lsm9ds1_reg.c:2507:9:lsm9ds1_pin_notification_get	40	static
lsm9ds1_reg.c:2548:9:lsm9ds1_pin_mode_set	24	static
lsm9ds1_reg.c:2569:9:lsm9ds1_pin_mode_get	16	static
lsm9ds1_reg.c:2597:9:lsm9ds1_pin_int_m_route_set	24	static
lsm9ds1_reg.c:2619:9:lsm9ds1_pin_int_m_route_get	16	static
lsm9ds1_reg.c:2640:9:lsm9ds1_pin_polarity_set	24	static
lsm9ds1_reg.c:2677:9:lsm9ds1_pin_polarity_get	24	static
lsm9ds1_reg.c:2726:9:lsm9ds1_xl_trshld_axis_set	24	static
lsm9ds1_reg.c:2756:9:lsm9ds1_xl_trshld_axis_get	16	static
lsm9ds1_reg.c:2782:9:lsm9ds1_xl_trshld_set	8	static
lsm9ds1_reg.c:2797:9:lsm9ds1_xl_trshld_get	8	static
lsm9ds1_reg.c:2812:9:lsm9ds1_xl_trshld_min_sample_set	24	static
lsm9ds1_reg.c:2841:9:lsm9ds1_xl_trshld_min_sample_get	16	static
lsm9ds1_reg.c:2861:9:lsm9ds1_gy_trshld_src_get	16	static
lsm9ds1_reg.c:2888:9:lsm9ds1_xl_trshld_src_get	16	static
lsm9ds1_reg.c:2916:9:lsm9ds1_gy_trshld_axis_set	24	static
lsm9ds1_reg.c:2946:9:lsm9ds1_gy_trshld_axis_get	16	static
lsm9ds1_reg.c:2971:9:lsm9ds1_gy_trshld_mode_set	24	static
lsm9ds1_reg.c:2994:9:lsm9ds1_gy_trshld_mode_get	16	static
lsm9ds1_reg.c:3023:9:lsm9ds1_gy_trshld_x_set	24	static
lsm9ds1_reg.c:3057:9:lsm9ds1_gy_trshld_x_get	24	static
lsm9ds1_reg.c:3084:9:lsm9ds1_gy_trshld_y_set	24	static
lsm9ds1_reg.c:3118:9:lsm9ds1_gy_trshld_y_get	24	static
lsm9ds1_reg.c:3144:9:lsm9ds1_gy_trshld_z_set	24	static
lsm9ds1_reg.c:3178:9:lsm9ds1_gy_trshld_z_get	24	static
lsm9ds1_reg.c:3205:9:lsm9ds1_gy_trshld_min_sample_set	24	static
lsm9ds1_reg.c:3234:9:lsm9ds1_gy_trshld_min_sample_get	16	static
lsm9ds1_reg.c:3254:9:lsm9ds1_mag_trshld_axis_set	24	static
lsm9ds1_reg.c:3279:9:lsm9ds1_mag_trshld_axis_get	16	static
lsm9ds1_reg.c:3301:9:lsm9ds1_mag_trshld_src_get	16	static
lsm9ds1_reg.c:3327:9:lsm9ds1_mag_trshld_get	24	static
lsm9ds1_reg.c:3368:9:lsm9ds1_act_threshold_set	24	static
lsm9ds1_reg.c:3389:9:lsm9ds1_act_threshold_get	16	static
lsm9ds1_reg.c:3408:9:lsm9ds1_act_mode_set	24	static
lsm9ds1_reg.c:3438:9:lsm9ds1_act_mode_get	24	static
lsm9ds1_reg.c:3471:9:lsm9ds1_act_duration_set	8	static
lsm9ds1_reg.c:3486:9:lsm9ds1_act_duration_get	8	static
lsm9ds1_reg.c:3501:9:lsm9ds1_act_src_get	16	static
lsm9ds1_reg.c:3542:9:lsm9ds1_6d_mode_set	24	static
lsm9ds1_reg.c:3576:9:lsm9ds1_6d_mode_get	24	static
lsm9ds1_reg.c:3620:9:lsm9ds1_6d_threshold_set	8	static
lsm9ds1_reg.c:3635:9:lsm9ds1_6d_threshold_get	8	static
lsm9ds1_reg.c:3650:9:lsm9ds1_6d_src_get	16	static
lsm9ds1_reg.c:3690:9:lsm9ds1_fifo_stop_on_wtm_set	24	static
lsm9ds1_reg.c:3712:9:lsm9ds1_fifo_stop_on_wtm_get	16	static
lsm9ds1_reg.c:3731:9:lsm9ds1_fifo_mode_set	24	static
lsm9ds1_reg.c:3760:9:lsm9ds1_fifo_mode_get	24	static
lsm9ds1_reg.c:3805:9:lsm9ds1_fifo_temp_batch_set	24	static
lsm9ds1_reg.c:3826:9:lsm9ds1_fifo_temp_batch_get	16	static
lsm9ds1_reg.c:3845:9:lsm9ds1_fifo_watermark_set	24	static
lsm9ds1_reg.c:3866:9:lsm9ds1_fifo_watermark_get	16	static
lsm9ds1_reg.c:3885:9:lsm9ds1_fifo_full_flag_get	16	static
lsm9ds1_reg.c:3904:9:lsm9ds1_fifo_data_level_get	16	static
lsm9ds1_reg.c:3923:9:lsm9ds1_fifo_ovr_flag_get	16	static
lsm9ds1_reg.c:3942:9:lsm9ds1_fifo_wtm_flag_get	16	static
lsm9ds1_reg.c:3974:9:lsm9ds1_xl_self_test_set	24	static
lsm9ds1_reg.c:3995:9:lsm9ds1_xl_self_test_get	16	static
lsm9ds1_reg.c:4014:9:lsm9ds1_gy_self_test_set	24	static
lsm9ds1_reg.c:4035:9:lsm9ds1_gy_self_test_get	16	static
lsm9ds1_reg.c:4054:9:lsm9ds1_mag_self_test_set	24	static
lsm9ds1_reg.c:4076:9:lsm9ds1_mag_self_test_get	16	static
main.c:140:6:Start_Measuring_Time	8	static
main.c:146:10:Stop_Measuring_Time	8	static
main.c:152:6:Send_Timestamp	40	static
main.c:199:5:main	80	static
