stm32f1xx_hal_msp.c:84:6:HAL_MspInit	8	static
stm32f1xx_hal_msp.c:110:6:HAL_ADC_MspInit	32	static
stm32f1xx_hal_msp.c:145:6:HAL_ADC_MspDeInit	8	static
stm32f1xx_hal_msp.c:175:6:HAL_I2C_MspInit	32	static
stm32f1xx_hal_msp.c:216:6:HAL_I2C_MspDeInit	8	static
stm32f1xx_hal_msp.c:249:6:HAL_RTC_MspInit	16	static
stm32f1xx_hal_msp.c:279:6:HAL_RTC_MspDeInit	8	static
stm32f1xx_hal_msp.c:305:6:HAL_SPI_MspInit	40	static
stm32f1xx_hal_msp.c:350:6:HAL_SPI_MspDeInit	8	static
stm32f1xx_hal_msp.c:383:6:HAL_TIM_Base_MspInit	8	static
stm32f1xx_hal_msp.c:407:6:HAL_TIM_Base_MspDeInit	0	static
stm32f1xx_hal_msp.c:430:6:HAL_UART_MspInit	40	static
stm32f1xx_hal_msp.c:474:6:HAL_UART_MspDeInit	8	static
